Vivado Simulator v2024.1
Copyright 1986-2022 Xilinx, Inc. All Rights Reserved.
Copyright 2022-2024 Advanced Micro Devices, Inc. All Rights Reserved.
Running: C:/Xilinx/Vivado/2024.1/bin/unwrapped/win64.o/xelab.exe --incr --debug typical --relax --mt 2 -L xil_defaultlib -L axi_infrastructure_v1_1_0 -L axi_vip_v1_1_17 -L zynq_ultra_ps_e_vip_v1_0_17 -L lib_cdc_v1_0_3 -L proc_sys_reset_v5_0_15 -L xlconstant_v1_1_9 -L smartconnect_v1_0 -L axi_register_slice_v2_1_31 -L uvm -L xilinx_vip -L unisims_ver -L unimacro_ver -L secureip -L xpm --snapshot system_wrapper_behav xil_defaultlib.system_wrapper xil_defaultlib.glbl -log elaborate.log 
Using 2 slave threads.
Starting static elaboration
Pass Through NonSizing Optimizer
WARNING: [VRFC 10-3091] actual bit length 32 differs from formal bit length 128 for port 'MAXIGP0WDATA' [D:/MPSOC_YOLO/06_vivado/proj/yolo_zcu104.ip_user_files/bd/system/ip/system_zynq_ps_0/sim/system_zynq_ps_0_vip_wrapper.v:314]
WARNING: [VRFC 10-3091] actual bit length 4 differs from formal bit length 16 for port 'MAXIGP0WSTRB' [D:/MPSOC_YOLO/06_vivado/proj/yolo_zcu104.ip_user_files/bd/system/ip/system_zynq_ps_0/sim/system_zynq_ps_0_vip_wrapper.v:322]
WARNING: [VRFC 10-3091] actual bit length 32 differs from formal bit length 128 for port 'MAXIGP0RDATA' [D:/MPSOC_YOLO/06_vivado/proj/yolo_zcu104.ip_user_files/bd/system/ip/system_zynq_ps_0/sim/system_zynq_ps_0_vip_wrapper.v:334]
WARNING: [VRFC 10-3091] actual bit length 12 differs from formal bit length 16 for port 'MAXIGP1BID' [D:/MPSOC_YOLO/06_vivado/proj/yolo_zcu104.ip_user_files/bd/system/ip/system_zynq_ps_0/sim/system_zynq_ps_0_vip_wrapper.v:370]
WARNING: [VRFC 10-3091] actual bit length 12 differs from formal bit length 16 for port 'MAXIGP1RID' [D:/MPSOC_YOLO/06_vivado/proj/yolo_zcu104.ip_user_files/bd/system/ip/system_zynq_ps_0/sim/system_zynq_ps_0_vip_wrapper.v:371]
WARNING: [VRFC 10-3091] actual bit length 32 differs from formal bit length 128 for port 'MAXIGP1RDATA' [D:/MPSOC_YOLO/06_vivado/proj/yolo_zcu104.ip_user_files/bd/system/ip/system_zynq_ps_0/sim/system_zynq_ps_0_vip_wrapper.v:374]
WARNING: [VRFC 10-3091] actual bit length 12 differs from formal bit length 16 for port 'MAXIGP2BID' [D:/MPSOC_YOLO/06_vivado/proj/yolo_zcu104.ip_user_files/bd/system/ip/system_zynq_ps_0/sim/system_zynq_ps_0_vip_wrapper.v:411]
WARNING: [VRFC 10-3091] actual bit length 12 differs from formal bit length 16 for port 'MAXIGP2RID' [D:/MPSOC_YOLO/06_vivado/proj/yolo_zcu104.ip_user_files/bd/system/ip/system_zynq_ps_0/sim/system_zynq_ps_0_vip_wrapper.v:412]
WARNING: [VRFC 10-3091] actual bit length 32 differs from formal bit length 128 for port 'MAXIGP2RDATA' [D:/MPSOC_YOLO/06_vivado/proj/yolo_zcu104.ip_user_files/bd/system/ip/system_zynq_ps_0/sim/system_zynq_ps_0_vip_wrapper.v:415]
WARNING: [VRFC 10-3091] actual bit length 2 differs from formal bit length 1 for port 'SAXIGP0ARLOCK' [D:/MPSOC_YOLO/06_vivado/proj/yolo_zcu104.ip_user_files/bd/system/ip/system_zynq_ps_0/sim/system_zynq_ps_0_vip_wrapper.v:442]
WARNING: [VRFC 10-3091] actual bit length 2 differs from formal bit length 1 for port 'SAXIGP0AWLOCK' [D:/MPSOC_YOLO/06_vivado/proj/yolo_zcu104.ip_user_files/bd/system/ip/system_zynq_ps_0/sim/system_zynq_ps_0_vip_wrapper.v:445]
WARNING: [VRFC 10-3091] actual bit length 32 differs from formal bit length 40 for port 'SAXIGP0ARADDR' [D:/MPSOC_YOLO/06_vivado/proj/yolo_zcu104.ip_user_files/bd/system/ip/system_zynq_ps_0/sim/system_zynq_ps_0_vip_wrapper.v:449]
WARNING: [VRFC 10-3091] actual bit length 32 differs from formal bit length 40 for port 'SAXIGP0AWADDR' [D:/MPSOC_YOLO/06_vivado/proj/yolo_zcu104.ip_user_files/bd/system/ip/system_zynq_ps_0/sim/system_zynq_ps_0_vip_wrapper.v:450]
WARNING: [VRFC 10-3091] actual bit length 32 differs from formal bit length 128 for port 'SAXIGP0WDATA' [D:/MPSOC_YOLO/06_vivado/proj/yolo_zcu104.ip_user_files/bd/system/ip/system_zynq_ps_0/sim/system_zynq_ps_0_vip_wrapper.v:451]
WARNING: [VRFC 10-3091] actual bit length 4 differs from formal bit length 8 for port 'SAXIGP0ARLEN' [D:/MPSOC_YOLO/06_vivado/proj/yolo_zcu104.ip_user_files/bd/system/ip/system_zynq_ps_0/sim/system_zynq_ps_0_vip_wrapper.v:453]
WARNING: [VRFC 10-3091] actual bit length 4 differs from formal bit length 8 for port 'SAXIGP0AWLEN' [D:/MPSOC_YOLO/06_vivado/proj/yolo_zcu104.ip_user_files/bd/system/ip/system_zynq_ps_0/sim/system_zynq_ps_0_vip_wrapper.v:456]
WARNING: [VRFC 10-3091] actual bit length 4 differs from formal bit length 16 for port 'SAXIGP0WSTRB' [D:/MPSOC_YOLO/06_vivado/proj/yolo_zcu104.ip_user_files/bd/system/ip/system_zynq_ps_0/sim/system_zynq_ps_0_vip_wrapper.v:458]
WARNING: [VRFC 10-3091] actual bit length 2 differs from formal bit length 1 for port 'SAXIGP1ARLOCK' [D:/MPSOC_YOLO/06_vivado/proj/yolo_zcu104.ip_user_files/bd/system/ip/system_zynq_ps_0/sim/system_zynq_ps_0_vip_wrapper.v:487]
WARNING: [VRFC 10-3091] actual bit length 2 differs from formal bit length 1 for port 'SAXIGP1AWLOCK' [D:/MPSOC_YOLO/06_vivado/proj/yolo_zcu104.ip_user_files/bd/system/ip/system_zynq_ps_0/sim/system_zynq_ps_0_vip_wrapper.v:490]
WARNING: [VRFC 10-3091] actual bit length 32 differs from formal bit length 40 for port 'SAXIGP1ARADDR' [D:/MPSOC_YOLO/06_vivado/proj/yolo_zcu104.ip_user_files/bd/system/ip/system_zynq_ps_0/sim/system_zynq_ps_0_vip_wrapper.v:494]
WARNING: [VRFC 10-3091] actual bit length 32 differs from formal bit length 40 for port 'SAXIGP1AWADDR' [D:/MPSOC_YOLO/06_vivado/proj/yolo_zcu104.ip_user_files/bd/system/ip/system_zynq_ps_0/sim/system_zynq_ps_0_vip_wrapper.v:495]
WARNING: [VRFC 10-3091] actual bit length 32 differs from formal bit length 128 for port 'SAXIGP1WDATA' [D:/MPSOC_YOLO/06_vivado/proj/yolo_zcu104.ip_user_files/bd/system/ip/system_zynq_ps_0/sim/system_zynq_ps_0_vip_wrapper.v:496]
WARNING: [VRFC 10-3091] actual bit length 4 differs from formal bit length 8 for port 'SAXIGP1ARLEN' [D:/MPSOC_YOLO/06_vivado/proj/yolo_zcu104.ip_user_files/bd/system/ip/system_zynq_ps_0/sim/system_zynq_ps_0_vip_wrapper.v:498]
WARNING: [VRFC 10-3091] actual bit length 4 differs from formal bit length 8 for port 'SAXIGP1AWLEN' [D:/MPSOC_YOLO/06_vivado/proj/yolo_zcu104.ip_user_files/bd/system/ip/system_zynq_ps_0/sim/system_zynq_ps_0_vip_wrapper.v:501]
WARNING: [VRFC 10-3091] actual bit length 4 differs from formal bit length 16 for port 'SAXIGP1WSTRB' [D:/MPSOC_YOLO/06_vivado/proj/yolo_zcu104.ip_user_files/bd/system/ip/system_zynq_ps_0/sim/system_zynq_ps_0_vip_wrapper.v:503]
WARNING: [VRFC 10-3091] actual bit length 1 differs from formal bit length 4 for port 'SAXIGP2RACOUNT' [D:/MPSOC_YOLO/06_vivado/proj/yolo_zcu104.ip_user_files/bd/system/ip/system_zynq_ps_0/sim/system_zynq_ps_0_vip_wrapper.v:510]
WARNING: [VRFC 10-3091] actual bit length 1 differs from formal bit length 4 for port 'SAXIGP2WACOUNT' [D:/MPSOC_YOLO/06_vivado/proj/yolo_zcu104.ip_user_files/bd/system/ip/system_zynq_ps_0/sim/system_zynq_ps_0_vip_wrapper.v:511]
WARNING: [VRFC 10-3091] actual bit length 1 differs from formal bit length 8 for port 'SAXIGP2RCOUNT' [D:/MPSOC_YOLO/06_vivado/proj/yolo_zcu104.ip_user_files/bd/system/ip/system_zynq_ps_0/sim/system_zynq_ps_0_vip_wrapper.v:512]
WARNING: [VRFC 10-3091] actual bit length 1 differs from formal bit length 8 for port 'SAXIGP2WCOUNT' [D:/MPSOC_YOLO/06_vivado/proj/yolo_zcu104.ip_user_files/bd/system/ip/system_zynq_ps_0/sim/system_zynq_ps_0_vip_wrapper.v:513]
WARNING: [VRFC 10-3091] actual bit length 49 differs from formal bit length 40 for port 'SAXIGP2ARADDR' [D:/MPSOC_YOLO/06_vivado/proj/yolo_zcu104.ip_user_files/bd/system/ip/system_zynq_ps_0/sim/system_zynq_ps_0_vip_wrapper.v:539]
WARNING: [VRFC 10-3091] actual bit length 49 differs from formal bit length 40 for port 'SAXIGP2AWADDR' [D:/MPSOC_YOLO/06_vivado/proj/yolo_zcu104.ip_user_files/bd/system/ip/system_zynq_ps_0/sim/system_zynq_ps_0_vip_wrapper.v:540]
WARNING: [VRFC 10-3091] actual bit length 2 differs from formal bit length 1 for port 'SAXIGP3ARLOCK' [D:/MPSOC_YOLO/06_vivado/proj/yolo_zcu104.ip_user_files/bd/system/ip/system_zynq_ps_0/sim/system_zynq_ps_0_vip_wrapper.v:577]
WARNING: [VRFC 10-3091] actual bit length 2 differs from formal bit length 1 for port 'SAXIGP3AWLOCK' [D:/MPSOC_YOLO/06_vivado/proj/yolo_zcu104.ip_user_files/bd/system/ip/system_zynq_ps_0/sim/system_zynq_ps_0_vip_wrapper.v:580]
WARNING: [VRFC 10-3091] actual bit length 32 differs from formal bit length 40 for port 'SAXIGP3ARADDR' [D:/MPSOC_YOLO/06_vivado/proj/yolo_zcu104.ip_user_files/bd/system/ip/system_zynq_ps_0/sim/system_zynq_ps_0_vip_wrapper.v:584]
WARNING: [VRFC 10-3091] actual bit length 32 differs from formal bit length 40 for port 'SAXIGP3AWADDR' [D:/MPSOC_YOLO/06_vivado/proj/yolo_zcu104.ip_user_files/bd/system/ip/system_zynq_ps_0/sim/system_zynq_ps_0_vip_wrapper.v:585]
WARNING: [VRFC 10-3091] actual bit length 32 differs from formal bit length 128 for port 'SAXIGP3WDATA' [D:/MPSOC_YOLO/06_vivado/proj/yolo_zcu104.ip_user_files/bd/system/ip/system_zynq_ps_0/sim/system_zynq_ps_0_vip_wrapper.v:586]
WARNING: [VRFC 10-3091] actual bit length 4 differs from formal bit length 8 for port 'SAXIGP3ARLEN' [D:/MPSOC_YOLO/06_vivado/proj/yolo_zcu104.ip_user_files/bd/system/ip/system_zynq_ps_0/sim/system_zynq_ps_0_vip_wrapper.v:588]
WARNING: [VRFC 10-3091] actual bit length 4 differs from formal bit length 8 for port 'SAXIGP3AWLEN' [D:/MPSOC_YOLO/06_vivado/proj/yolo_zcu104.ip_user_files/bd/system/ip/system_zynq_ps_0/sim/system_zynq_ps_0_vip_wrapper.v:591]
WARNING: [VRFC 10-3091] actual bit length 4 differs from formal bit length 16 for port 'SAXIGP3WSTRB' [D:/MPSOC_YOLO/06_vivado/proj/yolo_zcu104.ip_user_files/bd/system/ip/system_zynq_ps_0/sim/system_zynq_ps_0_vip_wrapper.v:593]
WARNING: [VRFC 10-3091] actual bit length 2 differs from formal bit length 1 for port 'SAXIGP4ARLOCK' [D:/MPSOC_YOLO/06_vivado/proj/yolo_zcu104.ip_user_files/bd/system/ip/system_zynq_ps_0/sim/system_zynq_ps_0_vip_wrapper.v:622]
WARNING: [VRFC 10-3091] actual bit length 2 differs from formal bit length 1 for port 'SAXIGP4AWLOCK' [D:/MPSOC_YOLO/06_vivado/proj/yolo_zcu104.ip_user_files/bd/system/ip/system_zynq_ps_0/sim/system_zynq_ps_0_vip_wrapper.v:625]
WARNING: [VRFC 10-3091] actual bit length 32 differs from formal bit length 40 for port 'SAXIGP4ARADDR' [D:/MPSOC_YOLO/06_vivado/proj/yolo_zcu104.ip_user_files/bd/system/ip/system_zynq_ps_0/sim/system_zynq_ps_0_vip_wrapper.v:629]
WARNING: [VRFC 10-3091] actual bit length 32 differs from formal bit length 40 for port 'SAXIGP4AWADDR' [D:/MPSOC_YOLO/06_vivado/proj/yolo_zcu104.ip_user_files/bd/system/ip/system_zynq_ps_0/sim/system_zynq_ps_0_vip_wrapper.v:630]
WARNING: [VRFC 10-3091] actual bit length 32 differs from formal bit length 128 for port 'SAXIGP4WDATA' [D:/MPSOC_YOLO/06_vivado/proj/yolo_zcu104.ip_user_files/bd/system/ip/system_zynq_ps_0/sim/system_zynq_ps_0_vip_wrapper.v:631]
WARNING: [VRFC 10-3091] actual bit length 4 differs from formal bit length 8 for port 'SAXIGP4ARLEN' [D:/MPSOC_YOLO/06_vivado/proj/yolo_zcu104.ip_user_files/bd/system/ip/system_zynq_ps_0/sim/system_zynq_ps_0_vip_wrapper.v:633]
WARNING: [VRFC 10-3091] actual bit length 4 differs from formal bit length 8 for port 'SAXIGP4AWLEN' [D:/MPSOC_YOLO/06_vivado/proj/yolo_zcu104.ip_user_files/bd/system/ip/system_zynq_ps_0/sim/system_zynq_ps_0_vip_wrapper.v:636]
WARNING: [VRFC 10-3091] actual bit length 4 differs from formal bit length 16 for port 'SAXIGP4WSTRB' [D:/MPSOC_YOLO/06_vivado/proj/yolo_zcu104.ip_user_files/bd/system/ip/system_zynq_ps_0/sim/system_zynq_ps_0_vip_wrapper.v:638]
WARNING: [VRFC 10-3091] actual bit length 2 differs from formal bit length 1 for port 'SAXIGP5ARLOCK' [D:/MPSOC_YOLO/06_vivado/proj/yolo_zcu104.ip_user_files/bd/system/ip/system_zynq_ps_0/sim/system_zynq_ps_0_vip_wrapper.v:667]
WARNING: [VRFC 10-3091] actual bit length 2 differs from formal bit length 1 for port 'SAXIGP5AWLOCK' [D:/MPSOC_YOLO/06_vivado/proj/yolo_zcu104.ip_user_files/bd/system/ip/system_zynq_ps_0/sim/system_zynq_ps_0_vip_wrapper.v:670]
WARNING: [VRFC 10-3091] actual bit length 32 differs from formal bit length 40 for port 'SAXIGP5ARADDR' [D:/MPSOC_YOLO/06_vivado/proj/yolo_zcu104.ip_user_files/bd/system/ip/system_zynq_ps_0/sim/system_zynq_ps_0_vip_wrapper.v:674]
WARNING: [VRFC 10-3091] actual bit length 32 differs from formal bit length 40 for port 'SAXIGP5AWADDR' [D:/MPSOC_YOLO/06_vivado/proj/yolo_zcu104.ip_user_files/bd/system/ip/system_zynq_ps_0/sim/system_zynq_ps_0_vip_wrapper.v:675]
WARNING: [VRFC 10-3091] actual bit length 32 differs from formal bit length 128 for port 'SAXIGP5WDATA' [D:/MPSOC_YOLO/06_vivado/proj/yolo_zcu104.ip_user_files/bd/system/ip/system_zynq_ps_0/sim/system_zynq_ps_0_vip_wrapper.v:676]
WARNING: [VRFC 10-3091] actual bit length 4 differs from formal bit length 8 for port 'SAXIGP5ARLEN' [D:/MPSOC_YOLO/06_vivado/proj/yolo_zcu104.ip_user_files/bd/system/ip/system_zynq_ps_0/sim/system_zynq_ps_0_vip_wrapper.v:678]
WARNING: [VRFC 10-3091] actual bit length 4 differs from formal bit length 8 for port 'SAXIGP5AWLEN' [D:/MPSOC_YOLO/06_vivado/proj/yolo_zcu104.ip_user_files/bd/system/ip/system_zynq_ps_0/sim/system_zynq_ps_0_vip_wrapper.v:681]
WARNING: [VRFC 10-3091] actual bit length 4 differs from formal bit length 16 for port 'SAXIGP5WSTRB' [D:/MPSOC_YOLO/06_vivado/proj/yolo_zcu104.ip_user_files/bd/system/ip/system_zynq_ps_0/sim/system_zynq_ps_0_vip_wrapper.v:683]
WARNING: [VRFC 10-3091] actual bit length 2 differs from formal bit length 1 for port 'SAXIGP6ARLOCK' [D:/MPSOC_YOLO/06_vivado/proj/yolo_zcu104.ip_user_files/bd/system/ip/system_zynq_ps_0/sim/system_zynq_ps_0_vip_wrapper.v:712]
WARNING: [VRFC 10-3091] actual bit length 2 differs from formal bit length 1 for port 'SAXIGP6AWLOCK' [D:/MPSOC_YOLO/06_vivado/proj/yolo_zcu104.ip_user_files/bd/system/ip/system_zynq_ps_0/sim/system_zynq_ps_0_vip_wrapper.v:715]
WARNING: [VRFC 10-3091] actual bit length 32 differs from formal bit length 40 for port 'SAXIGP6ARADDR' [D:/MPSOC_YOLO/06_vivado/proj/yolo_zcu104.ip_user_files/bd/system/ip/system_zynq_ps_0/sim/system_zynq_ps_0_vip_wrapper.v:719]
WARNING: [VRFC 10-3091] actual bit length 32 differs from formal bit length 40 for port 'SAXIGP6AWADDR' [D:/MPSOC_YOLO/06_vivado/proj/yolo_zcu104.ip_user_files/bd/system/ip/system_zynq_ps_0/sim/system_zynq_ps_0_vip_wrapper.v:720]
WARNING: [VRFC 10-3091] actual bit length 32 differs from formal bit length 128 for port 'SAXIGP6WDATA' [D:/MPSOC_YOLO/06_vivado/proj/yolo_zcu104.ip_user_files/bd/system/ip/system_zynq_ps_0/sim/system_zynq_ps_0_vip_wrapper.v:721]
WARNING: [VRFC 10-3091] actual bit length 4 differs from formal bit length 8 for port 'SAXIGP6ARLEN' [D:/MPSOC_YOLO/06_vivado/proj/yolo_zcu104.ip_user_files/bd/system/ip/system_zynq_ps_0/sim/system_zynq_ps_0_vip_wrapper.v:723]
WARNING: [VRFC 10-3091] actual bit length 4 differs from formal bit length 8 for port 'SAXIGP6AWLEN' [D:/MPSOC_YOLO/06_vivado/proj/yolo_zcu104.ip_user_files/bd/system/ip/system_zynq_ps_0/sim/system_zynq_ps_0_vip_wrapper.v:726]
WARNING: [VRFC 10-3091] actual bit length 4 differs from formal bit length 16 for port 'SAXIGP6WSTRB' [D:/MPSOC_YOLO/06_vivado/proj/yolo_zcu104.ip_user_files/bd/system/ip/system_zynq_ps_0/sim/system_zynq_ps_0_vip_wrapper.v:728]
WARNING: [VRFC 10-3091] actual bit length 3 differs from formal bit length 5 for port 'SAXIACPARID' [D:/MPSOC_YOLO/06_vivado/proj/yolo_zcu104.ip_user_files/bd/system/ip/system_zynq_ps_0/sim/system_zynq_ps_0_vip_wrapper.v:749]
WARNING: [VRFC 10-3091] actual bit length 3 differs from formal bit length 5 for port 'SAXIACPAWID' [D:/MPSOC_YOLO/06_vivado/proj/yolo_zcu104.ip_user_files/bd/system/ip/system_zynq_ps_0/sim/system_zynq_ps_0_vip_wrapper.v:751]
WARNING: [VRFC 10-3091] actual bit length 32 differs from formal bit length 40 for port 'SAXIACPARADDR' [D:/MPSOC_YOLO/06_vivado/proj/yolo_zcu104.ip_user_files/bd/system/ip/system_zynq_ps_0/sim/system_zynq_ps_0_vip_wrapper.v:753]
WARNING: [VRFC 10-3091] actual bit length 32 differs from formal bit length 40 for port 'SAXIACPAWADDR' [D:/MPSOC_YOLO/06_vivado/proj/yolo_zcu104.ip_user_files/bd/system/ip/system_zynq_ps_0/sim/system_zynq_ps_0_vip_wrapper.v:754]
WARNING: [VRFC 10-3091] actual bit length 4 differs from formal bit length 8 for port 'SAXIACPARLEN' [D:/MPSOC_YOLO/06_vivado/proj/yolo_zcu104.ip_user_files/bd/system/ip/system_zynq_ps_0/sim/system_zynq_ps_0_vip_wrapper.v:756]
WARNING: [VRFC 10-3091] actual bit length 4 differs from formal bit length 8 for port 'SAXIACPAWLEN' [D:/MPSOC_YOLO/06_vivado/proj/yolo_zcu104.ip_user_files/bd/system/ip/system_zynq_ps_0/sim/system_zynq_ps_0_vip_wrapper.v:759]
WARNING: [VRFC 10-3091] actual bit length 2 differs from formal bit length 1 for port 'SAXIACPARLOCK' [D:/MPSOC_YOLO/06_vivado/proj/yolo_zcu104.ip_user_files/bd/system/ip/system_zynq_ps_0/sim/system_zynq_ps_0_vip_wrapper.v:762]
WARNING: [VRFC 10-3091] actual bit length 2 differs from formal bit length 1 for port 'SAXIACPAWLOCK' [D:/MPSOC_YOLO/06_vivado/proj/yolo_zcu104.ip_user_files/bd/system/ip/system_zynq_ps_0/sim/system_zynq_ps_0_vip_wrapper.v:765]
WARNING: [VRFC 10-3091] actual bit length 5 differs from formal bit length 2 for port 'SAXIACPARUSER' [D:/MPSOC_YOLO/06_vivado/proj/yolo_zcu104.ip_user_files/bd/system/ip/system_zynq_ps_0/sim/system_zynq_ps_0_vip_wrapper.v:767]
WARNING: [VRFC 10-3091] actual bit length 5 differs from formal bit length 2 for port 'SAXIACPAWUSER' [D:/MPSOC_YOLO/06_vivado/proj/yolo_zcu104.ip_user_files/bd/system/ip/system_zynq_ps_0/sim/system_zynq_ps_0_vip_wrapper.v:768]
WARNING: [VRFC 10-3091] actual bit length 64 differs from formal bit length 128 for port 'SAXIACPWDATA' [D:/MPSOC_YOLO/06_vivado/proj/yolo_zcu104.ip_user_files/bd/system/ip/system_zynq_ps_0/sim/system_zynq_ps_0_vip_wrapper.v:769]
WARNING: [VRFC 10-3091] actual bit length 8 differs from formal bit length 16 for port 'SAXIACPWSTRB' [D:/MPSOC_YOLO/06_vivado/proj/yolo_zcu104.ip_user_files/bd/system/ip/system_zynq_ps_0/sim/system_zynq_ps_0_vip_wrapper.v:770]
WARNING: [VRFC 10-3091] actual bit length 1 differs from formal bit length 8 for port 'PLPSIRQ0' [D:/MPSOC_YOLO/06_vivado/proj/yolo_zcu104.ip_user_files/bd/system/ip/system_zynq_ps_0/sim/system_zynq_ps_0_vip_wrapper.v:836]
WARNING: [VRFC 10-3091] actual bit length 32 differs from formal bit length 1 for port 'S_AWREGION' [/scratch/proj/xbuilds/SWIP/2024.1_0522_2023/infra/XSIM/lin/.cxl.ip/incl/zynq_ultra_ps_e_vip_v1_0_17_axi_acp.sv:71]
WARNING: [VRFC 10-3091] actual bit length 32 differs from formal bit length 1 for port 'S_ARREGION' [/scratch/proj/xbuilds/SWIP/2024.1_0522_2023/infra/XSIM/lin/.cxl.ip/incl/zynq_ultra_ps_e_vip_v1_0_17_axi_acp.sv:72]
WARNING: [VRFC 10-3091] actual bit length 32 differs from formal bit length 1 for port 'S_WUSER' [/scratch/proj/xbuilds/SWIP/2024.1_0522_2023/infra/XSIM/lin/.cxl.ip/incl/zynq_ultra_ps_e_vip_v1_0_17_axi_acp.sv:74]
WARNING: [VRFC 10-3091] actual bit length 2 differs from formal bit length 1 for port 's_axi_awuser' [/wrk/ci/prod/2024.1/sw/continuous/35389/packages/customer/vivado/data/ip/xilinx/zynq_ultra_ps_e_vip_v1_0/hdl/zynq_ultra_ps_e_vip_v1_0_vl_rfs.sv:6300]
WARNING: [VRFC 10-3091] actual bit length 1 differs from formal bit length 5 for port 's_axi_wid' [/wrk/ci/prod/2024.1/sw/continuous/35389/packages/customer/vivado/data/ip/xilinx/zynq_ultra_ps_e_vip_v1_0/hdl/zynq_ultra_ps_e_vip_v1_0_vl_rfs.sv:6303]
WARNING: [VRFC 10-3091] actual bit length 2 differs from formal bit length 1 for port 's_axi_aruser' [/wrk/ci/prod/2024.1/sw/continuous/35389/packages/customer/vivado/data/ip/xilinx/zynq_ultra_ps_e_vip_v1_0/hdl/zynq_ultra_ps_e_vip_v1_0_vl_rfs.sv:6325]
WARNING: [VRFC 10-3091] actual bit length 12 differs from formal bit length 5 for port 'm_axi_bid' [/wrk/ci/prod/2024.1/sw/continuous/35389/packages/customer/vivado/data/ip/xilinx/zynq_ultra_ps_e_vip_v1_0/hdl/zynq_ultra_ps_e_vip_v1_0_vl_rfs.sv:6355]
WARNING: [VRFC 10-3091] actual bit length 12 differs from formal bit length 5 for port 'm_axi_rid' [/wrk/ci/prod/2024.1/sw/continuous/35389/packages/customer/vivado/data/ip/xilinx/zynq_ultra_ps_e_vip_v1_0/hdl/zynq_ultra_ps_e_vip_v1_0_vl_rfs.sv:6373]
WARNING: [VRFC 10-3091] actual bit length 32 differs from formal bit length 128 for port 'm_axi_rdata' [/wrk/ci/prod/2024.1/sw/continuous/35389/packages/customer/vivado/data/ip/xilinx/zynq_ultra_ps_e_vip_v1_0/hdl/zynq_ultra_ps_e_vip_v1_0_vl_rfs.sv:6374]
WARNING: [VRFC 10-3091] actual bit length 4 differs from formal bit length 2 for port 'S_RRESP' [/scratch/proj/xbuilds/SWIP/2024.1_0522_2023/infra/XSIM/lin/.cxl.ip/incl/zynq_ultra_ps_e_vip_v1_0_17_axi_ace.sv:64]
WARNING: [VRFC 10-3091] actual bit length 16 differs from formal bit length 15 for port 'S_AWUSER' [/scratch/proj/xbuilds/SWIP/2024.1_0522_2023/infra/XSIM/lin/.cxl.ip/incl/zynq_ultra_ps_e_vip_v1_0_17_axi_ace.sv:73]
WARNING: [VRFC 10-3091] actual bit length 16 differs from formal bit length 15 for port 'S_ARUSER' [/scratch/proj/xbuilds/SWIP/2024.1_0522_2023/infra/XSIM/lin/.cxl.ip/incl/zynq_ultra_ps_e_vip_v1_0_17_axi_ace.sv:76]
WARNING: [VRFC 10-3091] actual bit length 15 differs from formal bit length 1 for port 's_axi_awuser' [/wrk/ci/prod/2024.1/sw/continuous/35389/packages/customer/vivado/data/ip/xilinx/zynq_ultra_ps_e_vip_v1_0/hdl/zynq_ultra_ps_e_vip_v1_0_vl_rfs.sv:4835]
WARNING: [VRFC 10-3091] actual bit length 1 differs from formal bit length 6 for port 's_axi_wid' [/wrk/ci/prod/2024.1/sw/continuous/35389/packages/customer/vivado/data/ip/xilinx/zynq_ultra_ps_e_vip_v1_0/hdl/zynq_ultra_ps_e_vip_v1_0_vl_rfs.sv:4838]
WARNING: [VRFC 10-3091] actual bit length 15 differs from formal bit length 1 for port 's_axi_aruser' [/wrk/ci/prod/2024.1/sw/continuous/35389/packages/customer/vivado/data/ip/xilinx/zynq_ultra_ps_e_vip_v1_0/hdl/zynq_ultra_ps_e_vip_v1_0_vl_rfs.sv:4860]
WARNING: [VRFC 10-3091] actual bit length 12 differs from formal bit length 6 for port 'm_axi_bid' [/wrk/ci/prod/2024.1/sw/continuous/35389/packages/customer/vivado/data/ip/xilinx/zynq_ultra_ps_e_vip_v1_0/hdl/zynq_ultra_ps_e_vip_v1_0_vl_rfs.sv:4890]
WARNING: [VRFC 10-3091] actual bit length 12 differs from formal bit length 6 for port 'm_axi_rid' [/wrk/ci/prod/2024.1/sw/continuous/35389/packages/customer/vivado/data/ip/xilinx/zynq_ultra_ps_e_vip_v1_0/hdl/zynq_ultra_ps_e_vip_v1_0_vl_rfs.sv:4908]
WARNING: [VRFC 10-3091] actual bit length 32 differs from formal bit length 128 for port 'm_axi_rdata' [/wrk/ci/prod/2024.1/sw/continuous/35389/packages/customer/vivado/data/ip/xilinx/zynq_ultra_ps_e_vip_v1_0/hdl/zynq_ultra_ps_e_vip_v1_0_vl_rfs.sv:4909]
WARNING: [VRFC 10-3091] actual bit length 32 differs from formal bit length 1 for port 'S_AWREGION' [/scratch/proj/xbuilds/SWIP/2024.1_0522_2023/infra/XSIM/lin/.cxl.ip/incl/zynq_ultra_ps_e_vip_v1_0_17_axi_gp.sv:72]
WARNING: [VRFC 10-3091] actual bit length 32 differs from formal bit length 1 for port 'S_ARREGION' [/scratch/proj/xbuilds/SWIP/2024.1_0522_2023/infra/XSIM/lin/.cxl.ip/incl/zynq_ultra_ps_e_vip_v1_0_17_axi_gp.sv:73]
WARNING: [VRFC 10-3091] actual bit length 32 differs from formal bit length 1 for port 'S_WUSER' [/scratch/proj/xbuilds/SWIP/2024.1_0522_2023/infra/XSIM/lin/.cxl.ip/incl/zynq_ultra_ps_e_vip_v1_0_17_axi_gp.sv:75]
WARNING: [VRFC 10-3091] actual bit length 32 differs from formal bit length 1 for port 'S_AWREGION' [/scratch/proj/xbuilds/SWIP/2024.1_0522_2023/infra/XSIM/lin/.cxl.ip/incl/zynq_ultra_ps_e_vip_v1_0_17_axi_gp.sv:166]
WARNING: [VRFC 10-3091] actual bit length 32 differs from formal bit length 1 for port 'S_ARREGION' [/scratch/proj/xbuilds/SWIP/2024.1_0522_2023/infra/XSIM/lin/.cxl.ip/incl/zynq_ultra_ps_e_vip_v1_0_17_axi_gp.sv:167]
WARNING: [VRFC 10-3091] actual bit length 32 differs from formal bit length 1 for port 'S_WUSER' [/scratch/proj/xbuilds/SWIP/2024.1_0522_2023/infra/XSIM/lin/.cxl.ip/incl/zynq_ultra_ps_e_vip_v1_0_17_axi_gp.sv:169]
WARNING: [VRFC 10-3091] actual bit length 32 differs from formal bit length 1 for port 'S_AWREGION' [/scratch/proj/xbuilds/SWIP/2024.1_0522_2023/infra/XSIM/lin/.cxl.ip/incl/zynq_ultra_ps_e_vip_v1_0_17_axi_gp.sv:260]
WARNING: [VRFC 10-3091] actual bit length 32 differs from formal bit length 1 for port 'S_ARREGION' [/scratch/proj/xbuilds/SWIP/2024.1_0522_2023/infra/XSIM/lin/.cxl.ip/incl/zynq_ultra_ps_e_vip_v1_0_17_axi_gp.sv:261]
WARNING: [VRFC 10-3091] actual bit length 32 differs from formal bit length 1 for port 'S_WUSER' [/scratch/proj/xbuilds/SWIP/2024.1_0522_2023/infra/XSIM/lin/.cxl.ip/incl/zynq_ultra_ps_e_vip_v1_0_17_axi_gp.sv:263]
WARNING: [VRFC 10-3091] actual bit length 32 differs from formal bit length 1 for port 'S_AWREGION' [/scratch/proj/xbuilds/SWIP/2024.1_0522_2023/infra/XSIM/lin/.cxl.ip/incl/zynq_ultra_ps_e_vip_v1_0_17_axi_gp.sv:354]
WARNING: [VRFC 10-3091] actual bit length 32 differs from formal bit length 1 for port 'S_ARREGION' [/scratch/proj/xbuilds/SWIP/2024.1_0522_2023/infra/XSIM/lin/.cxl.ip/incl/zynq_ultra_ps_e_vip_v1_0_17_axi_gp.sv:355]
WARNING: [VRFC 10-3091] actual bit length 32 differs from formal bit length 1 for port 'S_WUSER' [/scratch/proj/xbuilds/SWIP/2024.1_0522_2023/infra/XSIM/lin/.cxl.ip/incl/zynq_ultra_ps_e_vip_v1_0_17_axi_gp.sv:357]
WARNING: [VRFC 10-3091] actual bit length 32 differs from formal bit length 1 for port 'S_AWREGION' [/scratch/proj/xbuilds/SWIP/2024.1_0522_2023/infra/XSIM/lin/.cxl.ip/incl/zynq_ultra_ps_e_vip_v1_0_17_axi_gp.sv:448]
WARNING: [VRFC 10-3091] actual bit length 32 differs from formal bit length 1 for port 'S_ARREGION' [/scratch/proj/xbuilds/SWIP/2024.1_0522_2023/infra/XSIM/lin/.cxl.ip/incl/zynq_ultra_ps_e_vip_v1_0_17_axi_gp.sv:449]
WARNING: [VRFC 10-3091] actual bit length 32 differs from formal bit length 1 for port 'S_WUSER' [/scratch/proj/xbuilds/SWIP/2024.1_0522_2023/infra/XSIM/lin/.cxl.ip/incl/zynq_ultra_ps_e_vip_v1_0_17_axi_gp.sv:451]
WARNING: [VRFC 10-3091] actual bit length 32 differs from formal bit length 1 for port 'S_AWREGION' [/scratch/proj/xbuilds/SWIP/2024.1_0522_2023/infra/XSIM/lin/.cxl.ip/incl/zynq_ultra_ps_e_vip_v1_0_17_axi_gp.sv:542]
WARNING: [VRFC 10-3091] actual bit length 32 differs from formal bit length 1 for port 'S_ARREGION' [/scratch/proj/xbuilds/SWIP/2024.1_0522_2023/infra/XSIM/lin/.cxl.ip/incl/zynq_ultra_ps_e_vip_v1_0_17_axi_gp.sv:543]
WARNING: [VRFC 10-3091] actual bit length 32 differs from formal bit length 1 for port 'S_WUSER' [/scratch/proj/xbuilds/SWIP/2024.1_0522_2023/infra/XSIM/lin/.cxl.ip/incl/zynq_ultra_ps_e_vip_v1_0_17_axi_gp.sv:545]
WARNING: [VRFC 10-3091] actual bit length 32 differs from formal bit length 1 for port 'S_AWREGION' [/scratch/proj/xbuilds/SWIP/2024.1_0522_2023/infra/XSIM/lin/.cxl.ip/incl/zynq_ultra_ps_e_vip_v1_0_17_axi_gp.sv:636]
WARNING: [VRFC 10-3091] actual bit length 32 differs from formal bit length 1 for port 'S_ARREGION' [/scratch/proj/xbuilds/SWIP/2024.1_0522_2023/infra/XSIM/lin/.cxl.ip/incl/zynq_ultra_ps_e_vip_v1_0_17_axi_gp.sv:637]
WARNING: [VRFC 10-3091] actual bit length 32 differs from formal bit length 1 for port 'S_WUSER' [/scratch/proj/xbuilds/SWIP/2024.1_0522_2023/infra/XSIM/lin/.cxl.ip/incl/zynq_ultra_ps_e_vip_v1_0_17_axi_gp.sv:639]
WARNING: [VRFC 10-3091] actual bit length 128 differs from formal bit length 32 for port 'M_WDATA' [/scratch/proj/xbuilds/SWIP/2024.1_0522_2023/infra/XSIM/lin/.cxl.ip/incl/zynq_ultra_ps_e_vip_v1_0_17_axi_gp.sv:700]
WARNING: [VRFC 10-3091] actual bit length 16 differs from formal bit length 4 for port 'M_WSTRB' [/scratch/proj/xbuilds/SWIP/2024.1_0522_2023/infra/XSIM/lin/.cxl.ip/incl/zynq_ultra_ps_e_vip_v1_0_17_axi_gp.sv:701]
WARNING: [VRFC 10-3091] actual bit length 128 differs from formal bit length 32 for port 'M_RDATA' [/scratch/proj/xbuilds/SWIP/2024.1_0522_2023/infra/XSIM/lin/.cxl.ip/incl/zynq_ultra_ps_e_vip_v1_0_17_axi_gp.sv:723]
WARNING: [VRFC 10-3091] actual bit length 16 differs from formal bit length 1 for port 'M_AWUSER' [/scratch/proj/xbuilds/SWIP/2024.1_0522_2023/infra/XSIM/lin/.cxl.ip/incl/zynq_ultra_ps_e_vip_v1_0_17_axi_gp.sv:733]
WARNING: [VRFC 10-3091] actual bit length 32 differs from formal bit length 1 for port 'M_BUSER' [/scratch/proj/xbuilds/SWIP/2024.1_0522_2023/infra/XSIM/lin/.cxl.ip/incl/zynq_ultra_ps_e_vip_v1_0_17_axi_gp.sv:735]
WARNING: [VRFC 10-3091] actual bit length 16 differs from formal bit length 1 for port 'M_ARUSER' [/scratch/proj/xbuilds/SWIP/2024.1_0522_2023/infra/XSIM/lin/.cxl.ip/incl/zynq_ultra_ps_e_vip_v1_0_17_axi_gp.sv:736]
WARNING: [VRFC 10-3091] actual bit length 32 differs from formal bit length 1 for port 'M_RUSER' [/scratch/proj/xbuilds/SWIP/2024.1_0522_2023/infra/XSIM/lin/.cxl.ip/incl/zynq_ultra_ps_e_vip_v1_0_17_axi_gp.sv:737]
WARNING: [VRFC 10-3091] actual bit length 12 differs from formal bit length 16 for port 's_axi_awid' [/wrk/ci/prod/2024.1/sw/continuous/35389/packages/customer/vivado/data/ip/xilinx/zynq_ultra_ps_e_vip_v1_0/hdl/zynq_ultra_ps_e_vip_v1_0_vl_rfs.sv:7822]
WARNING: [VRFC 10-3091] actual bit length 32 differs from formal bit length 40 for port 's_axi_awaddr' [/wrk/ci/prod/2024.1/sw/continuous/35389/packages/customer/vivado/data/ip/xilinx/zynq_ultra_ps_e_vip_v1_0/hdl/zynq_ultra_ps_e_vip_v1_0_vl_rfs.sv:7823]
WARNING: [VRFC 10-3091] actual bit length 4 differs from formal bit length 8 for port 's_axi_awlen' [/wrk/ci/prod/2024.1/sw/continuous/35389/packages/customer/vivado/data/ip/xilinx/zynq_ultra_ps_e_vip_v1_0/hdl/zynq_ultra_ps_e_vip_v1_0_vl_rfs.sv:7824]
WARNING: [VRFC 10-3091] actual bit length 2 differs from formal bit length 1 for port 's_axi_awlock' [/wrk/ci/prod/2024.1/sw/continuous/35389/packages/customer/vivado/data/ip/xilinx/zynq_ultra_ps_e_vip_v1_0/hdl/zynq_ultra_ps_e_vip_v1_0_vl_rfs.sv:7827]
WARNING: [VRFC 10-3091] actual bit length 12 differs from formal bit length 16 for port 's_axi_wid' [/wrk/ci/prod/2024.1/sw/continuous/35389/packages/customer/vivado/data/ip/xilinx/zynq_ultra_ps_e_vip_v1_0/hdl/zynq_ultra_ps_e_vip_v1_0_vl_rfs.sv:7835]
WARNING: [VRFC 10-3091] actual bit length 12 differs from formal bit length 16 for port 's_axi_arid' [/wrk/ci/prod/2024.1/sw/continuous/35389/packages/customer/vivado/data/ip/xilinx/zynq_ultra_ps_e_vip_v1_0/hdl/zynq_ultra_ps_e_vip_v1_0_vl_rfs.sv:7847]
WARNING: [VRFC 10-3091] actual bit length 32 differs from formal bit length 40 for port 's_axi_araddr' [/wrk/ci/prod/2024.1/sw/continuous/35389/packages/customer/vivado/data/ip/xilinx/zynq_ultra_ps_e_vip_v1_0/hdl/zynq_ultra_ps_e_vip_v1_0_vl_rfs.sv:7848]
WARNING: [VRFC 10-3091] actual bit length 4 differs from formal bit length 8 for port 's_axi_arlen' [/wrk/ci/prod/2024.1/sw/continuous/35389/packages/customer/vivado/data/ip/xilinx/zynq_ultra_ps_e_vip_v1_0/hdl/zynq_ultra_ps_e_vip_v1_0_vl_rfs.sv:7849]
WARNING: [VRFC 10-3091] actual bit length 2 differs from formal bit length 1 for port 's_axi_arlock' [/wrk/ci/prod/2024.1/sw/continuous/35389/packages/customer/vivado/data/ip/xilinx/zynq_ultra_ps_e_vip_v1_0/hdl/zynq_ultra_ps_e_vip_v1_0_vl_rfs.sv:7852]
WARNING: [VRFC 10-3091] actual bit length 16 differs from formal bit length 1 for port 'M_AWUSER' [/scratch/proj/xbuilds/SWIP/2024.1_0522_2023/infra/XSIM/lin/.cxl.ip/incl/zynq_ultra_ps_e_vip_v1_0_17_axi_gp.sv:804]
WARNING: [VRFC 10-3091] actual bit length 32 differs from formal bit length 1 for port 'M_BUSER' [/scratch/proj/xbuilds/SWIP/2024.1_0522_2023/infra/XSIM/lin/.cxl.ip/incl/zynq_ultra_ps_e_vip_v1_0_17_axi_gp.sv:806]
WARNING: [VRFC 10-3091] actual bit length 16 differs from formal bit length 1 for port 'M_ARUSER' [/scratch/proj/xbuilds/SWIP/2024.1_0522_2023/infra/XSIM/lin/.cxl.ip/incl/zynq_ultra_ps_e_vip_v1_0_17_axi_gp.sv:807]
WARNING: [VRFC 10-3091] actual bit length 32 differs from formal bit length 1 for port 'M_RUSER' [/scratch/proj/xbuilds/SWIP/2024.1_0522_2023/infra/XSIM/lin/.cxl.ip/incl/zynq_ultra_ps_e_vip_v1_0_17_axi_gp.sv:808]
WARNING: [VRFC 10-3091] actual bit length 32 differs from formal bit length 128 for port 's_axi_wdata' [/wrk/ci/prod/2024.1/sw/continuous/35389/packages/customer/vivado/data/ip/xilinx/zynq_ultra_ps_e_vip_v1_0/hdl/zynq_ultra_ps_e_vip_v1_0_vl_rfs.sv:7836]
WARNING: [VRFC 10-3091] actual bit length 4 differs from formal bit length 16 for port 's_axi_wstrb' [/wrk/ci/prod/2024.1/sw/continuous/35389/packages/customer/vivado/data/ip/xilinx/zynq_ultra_ps_e_vip_v1_0/hdl/zynq_ultra_ps_e_vip_v1_0_vl_rfs.sv:7837]
WARNING: [VRFC 10-3091] actual bit length 128 differs from formal bit length 32 for port 'M_WDATA' [/scratch/proj/xbuilds/SWIP/2024.1_0522_2023/infra/XSIM/lin/.cxl.ip/incl/zynq_ultra_ps_e_vip_v1_0_17_axi_gp.sv:842]
WARNING: [VRFC 10-3091] actual bit length 16 differs from formal bit length 4 for port 'M_WSTRB' [/scratch/proj/xbuilds/SWIP/2024.1_0522_2023/infra/XSIM/lin/.cxl.ip/incl/zynq_ultra_ps_e_vip_v1_0_17_axi_gp.sv:843]
WARNING: [VRFC 10-3091] actual bit length 128 differs from formal bit length 32 for port 'M_RDATA' [/scratch/proj/xbuilds/SWIP/2024.1_0522_2023/infra/XSIM/lin/.cxl.ip/incl/zynq_ultra_ps_e_vip_v1_0_17_axi_gp.sv:865]
WARNING: [VRFC 10-3091] actual bit length 16 differs from formal bit length 1 for port 'M_AWUSER' [/scratch/proj/xbuilds/SWIP/2024.1_0522_2023/infra/XSIM/lin/.cxl.ip/incl/zynq_ultra_ps_e_vip_v1_0_17_axi_gp.sv:875]
WARNING: [VRFC 10-3091] actual bit length 32 differs from formal bit length 1 for port 'M_BUSER' [/scratch/proj/xbuilds/SWIP/2024.1_0522_2023/infra/XSIM/lin/.cxl.ip/incl/zynq_ultra_ps_e_vip_v1_0_17_axi_gp.sv:877]
WARNING: [VRFC 10-3091] actual bit length 16 differs from formal bit length 1 for port 'M_ARUSER' [/scratch/proj/xbuilds/SWIP/2024.1_0522_2023/infra/XSIM/lin/.cxl.ip/incl/zynq_ultra_ps_e_vip_v1_0_17_axi_gp.sv:878]
WARNING: [VRFC 10-3091] actual bit length 32 differs from formal bit length 1 for port 'M_RUSER' [/scratch/proj/xbuilds/SWIP/2024.1_0522_2023/infra/XSIM/lin/.cxl.ip/incl/zynq_ultra_ps_e_vip_v1_0_17_axi_gp.sv:879]
WARNING: [VRFC 10-3091] actual bit length 1 differs from formal bit length 4 for port 'wr_qos' [/wrk/ci/prod/2024.1/sw/continuous/35389/packages/customer/vivado/data/ip/xilinx/zynq_ultra_ps_e_vip_v1_0/hdl/zynq_ultra_ps_e_vip_v1_0_vl_rfs.sv:3798]
WARNING: [VRFC 10-3091] actual bit length 1 differs from formal bit length 4 for port 'rd_qos' [/wrk/ci/prod/2024.1/sw/continuous/35389/packages/customer/vivado/data/ip/xilinx/zynq_ultra_ps_e_vip_v1_0/hdl/zynq_ultra_ps_e_vip_v1_0_vl_rfs.sv:3805]
WARNING: [VRFC 10-3091] actual bit length 1 differs from formal bit length 4 for port 'wr_qos_1' [/wrk/ci/prod/2024.1/sw/continuous/35389/packages/customer/vivado/data/ip/xilinx/zynq_ultra_ps_e_vip_v1_0/hdl/zynq_ultra_ps_e_vip_v1_0_vl_rfs.sv:3818]
WARNING: [VRFC 10-3091] actual bit length 1 differs from formal bit length 4 for port 'rd_qos_1' [/wrk/ci/prod/2024.1/sw/continuous/35389/packages/customer/vivado/data/ip/xilinx/zynq_ultra_ps_e_vip_v1_0/hdl/zynq_ultra_ps_e_vip_v1_0_vl_rfs.sv:3825]
WARNING: [VRFC 10-5021] port 'mb_reset' is not connected on this instance [D:/MPSOC_YOLO/06_vivado/proj/yolo_zcu104.ip_user_files/bd/system/sim/system.v:153]
WARNING: [VRFC 10-5021] port 'mb_reset' is not connected on this instance [D:/MPSOC_YOLO/06_vivado/proj/yolo_zcu104.ip_user_files/bd/system/ip/system_sc_ctrl_0/bd_0/sim/bd_73a6.v:759]
WARNING: [VRFC 10-5021] port 'mb_reset' is not connected on this instance [D:/MPSOC_YOLO/06_vivado/proj/yolo_zcu104.ip_user_files/bd/system/ip/system_sc_mem_0/bd_0/sim/bd_0182.v:839]
WARNING: [VRFC 10-5021] port 'PSS_ALTO_CORE_PAD_CLK' is not connected on this instance [D:/MPSOC_YOLO/06_vivado/proj/yolo_zcu104.ip_user_files/bd/system/ip/system_zynq_ps_0/sim/system_zynq_ps_0_vip_wrapper.v:267]
WARNING: [VRFC 10-3129] assignment to input 'wr_dv_ddr_acp' [/wrk/ci/prod/2024.1/sw/continuous/35389/packages/customer/vivado/data/ip/xilinx/zynq_ultra_ps_e_vip_v1_0/hdl/zynq_ultra_ps_e_vip_v1_0_vl_rfs.sv:3714]
WARNING: [VRFC 10-3129] assignment to input 'wr_dv_ddr_ace' [/wrk/ci/prod/2024.1/sw/continuous/35389/packages/customer/vivado/data/ip/xilinx/zynq_ultra_ps_e_vip_v1_0/hdl/zynq_ultra_ps_e_vip_v1_0_vl_rfs.sv:3728]
WARNING: [VRFC 10-3129] assignment to input 'wr_dv_ddr_gp0' [/wrk/ci/prod/2024.1/sw/continuous/35389/packages/customer/vivado/data/ip/xilinx/zynq_ultra_ps_e_vip_v1_0/hdl/zynq_ultra_ps_e_vip_v1_0_vl_rfs.sv:3776]
WARNING: [VRFC 10-3129] assignment to input 'wr_dv_ddr_gp1' [/wrk/ci/prod/2024.1/sw/continuous/35389/packages/customer/vivado/data/ip/xilinx/zynq_ultra_ps_e_vip_v1_0/hdl/zynq_ultra_ps_e_vip_v1_0_vl_rfs.sv:3790]
WARNING: [VRFC 10-3129] assignment to input 'wr_dv_ddr_gp6' [/wrk/ci/prod/2024.1/sw/continuous/35389/packages/customer/vivado/data/ip/xilinx/zynq_ultra_ps_e_vip_v1_0/hdl/zynq_ultra_ps_e_vip_v1_0_vl_rfs.sv:3838]
WARNING: [VRFC 10-3129] assignment to input 'wr_dv_ddr_gp3' [/wrk/ci/prod/2024.1/sw/continuous/35389/packages/customer/vivado/data/ip/xilinx/zynq_ultra_ps_e_vip_v1_0/hdl/zynq_ultra_ps_e_vip_v1_0_vl_rfs.sv:3888]
WARNING: [VRFC 10-3129] assignment to input 'wr_dv_ddr_gp4' [/wrk/ci/prod/2024.1/sw/continuous/35389/packages/customer/vivado/data/ip/xilinx/zynq_ultra_ps_e_vip_v1_0/hdl/zynq_ultra_ps_e_vip_v1_0_vl_rfs.sv:3902]
WARNING: [VRFC 10-3129] assignment to input 'wr_dv_acp' [/wrk/ci/prod/2024.1/sw/continuous/35389/packages/customer/vivado/data/ip/xilinx/zynq_ultra_ps_e_vip_v1_0/hdl/zynq_ultra_ps_e_vip_v1_0_vl_rfs.sv:3004]
WARNING: [VRFC 10-3129] assignment to input 'wr_dv_ace' [/wrk/ci/prod/2024.1/sw/continuous/35389/packages/customer/vivado/data/ip/xilinx/zynq_ultra_ps_e_vip_v1_0/hdl/zynq_ultra_ps_e_vip_v1_0_vl_rfs.sv:3018]
WARNING: [VRFC 10-3129] assignment to input 'wr_dv_gp0' [/wrk/ci/prod/2024.1/sw/continuous/35389/packages/customer/vivado/data/ip/xilinx/zynq_ultra_ps_e_vip_v1_0/hdl/zynq_ultra_ps_e_vip_v1_0_vl_rfs.sv:3052]
WARNING: [VRFC 10-3129] assignment to input 'wr_dv_gp1' [/wrk/ci/prod/2024.1/sw/continuous/35389/packages/customer/vivado/data/ip/xilinx/zynq_ultra_ps_e_vip_v1_0/hdl/zynq_ultra_ps_e_vip_v1_0_vl_rfs.sv:3066]
WARNING: [VRFC 10-3129] assignment to input 'wr_dv_gp3' [/wrk/ci/prod/2024.1/sw/continuous/35389/packages/customer/vivado/data/ip/xilinx/zynq_ultra_ps_e_vip_v1_0/hdl/zynq_ultra_ps_e_vip_v1_0_vl_rfs.sv:3115]
WARNING: [VRFC 10-3129] assignment to input 'wr_dv_gp4' [/wrk/ci/prod/2024.1/sw/continuous/35389/packages/customer/vivado/data/ip/xilinx/zynq_ultra_ps_e_vip_v1_0/hdl/zynq_ultra_ps_e_vip_v1_0_vl_rfs.sv:3129]
WARNING: [VRFC 10-3705] select index 4096 into 'wrp_strb' is out of bounds [/wrk/ci/prod/2024.1/sw/continuous/35389/packages/customer/vivado/data/ip/xilinx/zynq_ultra_ps_e_vip_v1_0/hdl/zynq_ultra_ps_e_vip_v1_0_vl_rfs.sv:6968]
WARNING: [VRFC 10-3705] select index 2 into 'wr_fifo_rd_ptr' is out of bounds [/wrk/ci/prod/2024.1/sw/continuous/35389/packages/customer/vivado/data/ip/xilinx/zynq_ultra_ps_e_vip_v1_0/hdl/zynq_ultra_ps_e_vip_v1_0_vl_rfs.sv:7181]
WARNING: [VRFC 10-3705] select index 3 into 'ar_cnt' is out of bounds [/wrk/ci/prod/2024.1/sw/continuous/35389/packages/customer/vivado/data/ip/xilinx/zynq_ultra_ps_e_vip_v1_0/hdl/zynq_ultra_ps_e_vip_v1_0_vl_rfs.sv:7320]
WARNING: [VRFC 10-3705] select index 3 into 'wr_rresp_cnt' is out of bounds [/wrk/ci/prod/2024.1/sw/continuous/35389/packages/customer/vivado/data/ip/xilinx/zynq_ultra_ps_e_vip_v1_0/hdl/zynq_ultra_ps_e_vip_v1_0_vl_rfs.sv:7417]
WARNING: [VRFC 10-3705] select index 3 into 'rd_fifo_wr_ptr' is out of bounds [/wrk/ci/prod/2024.1/sw/continuous/35389/packages/customer/vivado/data/ip/xilinx/zynq_ultra_ps_e_vip_v1_0/hdl/zynq_ultra_ps_e_vip_v1_0_vl_rfs.sv:7436]
WARNING: [VRFC 10-3705] select index 3 into 'rd_cnt' is out of bounds [/wrk/ci/prod/2024.1/sw/continuous/35389/packages/customer/vivado/data/ip/xilinx/zynq_ultra_ps_e_vip_v1_0/hdl/zynq_ultra_ps_e_vip_v1_0_vl_rfs.sv:7577]
WARNING: [VRFC 10-3705] select index 3 into 'rresp_time_cnt' is out of bounds [/wrk/ci/prod/2024.1/sw/continuous/35389/packages/customer/vivado/data/ip/xilinx/zynq_ultra_ps_e_vip_v1_0/hdl/zynq_ultra_ps_e_vip_v1_0_vl_rfs.sv:7582]
WARNING: [VRFC 10-3705] select index 3 into 'rd_fifo_rd_ptr' is out of bounds [/wrk/ci/prod/2024.1/sw/continuous/35389/packages/customer/vivado/data/ip/xilinx/zynq_ultra_ps_e_vip_v1_0/hdl/zynq_ultra_ps_e_vip_v1_0_vl_rfs.sv:7587]
WARNING: [VRFC 10-3705] select index 4096 into 'wrp_strb' is out of bounds [/wrk/ci/prod/2024.1/sw/continuous/35389/packages/customer/vivado/data/ip/xilinx/zynq_ultra_ps_e_vip_v1_0/hdl/zynq_ultra_ps_e_vip_v1_0_vl_rfs.sv:5492]
Completed static elaboration
Starting simulation data flow analysis
WARNING: [XSIM 43-4099] "D:/MPSOC_YOLO/04_rtl/yolo_pkg.sv" Line 2. Module yolo_pkg doesn't have a timescale but at least one module in design has a timescale.
WARNING: [XSIM 43-4099] "D:/MPSOC_YOLO/04_rtl/yolo_pkg.sv" Line 2. Module yolo_pkg doesn't have a timescale but at least one module in design has a timescale.
WARNING: [XSIM 43-4099] "D:/MPSOC_YOLO/04_rtl/yolo_accel_wrap.v" Line 4. Module yolo_accel_wrap doesn't have a timescale but at least one module in design has a timescale.
WARNING: [XSIM 43-4099] "D:/MPSOC_YOLO/04_rtl/yolo_accel.sv" Line 7. Module yolo_accel doesn't have a timescale but at least one module in design has a timescale.
WARNING: [XSIM 43-4099] "D:/MPSOC_YOLO/04_rtl/axil_regs.sv" Line 12. Module axil_regs doesn't have a timescale but at least one module in design has a timescale.
WARNING: [XSIM 43-4099] "D:/MPSOC_YOLO/04_rtl/weight_loader.sv" Line 3. Module weight_loader doesn't have a timescale but at least one module in design has a timescale.
WARNING: [XSIM 43-4099] "D:/MPSOC_YOLO/04_rtl/burst_gen.sv" Line 3. Module burst_gen doesn't have a timescale but at least one module in design has a timescale.
WARNING: [XSIM 43-4099] "D:/MPSOC_YOLO/04_rtl/line_loader.sv" Line 5. Module line_loader doesn't have a timescale but at least one module in design has a timescale.
WARNING: [XSIM 43-4099] "D:/MPSOC_YOLO/04_rtl/burst_gen.sv" Line 3. Module burst_gen doesn't have a timescale but at least one module in design has a timescale.
WARNING: [XSIM 43-4099] "D:/MPSOC_YOLO/04_rtl/sdp_ram.sv" Line 3. Module sdp_ram(LAT=1) doesn't have a timescale but at least one module in design has a timescale.
WARNING: [XSIM 43-4099] "D:/MPSOC_YOLO/04_rtl/conv_engine.sv" Line 7. Module conv_engine_default doesn't have a timescale but at least one module in design has a timescale.
WARNING: [XSIM 43-4099] "D:/MPSOC_YOLO/04_rtl/sdp_ram.sv" Line 3. Module sdp_ram(LG=13) doesn't have a timescale but at least one module in design has a timescale.
WARNING: [XSIM 43-4099] "D:/MPSOC_YOLO/04_rtl/sdp_ram.sv" Line 3. Module sdp_ram(LG=9) doesn't have a timescale but at least one module in design has a timescale.
WARNING: [XSIM 43-4099] "D:/MPSOC_YOLO/04_rtl/sdp_ram.sv" Line 3. Module sdp_ram(LG=9) doesn't have a timescale but at least one module in design has a timescale.
WARNING: [XSIM 43-4099] "D:/MPSOC_YOLO/04_rtl/sdp_ram.sv" Line 3. Module sdp_ram(LG=9) doesn't have a timescale but at least one module in design has a timescale.
WARNING: [XSIM 43-4099] "D:/MPSOC_YOLO/04_rtl/sdp_ram.sv" Line 3. Module sdp_ram(LG=9) doesn't have a timescale but at least one module in design has a timescale.
WARNING: [XSIM 43-4099] "D:/MPSOC_YOLO/04_rtl/sdp_ram.sv" Line 3. Module sdp_ram(LG=9) doesn't have a timescale but at least one module in design has a timescale.
WARNING: [XSIM 43-4099] "D:/MPSOC_YOLO/04_rtl/sdp_ram.sv" Line 3. Module sdp_ram(LG=9) doesn't have a timescale but at least one module in design has a timescale.
WARNING: [XSIM 43-4099] "D:/MPSOC_YOLO/04_rtl/sdp_ram.sv" Line 3. Module sdp_ram(LG=9) doesn't have a timescale but at least one module in design has a timescale.
WARNING: [XSIM 43-4099] "D:/MPSOC_YOLO/04_rtl/sdp_ram.sv" Line 3. Module sdp_ram(LG=9) doesn't have a timescale but at least one module in design has a timescale.
WARNING: [XSIM 43-4099] "D:/MPSOC_YOLO/04_rtl/sdp_ram.sv" Line 3. Module sdp_ram(LG=9) doesn't have a timescale but at least one module in design has a timescale.
WARNING: [XSIM 43-4099] "D:/MPSOC_YOLO/04_rtl/sdp_ram.sv" Line 3. Module sdp_ram(LG=9) doesn't have a timescale but at least one module in design has a timescale.
WARNING: [XSIM 43-4099] "D:/MPSOC_YOLO/04_rtl/sdp_ram.sv" Line 3. Module sdp_ram(LG=9) doesn't have a timescale but at least one module in design has a timescale.
WARNING: [XSIM 43-4099] "D:/MPSOC_YOLO/04_rtl/sdp_ram.sv" Line 3. Module sdp_ram(LG=9) doesn't have a timescale but at least one module in design has a timescale.
WARNING: [XSIM 43-4099] "D:/MPSOC_YOLO/04_rtl/sdp_ram.sv" Line 3. Module sdp_ram(LG=9) doesn't have a timescale but at least one module in design has a timescale.
WARNING: [XSIM 43-4099] "D:/MPSOC_YOLO/04_rtl/sdp_ram.sv" Line 3. Module sdp_ram(LG=9) doesn't have a timescale but at least one module in design has a timescale.
WARNING: [XSIM 43-4099] "D:/MPSOC_YOLO/04_rtl/sdp_ram.sv" Line 3. Module sdp_ram(LG=9) doesn't have a timescale but at least one module in design has a timescale.
WARNING: [XSIM 43-4099] "D:/MPSOC_YOLO/04_rtl/sdp_ram.sv" Line 3. Module sdp_ram(LG=9) doesn't have a timescale but at least one module in design has a timescale.
WARNING: [XSIM 43-4099] "D:/MPSOC_YOLO/04_rtl/sdp_ram.sv" Line 3. Module sdp_ram(LG=9) doesn't have a timescale but at least one module in design has a timescale.
WARNING: [XSIM 43-4099] "D:/MPSOC_YOLO/04_rtl/sdp_ram.sv" Line 3. Module sdp_ram(LG=9) doesn't have a timescale but at least one module in design has a timescale.
WARNING: [XSIM 43-4099] "D:/MPSOC_YOLO/04_rtl/sdp_ram.sv" Line 3. Module sdp_ram(LG=9) doesn't have a timescale but at least one module in design has a timescale.
WARNING: [XSIM 43-4099] "D:/MPSOC_YOLO/04_rtl/sdp_ram.sv" Line 3. Module sdp_ram(LG=9) doesn't have a timescale but at least one module in design has a timescale.
WARNING: [XSIM 43-4099] "D:/MPSOC_YOLO/04_rtl/sdp_ram.sv" Line 3. Module sdp_ram(LG=9) doesn't have a timescale but at least one module in design has a timescale.
WARNING: [XSIM 43-4099] "D:/MPSOC_YOLO/04_rtl/sdp_ram.sv" Line 3. Module sdp_ram(LG=9) doesn't have a timescale but at least one module in design has a timescale.
WARNING: [XSIM 43-4099] "D:/MPSOC_YOLO/04_rtl/sdp_ram.sv" Line 3. Module sdp_ram(LG=9) doesn't have a timescale but at least one module in design has a timescale.
WARNING: [XSIM 43-4099] "D:/MPSOC_YOLO/04_rtl/sdp_ram.sv" Line 3. Module sdp_ram(LG=9) doesn't have a timescale but at least one module in design has a timescale.
WARNING: [XSIM 43-4099] "D:/MPSOC_YOLO/04_rtl/sdp_ram.sv" Line 3. Module sdp_ram(LG=9) doesn't have a timescale but at least one module in design has a timescale.
WARNING: [XSIM 43-4099] "D:/MPSOC_YOLO/04_rtl/sdp_ram.sv" Line 3. Module sdp_ram(LG=9) doesn't have a timescale but at least one module in design has a timescale.
WARNING: [XSIM 43-4099] "D:/MPSOC_YOLO/04_rtl/sdp_ram.sv" Line 3. Module sdp_ram(LG=9) doesn't have a timescale but at least one module in design has a timescale.
WARNING: [XSIM 43-4099] "D:/MPSOC_YOLO/04_rtl/sdp_ram.sv" Line 3. Module sdp_ram(LG=9) doesn't have a timescale but at least one module in design has a timescale.
WARNING: [XSIM 43-4099] "D:/MPSOC_YOLO/04_rtl/sdp_ram.sv" Line 3. Module sdp_ram(LG=9) doesn't have a timescale but at least one module in design has a timescale.
WARNING: [XSIM 43-4099] "D:/MPSOC_YOLO/04_rtl/sdp_ram.sv" Line 3. Module sdp_ram(LG=9) doesn't have a timescale but at least one module in design has a timescale.
WARNING: [XSIM 43-4099] "D:/MPSOC_YOLO/04_rtl/sdp_ram.sv" Line 3. Module sdp_ram(LG=9) doesn't have a timescale but at least one module in design has a timescale.
WARNING: [XSIM 43-4099] "D:/MPSOC_YOLO/04_rtl/sdp_ram.sv" Line 3. Module sdp_ram(LG=9) doesn't have a timescale but at least one module in design has a timescale.
WARNING: [XSIM 43-4099] "D:/MPSOC_YOLO/04_rtl/pe_array.sv" Line 3. Module pe_array doesn't have a timescale but at least one module in design has a timescale.
WARNING: [XSIM 43-4099] "D:/MPSOC_YOLO/04_rtl/epilogue.sv" Line 3. Module epilogue doesn't have a timescale but at least one module in design has a timescale.
WARNING: [XSIM 43-4099] "D:/MPSOC_YOLO/04_rtl/sync_fifo.sv" Line 2. Module sync_fifo doesn't have a timescale but at least one module in design has a timescale.
WARNING: [XSIM 43-4099] "D:/MPSOC_YOLO/04_rtl/writer.sv" Line 5. Module writer doesn't have a timescale but at least one module in design has a timescale.
WARNING: [XSIM 43-4099] "D:/MPSOC_YOLO/04_rtl/yolo_accel_wrap.v" Line 4. Module yolo_accel_wrap doesn't have a timescale but at least one module in design has a timescale.
WARNING: [XSIM 43-4099] "D:/MPSOC_YOLO/04_rtl/yolo_accel.sv" Line 7. Module yolo_accel doesn't have a timescale but at least one module in design has a timescale.
WARNING: [XSIM 43-4099] "D:/MPSOC_YOLO/04_rtl/axil_regs.sv" Line 12. Module axil_regs doesn't have a timescale but at least one module in design has a timescale.
WARNING: [XSIM 43-4099] "D:/MPSOC_YOLO/04_rtl/weight_loader.sv" Line 3. Module weight_loader doesn't have a timescale but at least one module in design has a timescale.
WARNING: [XSIM 43-4099] "D:/MPSOC_YOLO/04_rtl/burst_gen.sv" Line 3. Module burst_gen doesn't have a timescale but at least one module in design has a timescale.
WARNING: [XSIM 43-4099] "D:/MPSOC_YOLO/04_rtl/line_loader.sv" Line 5. Module line_loader doesn't have a timescale but at least one module in design has a timescale.
WARNING: [XSIM 43-4099] "D:/MPSOC_YOLO/04_rtl/burst_gen.sv" Line 3. Module burst_gen doesn't have a timescale but at least one module in design has a timescale.
WARNING: [XSIM 43-4099] "D:/MPSOC_YOLO/04_rtl/sdp_ram.sv" Line 3. Module sdp_ram(LAT=1) doesn't have a timescale but at least one module in design has a timescale.
WARNING: [XSIM 43-4099] "D:/MPSOC_YOLO/04_rtl/conv_engine.sv" Line 7. Module conv_engine_default doesn't have a timescale but at least one module in design has a timescale.
WARNING: [XSIM 43-4099] "D:/MPSOC_YOLO/04_rtl/sdp_ram.sv" Line 3. Module sdp_ram(LG=13) doesn't have a timescale but at least one module in design has a timescale.
WARNING: [XSIM 43-4099] "D:/MPSOC_YOLO/04_rtl/sdp_ram.sv" Line 3. Module sdp_ram(LG=9) doesn't have a timescale but at least one module in design has a timescale.
WARNING: [XSIM 43-4099] "D:/MPSOC_YOLO/04_rtl/sdp_ram.sv" Line 3. Module sdp_ram(LG=9) doesn't have a timescale but at least one module in design has a timescale.
WARNING: [XSIM 43-4099] "D:/MPSOC_YOLO/04_rtl/sdp_ram.sv" Line 3. Module sdp_ram(LG=9) doesn't have a timescale but at least one module in design has a timescale.
WARNING: [XSIM 43-4099] "D:/MPSOC_YOLO/04_rtl/sdp_ram.sv" Line 3. Module sdp_ram(LG=9) doesn't have a timescale but at least one module in design has a timescale.
WARNING: [XSIM 43-4099] "D:/MPSOC_YOLO/04_rtl/sdp_ram.sv" Line 3. Module sdp_ram(LG=9) doesn't have a timescale but at least one module in design has a timescale.
WARNING: [XSIM 43-4099] "D:/MPSOC_YOLO/04_rtl/sdp_ram.sv" Line 3. Module sdp_ram(LG=9) doesn't have a timescale but at least one module in design has a timescale.
WARNING: [XSIM 43-4099] "D:/MPSOC_YOLO/04_rtl/sdp_ram.sv" Line 3. Module sdp_ram(LG=9) doesn't have a timescale but at least one module in design has a timescale.
WARNING: [XSIM 43-4099] "D:/MPSOC_YOLO/04_rtl/sdp_ram.sv" Line 3. Module sdp_ram(LG=9) doesn't have a timescale but at least one module in design has a timescale.
WARNING: [XSIM 43-4099] "D:/MPSOC_YOLO/04_rtl/sdp_ram.sv" Line 3. Module sdp_ram(LG=9) doesn't have a timescale but at least one module in design has a timescale.
WARNING: [XSIM 43-4099] "D:/MPSOC_YOLO/04_rtl/sdp_ram.sv" Line 3. Module sdp_ram(LG=9) doesn't have a timescale but at least one module in design has a timescale.
WARNING: [XSIM 43-4099] "D:/MPSOC_YOLO/04_rtl/sdp_ram.sv" Line 3. Module sdp_ram(LG=9) doesn't have a timescale but at least one module in design has a timescale.
WARNING: [XSIM 43-4099] "D:/MPSOC_YOLO/04_rtl/sdp_ram.sv" Line 3. Module sdp_ram(LG=9) doesn't have a timescale but at least one module in design has a timescale.
WARNING: [XSIM 43-4099] "D:/MPSOC_YOLO/04_rtl/sdp_ram.sv" Line 3. Module sdp_ram(LG=9) doesn't have a timescale but at least one module in design has a timescale.
WARNING: [XSIM 43-4099] "D:/MPSOC_YOLO/04_rtl/sdp_ram.sv" Line 3. Module sdp_ram(LG=9) doesn't have a timescale but at least one module in design has a timescale.
WARNING: [XSIM 43-4099] "D:/MPSOC_YOLO/04_rtl/sdp_ram.sv" Line 3. Module sdp_ram(LG=9) doesn't have a timescale but at least one module in design has a timescale.
WARNING: [XSIM 43-4099] "D:/MPSOC_YOLO/04_rtl/sdp_ram.sv" Line 3. Module sdp_ram(LG=9) doesn't have a timescale but at least one module in design has a timescale.
WARNING: [XSIM 43-4099] "D:/MPSOC_YOLO/04_rtl/sdp_ram.sv" Line 3. Module sdp_ram(LG=9) doesn't have a timescale but at least one module in design has a timescale.
WARNING: [XSIM 43-4099] "D:/MPSOC_YOLO/04_rtl/sdp_ram.sv" Line 3. Module sdp_ram(LG=9) doesn't have a timescale but at least one module in design has a timescale.
WARNING: [XSIM 43-4099] "D:/MPSOC_YOLO/04_rtl/sdp_ram.sv" Line 3. Module sdp_ram(LG=9) doesn't have a timescale but at least one module in design has a timescale.
WARNING: [XSIM 43-4099] "D:/MPSOC_YOLO/04_rtl/sdp_ram.sv" Line 3. Module sdp_ram(LG=9) doesn't have a timescale but at least one module in design has a timescale.
WARNING: [XSIM 43-4099] "D:/MPSOC_YOLO/04_rtl/sdp_ram.sv" Line 3. Module sdp_ram(LG=9) doesn't have a timescale but at least one module in design has a timescale.
WARNING: [XSIM 43-4099] "D:/MPSOC_YOLO/04_rtl/sdp_ram.sv" Line 3. Module sdp_ram(LG=9) doesn't have a timescale but at least one module in design has a timescale.
WARNING: [XSIM 43-4099] "D:/MPSOC_YOLO/04_rtl/sdp_ram.sv" Line 3. Module sdp_ram(LG=9) doesn't have a timescale but at least one module in design has a timescale.
WARNING: [XSIM 43-4099] "D:/MPSOC_YOLO/04_rtl/sdp_ram.sv" Line 3. Module sdp_ram(LG=9) doesn't have a timescale but at least one module in design has a timescale.
WARNING: [XSIM 43-4099] "D:/MPSOC_YOLO/04_rtl/sdp_ram.sv" Line 3. Module sdp_ram(LG=9) doesn't have a timescale but at least one module in design has a timescale.
WARNING: [XSIM 43-4099] "D:/MPSOC_YOLO/04_rtl/sdp_ram.sv" Line 3. Module sdp_ram(LG=9) doesn't have a timescale but at least one module in design has a timescale.
WARNING: [XSIM 43-4099] "D:/MPSOC_YOLO/04_rtl/sdp_ram.sv" Line 3. Module sdp_ram(LG=9) doesn't have a timescale but at least one module in design has a timescale.
WARNING: [XSIM 43-4099] "D:/MPSOC_YOLO/04_rtl/sdp_ram.sv" Line 3. Module sdp_ram(LG=9) doesn't have a timescale but at least one module in design has a timescale.
WARNING: [XSIM 43-4099] "D:/MPSOC_YOLO/04_rtl/sdp_ram.sv" Line 3. Module sdp_ram(LG=9) doesn't have a timescale but at least one module in design has a timescale.
WARNING: [XSIM 43-4099] "D:/MPSOC_YOLO/04_rtl/sdp_ram.sv" Line 3. Module sdp_ram(LG=9) doesn't have a timescale but at least one module in design has a timescale.
WARNING: [XSIM 43-4099] "D:/MPSOC_YOLO/04_rtl/sdp_ram.sv" Line 3. Module sdp_ram(LG=9) doesn't have a timescale but at least one module in design has a timescale.
WARNING: [XSIM 43-4099] "D:/MPSOC_YOLO/04_rtl/sdp_ram.sv" Line 3. Module sdp_ram(LG=9) doesn't have a timescale but at least one module in design has a timescale.
WARNING: [XSIM 43-4099] "D:/MPSOC_YOLO/04_rtl/pe_array.sv" Line 3. Module pe_array doesn't have a timescale but at least one module in design has a timescale.
WARNING: [XSIM 43-4099] "D:/MPSOC_YOLO/04_rtl/epilogue.sv" Line 3. Module epilogue doesn't have a timescale but at least one module in design has a timescale.
WARNING: [XSIM 43-4099] "D:/MPSOC_YOLO/04_rtl/sync_fifo.sv" Line 2. Module sync_fifo doesn't have a timescale but at least one module in design has a timescale.
WARNING: [XSIM 43-4099] "D:/MPSOC_YOLO/04_rtl/writer.sv" Line 5. Module writer doesn't have a timescale but at least one module in design has a timescale.
Completed simulation data flow analysis
Time Resolution for simulation is 1ps
Compiling package std.standard
Compiling package std.textio
Compiling package ieee.std_logic_1164
Compiling package ieee.numeric_std
Compiling package unisim.vcomponents
Compiling package ieee.vital_timing
Compiling package ieee.vital_primitives
Compiling package unisim.vpkg
Compiling package ieee.std_logic_arith
Compiling package synopsys.attributes
Compiling package ieee.std_logic_misc
Compiling package smartconnect_v1_0.sc_util_v1_0_4_pkg
Compiling package xil_defaultlib.yolo_pkg
Compiling package xilinx_vip.axi_vip_pkg
Compiling package xilinx_vip.xil_common_vip_pkg
Compiling package std.std
Compiling architecture fdre_v of entity unisim.FDRE [fdre_default]
Compiling architecture fdre_v of entity unisim.FDRE [\FDRE(init='1')\]
Compiling architecture fdr_v of entity unisim.FDR [fdr_default]
Compiling architecture implementation of entity lib_cdc_v1_0_3.cdc_sync [\cdc_sync(c_vector_width=2,c_mtb...]
Compiling architecture srl16e_v of entity unisim.SRL16E [\SRL16E(init="1111111111111111")...]
Compiling architecture srl16_v of entity unisim.SRL16 [\SRL16(init="1111111111111111")(...]
Compiling architecture imp of entity proc_sys_reset_v5_0_15.lpf [\lpf(c_ext_rst_width=4,c_aux_rst...]
Compiling architecture imp of entity proc_sys_reset_v5_0_15.upcnt_n [\upcnt_n(c_size=6)\]
Compiling architecture imp of entity proc_sys_reset_v5_0_15.sequence_psr [sequence_psr_default]
Compiling architecture imp of entity proc_sys_reset_v5_0_15.proc_sys_reset [\proc_sys_reset(c_family="zynqup...]
Compiling architecture system_rst_pl0_0_arch of entity xil_defaultlib.system_rst_pl0_0 [system_rst_pl0_0_default]
Compiling module xlconstant_v1_1_9.xlconstant_v1_1_9_xlconstant
Compiling module xil_defaultlib.bd_73a6_one_0
Compiling architecture imp of entity proc_sys_reset_v5_0_15.lpf [\lpf(c_ext_rst_width=4,c_aux_rst...]
Compiling architecture imp of entity proc_sys_reset_v5_0_15.proc_sys_reset [\proc_sys_reset(c_family="zynqup...]
Compiling architecture bd_73a6_psr_aclk_0_arch of entity xil_defaultlib.bd_73a6_psr_aclk_0 [bd_73a6_psr_aclk_0_default]
Compiling module xil_defaultlib.clk_map_imp_1MM1RYS
Compiling module xpm.xpm_cdc_async_rst(DEST_SYNC_FF=3...
Compiling module xil_defaultlib.bd_73a6_m00e_0
Compiling module xil_defaultlib.m00_exit_pipeline_imp_C36SR3
Compiling module xil_defaultlib.bd_73a6_m00s2a_0
Compiling module xil_defaultlib.bd_73a6_s00a2s_0
Compiling module xil_defaultlib.bd_73a6_s00mmu_0
Compiling module xil_defaultlib.bd_73a6_s00sic_0
Compiling module xil_defaultlib.bd_73a6_s00tr_0
Compiling module xil_defaultlib.s00_entry_pipeline_imp_1ATB024
Compiling module xil_defaultlib.bd_73a6_sarn_0
Compiling module xil_defaultlib.bd_73a6_sawn_0
Compiling module xil_defaultlib.bd_73a6_sbn_0
Compiling module xil_defaultlib.bd_73a6_srn_0
Compiling module xil_defaultlib.bd_73a6_swn_0
Compiling module xil_defaultlib.s00_nodes_imp_1GFXR86
Compiling module xil_defaultlib.bd_73a6
Compiling module xil_defaultlib.system_sc_ctrl_0
Compiling module xil_defaultlib.bd_0182_one_0
Compiling architecture bd_0182_psr_aclk_0_arch of entity xil_defaultlib.bd_0182_psr_aclk_0 [bd_0182_psr_aclk_0_default]
Compiling module xil_defaultlib.clk_map_imp_9ADCLJ
Compiling module xil_defaultlib.bd_0182_m00e_0
Compiling module xil_defaultlib.m00_exit_pipeline_imp_1OFXE58
Compiling module xil_defaultlib.bd_0182_m00s2a_0
Compiling module xil_defaultlib.bd_0182_s00a2s_0
Compiling module xil_defaultlib.bd_0182_s00mmu_0
Compiling module xil_defaultlib.bd_0182_s00sic_0
Compiling module xil_defaultlib.bd_0182_s00tr_0
Compiling module xil_defaultlib.s00_entry_pipeline_imp_P8Y0V3
Compiling module xpm.xpm_memory_base(MEMORY_TYPE=1,ME...
Compiling module xpm.xpm_memory_sdpram(MEMORY_SIZE=50...
Compiling module xil_defaultlib.bd_0182_sarn_0
Compiling module xil_defaultlib.bd_0182_sawn_0
Compiling module xpm.xpm_memory_base(MEMORY_TYPE=1,ME...
Compiling module xpm.xpm_memory_sdpram(MEMORY_SIZE=76...
Compiling module xil_defaultlib.bd_0182_sbn_0
Compiling module xpm.xpm_memory_base(MEMORY_TYPE=1,ME...
Compiling module xpm.xpm_memory_sdpram(MEMORY_SIZE=53...
Compiling module xil_defaultlib.bd_0182_srn_0
Compiling module xpm.xpm_memory_base(MEMORY_TYPE=1,ME...
Compiling module xpm.xpm_memory_sdpram(MEMORY_SIZE=56...
Compiling module xil_defaultlib.bd_0182_swn_0
Compiling module xil_defaultlib.s00_nodes_imp_LZUAX1
Compiling module xil_defaultlib.bd_0182
Compiling module xil_defaultlib.system_sc_mem_0
Compiling module xil_defaultlib.axil_regs
Compiling module xil_defaultlib.burst_gen
Compiling module xil_defaultlib.weight_loader
Compiling module xil_defaultlib.sdp_ram(LAT=1)
Compiling module xil_defaultlib.line_loader
Compiling module xil_defaultlib.sdp_ram(LG=13)
Compiling module xil_defaultlib.sdp_ram(LG=9)
Compiling module xil_defaultlib.pe_array
Compiling module xil_defaultlib.epilogue
Compiling module xil_defaultlib.sync_fifo
Compiling module xil_defaultlib.conv_engine_default
Compiling module xil_defaultlib.writer
Compiling module xil_defaultlib.yolo_accel
Compiling module xil_defaultlib.yolo_accel_wrap
Compiling module xil_defaultlib.system_yolo_accel_0
Compiling module zynq_ultra_ps_e_vip_v1_0_17.zynq_ultra_ps_e_vip_v1_0_17_gen_...
Compiling module zynq_ultra_ps_e_vip_v1_0_17.zynq_ultra_ps_e_vip_v1_0_17_gen_...
Compiling module zynq_ultra_ps_e_vip_v1_0_17.zynq_ultra_ps_e_vip_v1_0_17_arb_...
Compiling module zynq_ultra_ps_e_vip_v1_0_17.zynq_ultra_ps_e_vip_v1_0_17_arb_...
Compiling module zynq_ultra_ps_e_vip_v1_0_17.zynq_ultra_ps_e_vip_v1_0_17_spar...
Compiling module zynq_ultra_ps_e_vip_v1_0_17.zynq_ultra_ps_e_vip_v1_0_17_ddrc...
Compiling module zynq_ultra_ps_e_vip_v1_0_17.zynq_ultra_ps_e_vip_v1_0_17_ocm_...
Compiling module zynq_ultra_ps_e_vip_v1_0_17.zynq_ultra_ps_e_vip_v1_0_17_ocmc...
Compiling module zynq_ultra_ps_e_vip_v1_0_17.zynq_ultra_ps_e_vip_v1_0_17_reg_...
Compiling module zynq_ultra_ps_e_vip_v1_0_17.zynq_ultra_ps_e_vip_v1_0_17_regc...
Compiling module xilinx_vip.axi_vip_axi4pc(WADDR_WIDTH=40,RA...
Compiling module xilinx_vip.cb
Compiling module xilinx_vip.axi_vip_if(C_AXI_ADDR_WIDTH=40,C...
Compiling module axi_vip_v1_1_17.axi_vip_v1_1_17_top(C_AXI_ADDR_W...
WARNING: [VRFC 10-3705] select index 4096 into 'wrp_strb' is out of bounds [/wrk/ci/prod/2024.1/sw/continuous/35389/packages/customer/vivado/data/ip/xilinx/zynq_ultra_ps_e_vip_v1_0/hdl/zynq_ultra_ps_e_vip_v1_0_vl_rfs.sv:6968]
WARNING: [VRFC 10-3705] select index 2 into 'wr_fifo_rd_ptr' is out of bounds [/wrk/ci/prod/2024.1/sw/continuous/35389/packages/customer/vivado/data/ip/xilinx/zynq_ultra_ps_e_vip_v1_0/hdl/zynq_ultra_ps_e_vip_v1_0_vl_rfs.sv:7181]
WARNING: [VRFC 10-3705] select index 3 into 'ar_cnt' is out of bounds [/wrk/ci/prod/2024.1/sw/continuous/35389/packages/customer/vivado/data/ip/xilinx/zynq_ultra_ps_e_vip_v1_0/hdl/zynq_ultra_ps_e_vip_v1_0_vl_rfs.sv:7320]
WARNING: [VRFC 10-3705] select index 3 into 'wr_rresp_cnt' is out of bounds [/wrk/ci/prod/2024.1/sw/continuous/35389/packages/customer/vivado/data/ip/xilinx/zynq_ultra_ps_e_vip_v1_0/hdl/zynq_ultra_ps_e_vip_v1_0_vl_rfs.sv:7417]
WARNING: [VRFC 10-3705] select index 3 into 'rd_fifo_wr_ptr' is out of bounds [/wrk/ci/prod/2024.1/sw/continuous/35389/packages/customer/vivado/data/ip/xilinx/zynq_ultra_ps_e_vip_v1_0/hdl/zynq_ultra_ps_e_vip_v1_0_vl_rfs.sv:7436]
WARNING: [VRFC 10-3705] select index 3 into 'rd_cnt' is out of bounds [/wrk/ci/prod/2024.1/sw/continuous/35389/packages/customer/vivado/data/ip/xilinx/zynq_ultra_ps_e_vip_v1_0/hdl/zynq_ultra_ps_e_vip_v1_0_vl_rfs.sv:7577]
WARNING: [VRFC 10-3705] select index 3 into 'rresp_time_cnt' is out of bounds [/wrk/ci/prod/2024.1/sw/continuous/35389/packages/customer/vivado/data/ip/xilinx/zynq_ultra_ps_e_vip_v1_0/hdl/zynq_ultra_ps_e_vip_v1_0_vl_rfs.sv:7582]
WARNING: [VRFC 10-3705] select index 3 into 'rd_fifo_rd_ptr' is out of bounds [/wrk/ci/prod/2024.1/sw/continuous/35389/packages/customer/vivado/data/ip/xilinx/zynq_ultra_ps_e_vip_v1_0/hdl/zynq_ultra_ps_e_vip_v1_0_vl_rfs.sv:7587]
Compiling module zynq_ultra_ps_e_vip_v1_0_17.zynq_ultra_ps_e_vip_v1_0_17_axi_...
Compiling module xilinx_vip.axi_vip_axi4pc(WADDR_WIDTH=40,RA...
Compiling module xilinx_vip.cb
Compiling module xilinx_vip.axi_vip_if(C_AXI_ADDR_WIDTH=40,C...
Compiling module axi_vip_v1_1_17.axi_vip_v1_1_17_top(C_AXI_ADDR_W...
WARNING: [VRFC 10-3705] select index 4096 into 'wrp_strb' is out of bounds [/wrk/ci/prod/2024.1/sw/continuous/35389/packages/customer/vivado/data/ip/xilinx/zynq_ultra_ps_e_vip_v1_0/hdl/zynq_ultra_ps_e_vip_v1_0_vl_rfs.sv:5492]
Compiling module zynq_ultra_ps_e_vip_v1_0_17.zynq_ultra_ps_e_vip_v1_0_17_axi_...
Compiling module zynq_ultra_ps_e_vip_v1_0_17.zynq_ultra_ps_e_vip_v1_0_17_axi_...
Compiling module zynq_ultra_ps_e_vip_v1_0_17.zynq_ultra_ps_e_vip_v1_0_17_axi_...
Compiling module zynq_ultra_ps_e_vip_v1_0_17.zynq_ultra_ps_e_vip_v1_0_17_axi_...
Compiling module zynq_ultra_ps_e_vip_v1_0_17.zynq_ultra_ps_e_vip_v1_0_17_axi_...
Compiling module zynq_ultra_ps_e_vip_v1_0_17.zynq_ultra_ps_e_vip_v1_0_17_axi_...
Compiling module zynq_ultra_ps_e_vip_v1_0_17.zynq_ultra_ps_e_vip_v1_0_17_axi_...
Compiling module zynq_ultra_ps_e_vip_v1_0_17.zynq_ultra_ps_e_vip_v1_0_17_axi_...
Compiling module xilinx_vip.axi_vip_axi4pc(WADDR_WIDTH=40,RA...
Compiling module xilinx_vip.cb
Compiling module xilinx_vip.axi_vip_if(C_AXI_ADDR_WIDTH=40,C...
Compiling module axi_vip_v1_1_17.axi_vip_v1_1_17_top(C_AXI_ADDR_W...
Compiling module zynq_ultra_ps_e_vip_v1_0_17.zynq_ultra_ps_e_vip_v1_0_17_axi_...
Compiling module xilinx_vip.axi_vip_axi4pc(WADDR_WIDTH=40,RA...
Compiling module xilinx_vip.cb
Compiling module xilinx_vip.axi_vip_if(C_AXI_ADDR_WIDTH=40,C...
Compiling module axi_vip_v1_1_17.axi_vip_v1_1_17_top(C_AXI_ADDR_W...
Compiling module zynq_ultra_ps_e_vip_v1_0_17.zynq_ultra_ps_e_vip_v1_0_17_axi_...
Compiling module zynq_ultra_ps_e_vip_v1_0_17.zynq_ultra_ps_e_vip_v1_0_17_axi_...
Compiling module zynq_ultra_ps_e_vip_v1_0_17.zynq_ultra_ps_e_vip_v1_0_17_arb_...
Compiling module zynq_ultra_ps_e_vip_v1_0_17.zynq_ultra_ps_e_vip_v1_0_17_arb_...
Compiling module zynq_ultra_ps_e_vip_v1_0_17.zynq_ultra_ps_e_vip_v1_0_17_arb_...
Compiling module zynq_ultra_ps_e_vip_v1_0_17.zynq_ultra_ps_e_vip_v1_0_17_ddr_...
Compiling module zynq_ultra_ps_e_vip_v1_0_17.zynq_ultra_ps_e_vip_v1_0_17_inte...
Compiling module zynq_ultra_ps_e_vip_v1_0_17.zynq_ultra_ps_e_vip_v1_0_17(C_FC...
Compiling module xil_defaultlib.system_zynq_ps_0
Compiling module xil_defaultlib.system
Compiling module xil_defaultlib.system_wrapper
Compiling module xil_defaultlib.glbl
Built simulation snapshot system_wrapper_behav
