Copyright 1986-2022 Xilinx, Inc. All Rights Reserved. Copyright 2022-2024 Advanced Micro Devices, Inc. All Rights Reserved.
---------------------------------------------------------------------------------------------------------------------------------------------
| Tool Version : Vivado v.2024.1 (win64) Build 5076996 Wed May 22 18:37:14 MDT 2024
| Date         : Mon Sep 28 02:10:02 2026
| Host         : Gaurav running 64-bit major release  (build 9200)
| Command      : report_drc -file system_wrapper_drc_routed.rpt -pb system_wrapper_drc_routed.pb -rpx system_wrapper_drc_routed.rpx
| Design       : system_wrapper
| Device       : xczu7ev-ffvc1156-2-e
| Speed File   : -2
| Design State : Fully Routed
---------------------------------------------------------------------------------------------------------------------------------------------

Report DRC

Table of Contents
-----------------
1. REPORT SUMMARY
2. REPORT DETAILS

1. REPORT SUMMARY
-----------------
            Netlist: netlist
          Floorplan: design_1
      Design limits: <entire design considered>
           Ruledeck: default
             Max violations: <unlimited>
             Violations found: 73
+-----------+----------+-----------------------------+------------+
| Rule      | Severity | Description                 | Violations |
+-----------+----------+-----------------------------+------------+
| DPIP-2    | Warning  | Input pipelining            | 66         |
| DPOP-3    | Warning  | PREG Output pipelining      | 2          |
| DPOP-4    | Warning  | MREG Output pipelining      | 3          |
| DPREG-7   | Warning  | DSP48E2_PregDynOpmodeZmuxP: | 1          |
| RTSTAT-10 | Warning  | No routable loads           | 1          |
+-----------+----------+-----------------------------+------------+

2. REPORT DETAILS
-----------------
DPIP-2#1 Warning
Input pipelining  
DSP system_i/yolo_accel/inst/u_core/u_eng/u_ep/g_lane[0].r3_reg input system_i/yolo_accel/inst/u_core/u_eng/u_ep/g_lane[0].r3_reg/A[29:0] is not pipelined. Pipelining DSP48 input will improve performance.
Related violations: <none>

DPIP-2#2 Warning
Input pipelining  
DSP system_i/yolo_accel/inst/u_core/u_eng/u_ep/g_lane[0].r3_reg input system_i/yolo_accel/inst/u_core/u_eng/u_ep/g_lane[0].r3_reg/C[47:0] is not pipelined. Pipelining DSP48 input will improve performance.
Related violations: <none>

DPIP-2#3 Warning
Input pipelining  
DSP system_i/yolo_accel/inst/u_core/u_eng/u_ep/g_lane[10].r3_reg input system_i/yolo_accel/inst/u_core/u_eng/u_ep/g_lane[10].r3_reg/A[29:0] is not pipelined. Pipelining DSP48 input will improve performance.
Related violations: <none>

DPIP-2#4 Warning
Input pipelining  
DSP system_i/yolo_accel/inst/u_core/u_eng/u_ep/g_lane[10].r3_reg input system_i/yolo_accel/inst/u_core/u_eng/u_ep/g_lane[10].r3_reg/C[47:0] is not pipelined. Pipelining DSP48 input will improve performance.
Related violations: <none>

DPIP-2#5 Warning
Input pipelining  
DSP system_i/yolo_accel/inst/u_core/u_eng/u_ep/g_lane[11].r3_reg input system_i/yolo_accel/inst/u_core/u_eng/u_ep/g_lane[11].r3_reg/A[29:0] is not pipelined. Pipelining DSP48 input will improve performance.
Related violations: <none>

DPIP-2#6 Warning
Input pipelining  
DSP system_i/yolo_accel/inst/u_core/u_eng/u_ep/g_lane[11].r3_reg input system_i/yolo_accel/inst/u_core/u_eng/u_ep/g_lane[11].r3_reg/C[47:0] is not pipelined. Pipelining DSP48 input will improve performance.
Related violations: <none>

DPIP-2#7 Warning
Input pipelining  
DSP system_i/yolo_accel/inst/u_core/u_eng/u_ep/g_lane[12].r3_reg input system_i/yolo_accel/inst/u_core/u_eng/u_ep/g_lane[12].r3_reg/A[29:0] is not pipelined. Pipelining DSP48 input will improve performance.
Related violations: <none>

DPIP-2#8 Warning
Input pipelining  
DSP system_i/yolo_accel/inst/u_core/u_eng/u_ep/g_lane[12].r3_reg input system_i/yolo_accel/inst/u_core/u_eng/u_ep/g_lane[12].r3_reg/C[47:0] is not pipelined. Pipelining DSP48 input will improve performance.
Related violations: <none>

DPIP-2#9 Warning
Input pipelining  
DSP system_i/yolo_accel/inst/u_core/u_eng/u_ep/g_lane[13].r3_reg input system_i/yolo_accel/inst/u_core/u_eng/u_ep/g_lane[13].r3_reg/A[29:0] is not pipelined. Pipelining DSP48 input will improve performance.
Related violations: <none>

DPIP-2#10 Warning
Input pipelining  
DSP system_i/yolo_accel/inst/u_core/u_eng/u_ep/g_lane[13].r3_reg input system_i/yolo_accel/inst/u_core/u_eng/u_ep/g_lane[13].r3_reg/C[47:0] is not pipelined. Pipelining DSP48 input will improve performance.
Related violations: <none>

DPIP-2#11 Warning
Input pipelining  
DSP system_i/yolo_accel/inst/u_core/u_eng/u_ep/g_lane[14].r3_reg input system_i/yolo_accel/inst/u_core/u_eng/u_ep/g_lane[14].r3_reg/A[29:0] is not pipelined. Pipelining DSP48 input will improve performance.
Related violations: <none>

DPIP-2#12 Warning
Input pipelining  
DSP system_i/yolo_accel/inst/u_core/u_eng/u_ep/g_lane[14].r3_reg input system_i/yolo_accel/inst/u_core/u_eng/u_ep/g_lane[14].r3_reg/C[47:0] is not pipelined. Pipelining DSP48 input will improve performance.
Related violations: <none>

DPIP-2#13 Warning
Input pipelining  
DSP system_i/yolo_accel/inst/u_core/u_eng/u_ep/g_lane[15].r3_reg input system_i/yolo_accel/inst/u_core/u_eng/u_ep/g_lane[15].r3_reg/A[29:0] is not pipelined. Pipelining DSP48 input will improve performance.
Related violations: <none>

DPIP-2#14 Warning
Input pipelining  
DSP system_i/yolo_accel/inst/u_core/u_eng/u_ep/g_lane[15].r3_reg input system_i/yolo_accel/inst/u_core/u_eng/u_ep/g_lane[15].r3_reg/C[47:0] is not pipelined. Pipelining DSP48 input will improve performance.
Related violations: <none>

DPIP-2#15 Warning
Input pipelining  
DSP system_i/yolo_accel/inst/u_core/u_eng/u_ep/g_lane[16].r3_reg input system_i/yolo_accel/inst/u_core/u_eng/u_ep/g_lane[16].r3_reg/A[29:0] is not pipelined. Pipelining DSP48 input will improve performance.
Related violations: <none>

DPIP-2#16 Warning
Input pipelining  
DSP system_i/yolo_accel/inst/u_core/u_eng/u_ep/g_lane[16].r3_reg input system_i/yolo_accel/inst/u_core/u_eng/u_ep/g_lane[16].r3_reg/C[47:0] is not pipelined. Pipelining DSP48 input will improve performance.
Related violations: <none>

DPIP-2#17 Warning
Input pipelining  
DSP system_i/yolo_accel/inst/u_core/u_eng/u_ep/g_lane[17].r3_reg input system_i/yolo_accel/inst/u_core/u_eng/u_ep/g_lane[17].r3_reg/A[29:0] is not pipelined. Pipelining DSP48 input will improve performance.
Related violations: <none>

DPIP-2#18 Warning
Input pipelining  
DSP system_i/yolo_accel/inst/u_core/u_eng/u_ep/g_lane[17].r3_reg input system_i/yolo_accel/inst/u_core/u_eng/u_ep/g_lane[17].r3_reg/C[47:0] is not pipelined. Pipelining DSP48 input will improve performance.
Related violations: <none>

DPIP-2#19 Warning
Input pipelining  
DSP system_i/yolo_accel/inst/u_core/u_eng/u_ep/g_lane[18].r3_reg input system_i/yolo_accel/inst/u_core/u_eng/u_ep/g_lane[18].r3_reg/A[29:0] is not pipelined. Pipelining DSP48 input will improve performance.
Related violations: <none>

DPIP-2#20 Warning
Input pipelining  
DSP system_i/yolo_accel/inst/u_core/u_eng/u_ep/g_lane[18].r3_reg input system_i/yolo_accel/inst/u_core/u_eng/u_ep/g_lane[18].r3_reg/C[47:0] is not pipelined. Pipelining DSP48 input will improve performance.
Related violations: <none>

DPIP-2#21 Warning
Input pipelining  
DSP system_i/yolo_accel/inst/u_core/u_eng/u_ep/g_lane[19].r3_reg input system_i/yolo_accel/inst/u_core/u_eng/u_ep/g_lane[19].r3_reg/A[29:0] is not pipelined. Pipelining DSP48 input will improve performance.
Related violations: <none>

DPIP-2#22 Warning
Input pipelining  
DSP system_i/yolo_accel/inst/u_core/u_eng/u_ep/g_lane[19].r3_reg input system_i/yolo_accel/inst/u_core/u_eng/u_ep/g_lane[19].r3_reg/C[47:0] is not pipelined. Pipelining DSP48 input will improve performance.
Related violations: <none>

DPIP-2#23 Warning
Input pipelining  
DSP system_i/yolo_accel/inst/u_core/u_eng/u_ep/g_lane[1].r3_reg input system_i/yolo_accel/inst/u_core/u_eng/u_ep/g_lane[1].r3_reg/A[29:0] is not pipelined. Pipelining DSP48 input will improve performance.
Related violations: <none>

DPIP-2#24 Warning
Input pipelining  
DSP system_i/yolo_accel/inst/u_core/u_eng/u_ep/g_lane[1].r3_reg input system_i/yolo_accel/inst/u_core/u_eng/u_ep/g_lane[1].r3_reg/C[47:0] is not pipelined. Pipelining DSP48 input will improve performance.
Related violations: <none>

DPIP-2#25 Warning
Input pipelining  
DSP system_i/yolo_accel/inst/u_core/u_eng/u_ep/g_lane[20].r3_reg input system_i/yolo_accel/inst/u_core/u_eng/u_ep/g_lane[20].r3_reg/A[29:0] is not pipelined. Pipelining DSP48 input will improve performance.
Related violations: <none>

DPIP-2#26 Warning
Input pipelining  
DSP system_i/yolo_accel/inst/u_core/u_eng/u_ep/g_lane[20].r3_reg input system_i/yolo_accel/inst/u_core/u_eng/u_ep/g_lane[20].r3_reg/C[47:0] is not pipelined. Pipelining DSP48 input will improve performance.
Related violations: <none>

DPIP-2#27 Warning
Input pipelining  
DSP system_i/yolo_accel/inst/u_core/u_eng/u_ep/g_lane[21].r3_reg input system_i/yolo_accel/inst/u_core/u_eng/u_ep/g_lane[21].r3_reg/A[29:0] is not pipelined. Pipelining DSP48 input will improve performance.
Related violations: <none>

DPIP-2#28 Warning
Input pipelining  
DSP system_i/yolo_accel/inst/u_core/u_eng/u_ep/g_lane[21].r3_reg input system_i/yolo_accel/inst/u_core/u_eng/u_ep/g_lane[21].r3_reg/C[47:0] is not pipelined. Pipelining DSP48 input will improve performance.
Related violations: <none>

DPIP-2#29 Warning
Input pipelining  
DSP system_i/yolo_accel/inst/u_core/u_eng/u_ep/g_lane[22].r3_reg input system_i/yolo_accel/inst/u_core/u_eng/u_ep/g_lane[22].r3_reg/A[29:0] is not pipelined. Pipelining DSP48 input will improve performance.
Related violations: <none>

DPIP-2#30 Warning
Input pipelining  
DSP system_i/yolo_accel/inst/u_core/u_eng/u_ep/g_lane[22].r3_reg input system_i/yolo_accel/inst/u_core/u_eng/u_ep/g_lane[22].r3_reg/C[47:0] is not pipelined. Pipelining DSP48 input will improve performance.
Related violations: <none>

DPIP-2#31 Warning
Input pipelining  
DSP system_i/yolo_accel/inst/u_core/u_eng/u_ep/g_lane[23].r3_reg input system_i/yolo_accel/inst/u_core/u_eng/u_ep/g_lane[23].r3_reg/A[29:0] is not pipelined. Pipelining DSP48 input will improve performance.
Related violations: <none>

DPIP-2#32 Warning
Input pipelining  
DSP system_i/yolo_accel/inst/u_core/u_eng/u_ep/g_lane[23].r3_reg input system_i/yolo_accel/inst/u_core/u_eng/u_ep/g_lane[23].r3_reg/C[47:0] is not pipelined. Pipelining DSP48 input will improve performance.
Related violations: <none>

DPIP-2#33 Warning
Input pipelining  
DSP system_i/yolo_accel/inst/u_core/u_eng/u_ep/g_lane[24].r3_reg input system_i/yolo_accel/inst/u_core/u_eng/u_ep/g_lane[24].r3_reg/A[29:0] is not pipelined. Pipelining DSP48 input will improve performance.
Related violations: <none>

DPIP-2#34 Warning
Input pipelining  
DSP system_i/yolo_accel/inst/u_core/u_eng/u_ep/g_lane[24].r3_reg input system_i/yolo_accel/inst/u_core/u_eng/u_ep/g_lane[24].r3_reg/C[47:0] is not pipelined. Pipelining DSP48 input will improve performance.
Related violations: <none>

DPIP-2#35 Warning
Input pipelining  
DSP system_i/yolo_accel/inst/u_core/u_eng/u_ep/g_lane[25].r3_reg input system_i/yolo_accel/inst/u_core/u_eng/u_ep/g_lane[25].r3_reg/A[29:0] is not pipelined. Pipelining DSP48 input will improve performance.
Related violations: <none>

DPIP-2#36 Warning
Input pipelining  
DSP system_i/yolo_accel/inst/u_core/u_eng/u_ep/g_lane[25].r3_reg input system_i/yolo_accel/inst/u_core/u_eng/u_ep/g_lane[25].r3_reg/C[47:0] is not pipelined. Pipelining DSP48 input will improve performance.
Related violations: <none>

DPIP-2#37 Warning
Input pipelining  
DSP system_i/yolo_accel/inst/u_core/u_eng/u_ep/g_lane[26].r3_reg input system_i/yolo_accel/inst/u_core/u_eng/u_ep/g_lane[26].r3_reg/A[29:0] is not pipelined. Pipelining DSP48 input will improve performance.
Related violations: <none>

DPIP-2#38 Warning
Input pipelining  
DSP system_i/yolo_accel/inst/u_core/u_eng/u_ep/g_lane[26].r3_reg input system_i/yolo_accel/inst/u_core/u_eng/u_ep/g_lane[26].r3_reg/C[47:0] is not pipelined. Pipelining DSP48 input will improve performance.
Related violations: <none>

DPIP-2#39 Warning
Input pipelining  
DSP system_i/yolo_accel/inst/u_core/u_eng/u_ep/g_lane[27].r3_reg input system_i/yolo_accel/inst/u_core/u_eng/u_ep/g_lane[27].r3_reg/A[29:0] is not pipelined. Pipelining DSP48 input will improve performance.
Related violations: <none>

DPIP-2#40 Warning
Input pipelining  
DSP system_i/yolo_accel/inst/u_core/u_eng/u_ep/g_lane[27].r3_reg input system_i/yolo_accel/inst/u_core/u_eng/u_ep/g_lane[27].r3_reg/C[47:0] is not pipelined. Pipelining DSP48 input will improve performance.
Related violations: <none>

DPIP-2#41 Warning
Input pipelining  
DSP system_i/yolo_accel/inst/u_core/u_eng/u_ep/g_lane[28].r3_reg input system_i/yolo_accel/inst/u_core/u_eng/u_ep/g_lane[28].r3_reg/A[29:0] is not pipelined. Pipelining DSP48 input will improve performance.
Related violations: <none>

DPIP-2#42 Warning
Input pipelining  
DSP system_i/yolo_accel/inst/u_core/u_eng/u_ep/g_lane[28].r3_reg input system_i/yolo_accel/inst/u_core/u_eng/u_ep/g_lane[28].r3_reg/C[47:0] is not pipelined. Pipelining DSP48 input will improve performance.
Related violations: <none>

DPIP-2#43 Warning
Input pipelining  
DSP system_i/yolo_accel/inst/u_core/u_eng/u_ep/g_lane[29].r3_reg input system_i/yolo_accel/inst/u_core/u_eng/u_ep/g_lane[29].r3_reg/A[29:0] is not pipelined. Pipelining DSP48 input will improve performance.
Related violations: <none>

DPIP-2#44 Warning
Input pipelining  
DSP system_i/yolo_accel/inst/u_core/u_eng/u_ep/g_lane[29].r3_reg input system_i/yolo_accel/inst/u_core/u_eng/u_ep/g_lane[29].r3_reg/C[47:0] is not pipelined. Pipelining DSP48 input will improve performance.
Related violations: <none>

DPIP-2#45 Warning
Input pipelining  
DSP system_i/yolo_accel/inst/u_core/u_eng/u_ep/g_lane[2].r3_reg input system_i/yolo_accel/inst/u_core/u_eng/u_ep/g_lane[2].r3_reg/A[29:0] is not pipelined. Pipelining DSP48 input will improve performance.
Related violations: <none>

DPIP-2#46 Warning
Input pipelining  
DSP system_i/yolo_accel/inst/u_core/u_eng/u_ep/g_lane[2].r3_reg input system_i/yolo_accel/inst/u_core/u_eng/u_ep/g_lane[2].r3_reg/C[47:0] is not pipelined. Pipelining DSP48 input will improve performance.
Related violations: <none>

DPIP-2#47 Warning
Input pipelining  
DSP system_i/yolo_accel/inst/u_core/u_eng/u_ep/g_lane[30].r3_reg input system_i/yolo_accel/inst/u_core/u_eng/u_ep/g_lane[30].r3_reg/A[29:0] is not pipelined. Pipelining DSP48 input will improve performance.
Related violations: <none>

DPIP-2#48 Warning
Input pipelining  
DSP system_i/yolo_accel/inst/u_core/u_eng/u_ep/g_lane[30].r3_reg input system_i/yolo_accel/inst/u_core/u_eng/u_ep/g_lane[30].r3_reg/C[47:0] is not pipelined. Pipelining DSP48 input will improve performance.
Related violations: <none>

DPIP-2#49 Warning
Input pipelining  
DSP system_i/yolo_accel/inst/u_core/u_eng/u_ep/g_lane[31].r3_reg input system_i/yolo_accel/inst/u_core/u_eng/u_ep/g_lane[31].r3_reg/A[29:0] is not pipelined. Pipelining DSP48 input will improve performance.
Related violations: <none>

DPIP-2#50 Warning
Input pipelining  
DSP system_i/yolo_accel/inst/u_core/u_eng/u_ep/g_lane[31].r3_reg input system_i/yolo_accel/inst/u_core/u_eng/u_ep/g_lane[31].r3_reg/C[47:0] is not pipelined. Pipelining DSP48 input will improve performance.
Related violations: <none>

DPIP-2#51 Warning
Input pipelining  
DSP system_i/yolo_accel/inst/u_core/u_eng/u_ep/g_lane[3].r3_reg input system_i/yolo_accel/inst/u_core/u_eng/u_ep/g_lane[3].r3_reg/A[29:0] is not pipelined. Pipelining DSP48 input will improve performance.
Related violations: <none>

DPIP-2#52 Warning
Input pipelining  
DSP system_i/yolo_accel/inst/u_core/u_eng/u_ep/g_lane[3].r3_reg input system_i/yolo_accel/inst/u_core/u_eng/u_ep/g_lane[3].r3_reg/C[47:0] is not pipelined. Pipelining DSP48 input will improve performance.
Related violations: <none>

DPIP-2#53 Warning
Input pipelining  
DSP system_i/yolo_accel/inst/u_core/u_eng/u_ep/g_lane[4].r3_reg input system_i/yolo_accel/inst/u_core/u_eng/u_ep/g_lane[4].r3_reg/A[29:0] is not pipelined. Pipelining DSP48 input will improve performance.
Related violations: <none>

DPIP-2#54 Warning
Input pipelining  
DSP system_i/yolo_accel/inst/u_core/u_eng/u_ep/g_lane[4].r3_reg input system_i/yolo_accel/inst/u_core/u_eng/u_ep/g_lane[4].r3_reg/C[47:0] is not pipelined. Pipelining DSP48 input will improve performance.
Related violations: <none>

DPIP-2#55 Warning
Input pipelining  
DSP system_i/yolo_accel/inst/u_core/u_eng/u_ep/g_lane[5].r3_reg input system_i/yolo_accel/inst/u_core/u_eng/u_ep/g_lane[5].r3_reg/A[29:0] is not pipelined. Pipelining DSP48 input will improve performance.
Related violations: <none>

DPIP-2#56 Warning
Input pipelining  
DSP system_i/yolo_accel/inst/u_core/u_eng/u_ep/g_lane[5].r3_reg input system_i/yolo_accel/inst/u_core/u_eng/u_ep/g_lane[5].r3_reg/C[47:0] is not pipelined. Pipelining DSP48 input will improve performance.
Related violations: <none>

DPIP-2#57 Warning
Input pipelining  
DSP system_i/yolo_accel/inst/u_core/u_eng/u_ep/g_lane[6].r3_reg input system_i/yolo_accel/inst/u_core/u_eng/u_ep/g_lane[6].r3_reg/A[29:0] is not pipelined. Pipelining DSP48 input will improve performance.
Related violations: <none>

DPIP-2#58 Warning
Input pipelining  
DSP system_i/yolo_accel/inst/u_core/u_eng/u_ep/g_lane[6].r3_reg input system_i/yolo_accel/inst/u_core/u_eng/u_ep/g_lane[6].r3_reg/C[47:0] is not pipelined. Pipelining DSP48 input will improve performance.
Related violations: <none>

DPIP-2#59 Warning
Input pipelining  
DSP system_i/yolo_accel/inst/u_core/u_eng/u_ep/g_lane[7].r3_reg input system_i/yolo_accel/inst/u_core/u_eng/u_ep/g_lane[7].r3_reg/A[29:0] is not pipelined. Pipelining DSP48 input will improve performance.
Related violations: <none>

DPIP-2#60 Warning
Input pipelining  
DSP system_i/yolo_accel/inst/u_core/u_eng/u_ep/g_lane[7].r3_reg input system_i/yolo_accel/inst/u_core/u_eng/u_ep/g_lane[7].r3_reg/C[47:0] is not pipelined. Pipelining DSP48 input will improve performance.
Related violations: <none>

DPIP-2#61 Warning
Input pipelining  
DSP system_i/yolo_accel/inst/u_core/u_eng/u_ep/g_lane[8].r3_reg input system_i/yolo_accel/inst/u_core/u_eng/u_ep/g_lane[8].r3_reg/A[29:0] is not pipelined. Pipelining DSP48 input will improve performance.
Related violations: <none>

DPIP-2#62 Warning
Input pipelining  
DSP system_i/yolo_accel/inst/u_core/u_eng/u_ep/g_lane[8].r3_reg input system_i/yolo_accel/inst/u_core/u_eng/u_ep/g_lane[8].r3_reg/C[47:0] is not pipelined. Pipelining DSP48 input will improve performance.
Related violations: <none>

DPIP-2#63 Warning
Input pipelining  
DSP system_i/yolo_accel/inst/u_core/u_eng/u_ep/g_lane[9].r3_reg input system_i/yolo_accel/inst/u_core/u_eng/u_ep/g_lane[9].r3_reg/A[29:0] is not pipelined. Pipelining DSP48 input will improve performance.
Related violations: <none>

DPIP-2#64 Warning
Input pipelining  
DSP system_i/yolo_accel/inst/u_core/u_eng/u_ep/g_lane[9].r3_reg input system_i/yolo_accel/inst/u_core/u_eng/u_ep/g_lane[9].r3_reg/C[47:0] is not pipelined. Pipelining DSP48 input will improve performance.
Related violations: <none>

DPIP-2#65 Warning
Input pipelining  
DSP system_i/yolo_accel/inst/u_core/u_wr/rowb0_reg input system_i/yolo_accel/inst/u_core/u_wr/rowb0_reg/A[29:0] is not pipelined. Pipelining DSP48 input will improve performance.
Related violations: <none>

DPIP-2#66 Warning
Input pipelining  
DSP system_i/yolo_accel/inst/u_core/u_wr/rowb1_reg input system_i/yolo_accel/inst/u_core/u_wr/rowb1_reg/A[29:0] is not pipelined. Pipelining DSP48 input will improve performance.
Related violations: <none>

DPOP-3#1 Warning
PREG Output pipelining  
DSP system_i/yolo_accel/inst/u_core/u_ll/row_addr0 output system_i/yolo_accel/inst/u_core/u_ll/row_addr0/P[47:0] is not pipelined (PREG=0). Pipelining the DSP48 output will improve performance and often saves power so it is suggested whenever possible to fully pipeline this function.  If this DSP48 function was inferred, it is suggested to describe an additional register stage after this function.  If the DSP48 was instantiated in the design, it is suggested to set the PREG attribute to 1.
Related violations: <none>

DPOP-3#2 Warning
PREG Output pipelining  
DSP system_i/yolo_accel/inst/u_core/u_ll/row_beats_reg output system_i/yolo_accel/inst/u_core/u_ll/row_beats_reg/P[47:0] is not pipelined (PREG=0). Pipelining the DSP48 output will improve performance and often saves power so it is suggested whenever possible to fully pipeline this function.  If this DSP48 function was inferred, it is suggested to describe an additional register stage after this function.  If the DSP48 was instantiated in the design, it is suggested to set the PREG attribute to 1.
Related violations: <none>

DPOP-4#1 Warning
MREG Output pipelining  
DSP system_i/yolo_accel/inst/u_core/u_eng/s1_lba0 multiplier stage system_i/yolo_accel/inst/u_core/u_eng/s1_lba0/P[47:0] is not pipelined (MREG=0). Pipelining the multiplier function will improve performance and will save significant power so it is suggested whenever possible to fully pipeline this function.  If this multiplier was inferred, it is suggested to describe an additional register stage after this function.  If there is no registered adder/accumulator following the multiply function, two pipeline stages are suggested to allow both the MREG and PREG registers to be used.  If the DSP48 was instantiated in the design, it is suggested to set both the MREG and PREG attributes to 1 when performing multiply functions.
Related violations: <none>

DPOP-4#2 Warning
MREG Output pipelining  
DSP system_i/yolo_accel/inst/u_core/u_wr/rowb0_reg multiplier stage system_i/yolo_accel/inst/u_core/u_wr/rowb0_reg/P[47:0] is not pipelined (MREG=0). Pipelining the multiplier function will improve performance and will save significant power so it is suggested whenever possible to fully pipeline this function.  If this multiplier was inferred, it is suggested to describe an additional register stage after this function.  If there is no registered adder/accumulator following the multiply function, two pipeline stages are suggested to allow both the MREG and PREG registers to be used.  If the DSP48 was instantiated in the design, it is suggested to set both the MREG and PREG attributes to 1 when performing multiply functions.
Related violations: <none>

DPOP-4#3 Warning
MREG Output pipelining  
DSP system_i/yolo_accel/inst/u_core/u_wr/rowb1_reg multiplier stage system_i/yolo_accel/inst/u_core/u_wr/rowb1_reg/P[47:0] is not pipelined (MREG=0). Pipelining the multiplier function will improve performance and will save significant power so it is suggested whenever possible to fully pipeline this function.  If this multiplier was inferred, it is suggested to describe an additional register stage after this function.  If there is no registered adder/accumulator following the multiply function, two pipeline stages are suggested to allow both the MREG and PREG registers to be used.  If the DSP48 was instantiated in the design, it is suggested to set both the MREG and PREG attributes to 1 when performing multiply functions.
Related violations: <none>

DPREG-7#1 Warning
DSP48E2_PregDynOpmodeZmuxP:  
The DSP48E2 cell system_i/yolo_accel/inst/u_core/u_ll/row_beats_reg with the given dynamic OPMODE[8:0] connections may lead to an unregistered asynchronous feedback path without the PREG attribute enabled. Please refer to the user guide and if one of the internal P feedback opmodes is possible for this design the PREG attribute must be set to 1, currently set to 0
Related violations: <none>

RTSTAT-10#1 Warning
No routable loads  
12 net(s) have no routable loads. The problem bus(es) and/or net(s) are system_i/yolo_accel/inst/u_core/u_ll/lb_waddr_reg[10]_0,
system_i/yolo_accel/inst/u_core/u_ll/lb_waddr_reg[10]_1,
system_i/yolo_accel/inst/u_core/u_ll/lb_waddr_reg[10]_2,
system_i/yolo_accel/inst/u_core/u_ll/lb_waddr_reg[10]_3,
system_i/yolo_accel/inst/u_core/u_ll/lb_waddr_reg[11]_0,
system_i/yolo_accel/inst/u_core/u_ll/lb_waddr_reg[11]_1,
system_i/yolo_accel/inst/u_core/u_ll/lb_waddr_reg[11]_2,
system_i/yolo_accel/inst/u_core/u_ll/lb_waddr_reg[11]_3,
system_i/yolo_accel/inst/u_core/u_ll/lb_waddr_reg[11]_4,
system_i/yolo_accel/inst/u_core/u_ll/lb_waddr_reg[12]_0,
system_i/yolo_accel/inst/u_core/u_ll/lb_waddr_reg[12]_1
system_i/yolo_accel/inst/u_core/u_ll/lb_waddr_reg[12]_2.
Related violations: <none>


