#-----------------------------------------------------------
# Vivado v2024.1 (64-bit)
# SW Build 5076996 on Wed May 22 18:37:14 MDT 2024
# IP Build 5075265 on Wed May 22 21:45:21 MDT 2024
# SharedData Build 5076995 on Wed May 22 18:29:18 MDT 2024
# Start of session at: Mon Sep 28 01:25:59 2026
# Process ID: 17288
# Current directory: D:/MPSOC_YOLO/06_vivado
# Command line: vivado.exe -mode batch -notrace -source build.tcl -log D:\MPSOC_YOLO\logs\vivado_build.log -journal D:\MPSOC_YOLO\logs\vivado_build.jou
# Log file: D:/MPSOC_YOLO/logs/vivado_build.log
# Journal file: D:\MPSOC_YOLO\logs\vivado_build.jou
# Running On        :Gaurav
# Platform          :Windows Server 2016 or Windows 10
# Operating System  :26200
# Processor Detail  :13th Gen Intel(R) Core(TM) i5-13420H
# CPU Frequency     :2611 MHz
# CPU Physical cores:8
# CPU Logical cores :12
# Host memory       :16802 MB
# Swap memory       :8952 MB
# Total Virtual     :25755 MB
# Available Virtual :14070 MB
#-----------------------------------------------------------
source build.tcl -notrace
create_project: Time (s): cpu = 00:00:14 ; elapsed = 00:00:15 . Memory (MB): peak = 918.180 ; gain = 604.637
INFO: board part xilinx.com:zcu104:part0:1.1
Wrote  : <D:\MPSOC_YOLO\06_vivado\proj\yolo_zcu104.srcs\sources_1\bd\system\system.bd> 
INFO: [PSU-1]  DP_AUDIO clock source: RPLL is also being used by other peripheral clocks. Their outputs may get impacted if any driver changes DP_AUDIO PLL source to support runtime audio change 
INFO: [PSU-1]  DP_AUDIO clock source: RPLL is also being used by other peripheral clocks. Their outputs may get impacted if any driver changes DP_AUDIO PLL source to support runtime audio change 
PLCLK: requested 200 MHz, PS actual 187.500000 MHz
INFO: [PSU-1]  DP_AUDIO clock source: RPLL is also being used by other peripheral clocks. Their outputs may get impacted if any driver changes DP_AUDIO PLL source to support runtime audio change 
PLCLK: 200 MHz not exact -> requested 187.5 MHz, PS actual 187.500000 MHz
INFO: [IP_Flow 19-5107] Inferred bus interface 'aclk' of definition 'xilinx.com:signal:clock:1.0' (from X_INTERFACE_INFO parameter from HDL file).
INFO: [IP_Flow 19-5107] Inferred bus interface 'aclk' of definition 'xilinx.com:signal:clock:1.0' (from 'X_INTERFACE_INFO' attribute).
INFO: [IP_Flow 19-5107] Inferred bus interface 'aresetn' of definition 'xilinx.com:signal:reset:1.0' (from X_INTERFACE_INFO parameter from HDL file).
INFO: [IP_Flow 19-5107] Inferred bus interface 'aresetn' of definition 'xilinx.com:signal:reset:1.0' (from 'X_INTERFACE_INFO' attribute).
INFO: [IP_Flow 19-5107] Inferred bus interface 'irq' of definition 'xilinx.com:signal:interrupt:1.0' (from X_INTERFACE_INFO parameter from HDL file).
INFO: [IP_Flow 19-5107] Inferred bus interface 'irq' of definition 'xilinx.com:signal:interrupt:1.0' (from 'X_INTERFACE_INFO' attribute).
INFO: [IP_Flow 19-5107] Inferred bus interface 'm_axi' of definition 'xilinx.com:interface:aximm:1.0' (from Xilinx Repository).
INFO: [IP_Flow 19-5107] Inferred bus interface 's_axi' of definition 'xilinx.com:interface:aximm:1.0' (from Xilinx Repository).
INFO: [IP_Flow 19-4728] Bus Interface 'aclk': Added interface parameter 'ASSOCIATED_BUSIF' with value 'm_axi'.
INFO: [IP_Flow 19-4728] Bus Interface 'aclk': Added interface parameter 'ASSOCIATED_RESET' with value 'aresetn'.
INFO: [IP_Flow 19-4728] Bus Interface 'aresetn': Added interface parameter 'POLARITY' with value 'ACTIVE_LOW'.
INFO: [IP_Flow 19-4728] Bus Interface 'irq': Added interface parameter 'SENSITIVITY' with value 'LEVEL_HIGH'.
WARNING: [IP_Flow 19-11770] Clock interface 'aclk' has no FREQ_HZ parameter.
PLCLK: pl_clk0 FREQ_HZ = 187500000
INFO: [BD 41-3093] Triggering Legacy Auto Assign Algorithm
Slave segment '/zynq_ps/SAXIGP2/HP0_DDR_LOW' is being assigned into address space '/yolo_accel/m_axi' at <0x0000_0000 [ 2G ]>.
Slave segment '/zynq_ps/SAXIGP2/HP0_QSPI' is being assigned into address space '/yolo_accel/m_axi' at <0xC000_0000 [ 512M ]>.
Slave segment '/yolo_accel/s_axi/reg0' is being assigned into address space '/zynq_ps/Data' at <0xA000_0000 [ 4K ]>.
Slave segment '/zynq_ps/SAXIGP2/HP0_LPS_OCM' is being assigned into address space '/yolo_accel/m_axi' at <0xFF00_0000 [ 16M ]>.
Excluding slave segment /zynq_ps/SAXIGP2/HP0_QSPI from address space /yolo_accel/m_axi.
Excluding slave segment /zynq_ps/SAXIGP2/HP0_LPS_OCM from address space /yolo_accel/m_axi.
WARNING: [BD 41-1629] Slave segment </zynq_ps/SAXIGP2/HP0_QSPI> is excluded from all addressing paths.
WARNING: [BD 41-1629] Slave segment </zynq_ps/SAXIGP2/HP0_LPS_OCM> is excluded from all addressing paths.
Excluding slave segment /zynq_ps/SAXIGP2/HP0_LPS_OCM from address space /yolo_accel/m_axi.
Excluding slave segment /zynq_ps/SAXIGP2/HP0_QSPI from address space /yolo_accel/m_axi.
Excluding slave segment /zynq_ps/SAXIGP2/HP0_LPS_OCM from address space /yolo_accel/m_axi.
Excluding slave segment /zynq_ps/SAXIGP2/HP0_QSPI from address space /yolo_accel/m_axi.
INFO: [PSU-1]  DP_AUDIO clock source: RPLL is also being used by other peripheral clocks. Their outputs may get impacted if any driver changes DP_AUDIO PLL source to support runtime audio change 
INFO: [BD 5-943] Reserving offset range <0xA000_0000 [ 4K ]> from slave interface '/sc_ctrl/S00_AXI' to master interface '/sc_ctrl/M00_AXI'. This will be used by smartconnect on path for routing.
INFO: [xilinx.com:ip:smartconnect:1.0-1] system_sc_ctrl_0: SmartConnect system_sc_ctrl_0 is in Low-Area Mode.
WARNING: [xilinx.com:ip:smartconnect:1.0-1] system_sc_ctrl_0: IP system_sc_ctrl_0 is configured in Low-area mode as all propagated traffic is low-bandwidth (AXI4LITE). SI S00_AXI has property HAS_BURST == 1. WRAP bursts are not supported in Low-area mode and will result in DECERR if received.
WARNING: [xilinx.com:ip:smartconnect:1.0-1] system_sc_ctrl_0: If WRAP transactions are required then turn off Low-area mode using ADVANCED_PROPERTIES. Execute following: set_property CONFIG.ADVANCED_PROPERTIES {__experimental_features__ {disable_low_area_mode 1}} [get_bd_cells /system_sc_ctrl_0]
INFO: [BD 5-943] Reserving offset range <0x0000_0000 [ 2G ]> from slave interface '/sc_mem/S00_AXI' to master interface '/sc_mem/M00_AXI'. This will be used by smartconnect on path for routing.
INFO: [xilinx.com:ip:smartconnect:1.0-1] system_sc_mem_0: SmartConnect system_sc_mem_0 is in High-performance Mode.
Excluding slave segment /zynq_ps/SAXIGP2/HP0_LPS_OCM from address space /yolo_accel/m_axi.
Excluding slave segment /zynq_ps/SAXIGP2/HP0_QSPI from address space /yolo_accel/m_axi.
Excluding slave segment /zynq_ps/SAXIGP2/HP0_LPS_OCM from address space /yolo_accel/m_axi.
Excluding slave segment /zynq_ps/SAXIGP2/HP0_QSPI from address space /yolo_accel/m_axi.
Wrote  : <D:\MPSOC_YOLO\06_vivado\proj\yolo_zcu104.srcs\sources_1\bd\system\system.bd> 
BD VALIDATED: pl_clk0 187.500000 MHz
ADDRESS MAP:
  SEG_zynq_ps_HP0_DDR_LOW offset=0x00000000 range=0x80000000
  reg0 offset= range=0x00001000
  SEG_yolo_accel_reg0 offset=0x00A0000000 range=0x0000001000
  HP0_DDR_LOW offset= range=0x80000000
  HP0_QSPI offset= range=0x20000000
  HP0_LPS_OCM offset= range=0x01000000
INFO: [BD 41-1662] The design 'system.bd' is already validated. Therefore parameter propagation will not be re-run.
Verilog Output written to : D:/MPSOC_YOLO/06_vivado/proj/yolo_zcu104.gen/sources_1/bd/system/synth/system.v
Verilog Output written to : D:/MPSOC_YOLO/06_vivado/proj/yolo_zcu104.gen/sources_1/bd/system/sim/system.v
Verilog Output written to : D:/MPSOC_YOLO/06_vivado/proj/yolo_zcu104.gen/sources_1/bd/system/hdl/system_wrapper.v
INFO: [xilinx.com:ip:zynq_ultra_ps_e:3.5-0] system_zynq_ps_0: 
Changes in your design (including the PCW configuration settings) are not automatically exported from Vivado to Amd's SDK, Petalinux or Yocto.
This is by design to avoid disrupting existing embedded development efforts. To have any changes of your design taking effect in the embedded software flow please export your
design by going through Vivado's main menu, click on File, then Export finally select Export Hardware, please ensure you click on the Include BitStream option.
The auto-generated HDF file is all you need to import in Amd's SDK, Petalinux or Yocto for your changes to be reflected in the Embedded Software Flow.
For more information, please consult PG201, section: Exporting PCW Settings to Embedded Software Flows
INFO: [PSU-0] Address Range of DDR (0x7ff00000 to 0x7fffffff) is reserved by PMU for internal purpose.
INFO: [IP_Flow 19-5611] Unable to find an associated reset port for the interface 'M_AXI_HPM0_FPD'. A default connection has been created.
INFO: [IP_Flow 19-5611] Unable to find an associated reset port for the interface 'S_AXI_HP0_FPD'. A default connection has been created.
INFO: [BD 41-1029] Generation completed for the IP Integrator block zynq_ps .
INFO: [BD 41-1029] Generation completed for the IP Integrator block yolo_accel .
INFO: [BD 41-1029] Generation completed for the IP Integrator block rst_pl0 .
Exporting to file d:/MPSOC_YOLO/06_vivado/proj/yolo_zcu104.gen/sources_1/bd/system/ip/system_sc_ctrl_0/bd_0/hw_handoff/system_sc_ctrl_0.hwh
Generated Hardware Definition File d:/MPSOC_YOLO/06_vivado/proj/yolo_zcu104.gen/sources_1/bd/system/ip/system_sc_ctrl_0/bd_0/synth/system_sc_ctrl_0.hwdef
INFO: [BD 41-1029] Generation completed for the IP Integrator block sc_ctrl .
Exporting to file d:/MPSOC_YOLO/06_vivado/proj/yolo_zcu104.gen/sources_1/bd/system/ip/system_sc_mem_0/bd_0/hw_handoff/system_sc_mem_0.hwh
Generated Hardware Definition File d:/MPSOC_YOLO/06_vivado/proj/yolo_zcu104.gen/sources_1/bd/system/ip/system_sc_mem_0/bd_0/synth/system_sc_mem_0.hwdef
INFO: [BD 41-1029] Generation completed for the IP Integrator block sc_mem .
Exporting to file D:/MPSOC_YOLO/06_vivado/proj/yolo_zcu104.gen/sources_1/bd/system/hw_handoff/system.hwh
Generated Hardware Definition File D:/MPSOC_YOLO/06_vivado/proj/yolo_zcu104.gen/sources_1/bd/system/synth/system.hwdef
generate_target: Time (s): cpu = 00:00:26 ; elapsed = 00:00:48 . Memory (MB): peak = 1498.105 ; gain = 351.859
WARNING: [Vivado 12-7122] Auto Incremental Compile:: No reference checkpoint was found in run synth_1. Auto-incremental flow will not be run, the standard flow will be run instead.
[Mon Sep 28 01:27:40 2026] Launched synth_1...
Run output will be captured here: D:/MPSOC_YOLO/06_vivado/proj/yolo_zcu104.runs/synth_1/runme.log
launch_runs: Time (s): cpu = 00:00:01 ; elapsed = 00:00:18 . Memory (MB): peak = 1498.105 ; gain = 0.000
[Mon Sep 28 01:27:40 2026] Waiting for synth_1 to finish...

*** Running vivado
    with args -log system_wrapper.vds -m64 -product Vivado -mode batch -messageDb vivado.pb -notrace -source system_wrapper.tcl



****** Vivado v2024.1 (64-bit)
  **** SW Build 5076996 on Wed May 22 18:37:14 MDT 2024
  **** IP Build 5075265 on Wed May 22 21:45:21 MDT 2024
  **** SharedData Build 5076995 on Wed May 22 18:29:18 MDT 2024
  **** Start of session at: Mon Sep 28 01:27:25 2026
    ** Copyright 1986-2022 Xilinx, Inc. All Rights Reserved.
    ** Copyright 2022-2024 Advanced Micro Devices, Inc. All Rights Reserved.

source system_wrapper.tcl -notrace
create_project: Time (s): cpu = 00:00:04 ; elapsed = 00:00:05 . Memory (MB): peak = 521.875 ; gain = 209.016
INFO: [IP_Flow 19-234] Refreshing IP repositories
INFO: [IP_Flow 19-1704] No user IP repositories specified
INFO: [IP_Flow 19-2313] Loaded Vivado IP repository 'C:/Xilinx/Vivado/2024.1/data/ip'.
Command: synth_design -top system_wrapper -part xczu7ev-ffvc1156-2-e
Starting synth_design
Attempting to get a license for feature 'Synthesis' and/or device 'xczu7ev'
INFO: [Common 17-349] Got license for feature 'Synthesis' and/or device 'xczu7ev'
INFO: [Device 21-403] Loading part xczu7ev-ffvc1156-2-e
INFO: [Synth 8-7079] Multithreading enabled for synth_design using a maximum of 4 processes.
INFO: [Synth 8-7078] Launching helper process for spawning children vivado processes
INFO: [Synth 8-7075] Helper process launched with PID 17116
---------------------------------------------------------------------------------
Starting RTL Elaboration : Time (s): cpu = 00:00:05 ; elapsed = 00:00:06 . Memory (MB): peak = 2484.582 ; gain = 403.781
---------------------------------------------------------------------------------
INFO: [Synth 8-11241] undeclared symbol 'dp_audi_ref_clk', assumed default net type 'wire' [d:/MPSOC_YOLO/06_vivado/proj/yolo_zcu104.gen/sources_1/bd/system/ip/system_zynq_ps_0/hdl/zynq_ultra_ps_e_v3_5_3.v:2490]
INFO: [Synth 8-6157] synthesizing module 'system_wrapper' [D:/MPSOC_YOLO/06_vivado/proj/yolo_zcu104.gen/sources_1/bd/system/hdl/system_wrapper.v:13]
INFO: [Synth 8-6157] synthesizing module 'system' [d:/MPSOC_YOLO/06_vivado/proj/yolo_zcu104.gen/sources_1/bd/system/synth/system.v:13]
INFO: [Synth 8-638] synthesizing module 'system_rst_pl0_0' [d:/MPSOC_YOLO/06_vivado/proj/yolo_zcu104.gen/sources_1/bd/system/ip/system_rst_pl0_0/synth/system_rst_pl0_0.vhd:74]
	Parameter C_FAMILY bound to: zynquplus - type: string 
	Parameter C_EXT_RST_WIDTH bound to: 4 - type: integer 
	Parameter C_AUX_RST_WIDTH bound to: 4 - type: integer 
	Parameter C_EXT_RESET_HIGH bound to: 1'b0 
	Parameter C_AUX_RESET_HIGH bound to: 1'b0 
	Parameter C_NUM_BUS_RST bound to: 1 - type: integer 
	Parameter C_NUM_PERP_RST bound to: 1 - type: integer 
	Parameter C_NUM_INTERCONNECT_ARESETN bound to: 1 - type: integer 
	Parameter C_NUM_PERP_ARESETN bound to: 1 - type: integer 
INFO: [Synth 8-3491] module 'proc_sys_reset' declared at 'd:/MPSOC_YOLO/06_vivado/proj/yolo_zcu104.gen/sources_1/bd/system/ipshared/3a26/hdl/proc_sys_reset_v5_0_vh_rfs.vhd:1271' bound to instance 'U0' of component 'proc_sys_reset' [d:/MPSOC_YOLO/06_vivado/proj/yolo_zcu104.gen/sources_1/bd/system/ip/system_rst_pl0_0/synth/system_rst_pl0_0.vhd:129]
INFO: [Synth 8-638] synthesizing module 'proc_sys_reset' [d:/MPSOC_YOLO/06_vivado/proj/yolo_zcu104.gen/sources_1/bd/system/ipshared/3a26/hdl/proc_sys_reset_v5_0_vh_rfs.vhd:1330]
	Parameter INIT bound to: 1'b1 
INFO: [Synth 8-113] binding component instance 'FDRE_inst' to cell 'FDRE' [d:/MPSOC_YOLO/06_vivado/proj/yolo_zcu104.gen/sources_1/bd/system/ipshared/3a26/hdl/proc_sys_reset_v5_0_vh_rfs.vhd:1399]
	Parameter INIT bound to: 1'b1 
INFO: [Synth 8-113] binding component instance 'FDRE_BSR' to cell 'FDRE' [d:/MPSOC_YOLO/06_vivado/proj/yolo_zcu104.gen/sources_1/bd/system/ipshared/3a26/hdl/proc_sys_reset_v5_0_vh_rfs.vhd:1415]
	Parameter INIT bound to: 1'b0 
INFO: [Synth 8-113] binding component instance 'FDRE_BSR_N' to cell 'FDRE' [d:/MPSOC_YOLO/06_vivado/proj/yolo_zcu104.gen/sources_1/bd/system/ipshared/3a26/hdl/proc_sys_reset_v5_0_vh_rfs.vhd:1441]
	Parameter INIT bound to: 1'b1 
INFO: [Synth 8-113] binding component instance 'FDRE_PER' to cell 'FDRE' [d:/MPSOC_YOLO/06_vivado/proj/yolo_zcu104.gen/sources_1/bd/system/ipshared/3a26/hdl/proc_sys_reset_v5_0_vh_rfs.vhd:1464]
	Parameter INIT bound to: 1'b0 
INFO: [Synth 8-113] binding component instance 'FDRE_PER_N' to cell 'FDRE' [d:/MPSOC_YOLO/06_vivado/proj/yolo_zcu104.gen/sources_1/bd/system/ipshared/3a26/hdl/proc_sys_reset_v5_0_vh_rfs.vhd:1488]
INFO: [Synth 8-638] synthesizing module 'lpf' [d:/MPSOC_YOLO/06_vivado/proj/yolo_zcu104.gen/sources_1/bd/system/ipshared/3a26/hdl/proc_sys_reset_v5_0_vh_rfs.vhd:821]
INFO: [Synth 8-3491] module 'SRL16' declared at 'C:/Xilinx/Vivado/2024.1/scripts/rt/data/unisim_comp.v:137246' bound to instance 'POR_SRL_I' of component 'SRL16' [d:/MPSOC_YOLO/06_vivado/proj/yolo_zcu104.gen/sources_1/bd/system/ipshared/3a26/hdl/proc_sys_reset_v5_0_vh_rfs.vhd:873]
INFO: [Synth 8-6157] synthesizing module 'SRL16' [C:/Xilinx/Vivado/2024.1/scripts/rt/data/unisim_comp.v:137246]
INFO: [Synth 8-6155] done synthesizing module 'SRL16' (0#1) [C:/Xilinx/Vivado/2024.1/scripts/rt/data/unisim_comp.v:137246]
INFO: [Synth 8-638] synthesizing module 'cdc_sync' [d:/MPSOC_YOLO/06_vivado/proj/yolo_zcu104.gen/sources_1/bd/system/ipshared/2a4f/hdl/lib_cdc_v1_0_rfs.vhd:106]
	Parameter INIT bound to: 1'b0 
INFO: [Synth 8-113] binding component instance 'CROSS_PLEVEL_IN2SCNDRY_IN_cdc_to' to cell 'FDR' [d:/MPSOC_YOLO/06_vivado/proj/yolo_zcu104.gen/sources_1/bd/system/ipshared/2a4f/hdl/lib_cdc_v1_0_rfs.vhd:514]
	Parameter INIT bound to: 1'b0 
INFO: [Synth 8-113] binding component instance 'CROSS_PLEVEL_IN2SCNDRY_s_level_out_d2' to cell 'FDR' [d:/MPSOC_YOLO/06_vivado/proj/yolo_zcu104.gen/sources_1/bd/system/ipshared/2a4f/hdl/lib_cdc_v1_0_rfs.vhd:545]
	Parameter INIT bound to: 1'b0 
INFO: [Synth 8-113] binding component instance 'CROSS_PLEVEL_IN2SCNDRY_s_level_out_d3' to cell 'FDR' [d:/MPSOC_YOLO/06_vivado/proj/yolo_zcu104.gen/sources_1/bd/system/ipshared/2a4f/hdl/lib_cdc_v1_0_rfs.vhd:554]
	Parameter INIT bound to: 1'b0 
INFO: [Synth 8-113] binding component instance 'CROSS_PLEVEL_IN2SCNDRY_s_level_out_d4' to cell 'FDR' [d:/MPSOC_YOLO/06_vivado/proj/yolo_zcu104.gen/sources_1/bd/system/ipshared/2a4f/hdl/lib_cdc_v1_0_rfs.vhd:564]
	Parameter INIT bound to: 1'b0 
INFO: [Synth 8-113] binding component instance 'CROSS_PLEVEL_IN2SCNDRY_s_level_out_d5' to cell 'FDR' [d:/MPSOC_YOLO/06_vivado/proj/yolo_zcu104.gen/sources_1/bd/system/ipshared/2a4f/hdl/lib_cdc_v1_0_rfs.vhd:574]
	Parameter INIT bound to: 1'b0 
INFO: [Synth 8-113] binding component instance 'CROSS_PLEVEL_IN2SCNDRY_s_level_out_d6' to cell 'FDR' [d:/MPSOC_YOLO/06_vivado/proj/yolo_zcu104.gen/sources_1/bd/system/ipshared/2a4f/hdl/lib_cdc_v1_0_rfs.vhd:584]
INFO: [Synth 8-256] done synthesizing module 'cdc_sync' (0#1) [d:/MPSOC_YOLO/06_vivado/proj/yolo_zcu104.gen/sources_1/bd/system/ipshared/2a4f/hdl/lib_cdc_v1_0_rfs.vhd:106]
INFO: [Synth 8-256] done synthesizing module 'lpf' (0#1) [d:/MPSOC_YOLO/06_vivado/proj/yolo_zcu104.gen/sources_1/bd/system/ipshared/3a26/hdl/proc_sys_reset_v5_0_vh_rfs.vhd:821]
INFO: [Synth 8-638] synthesizing module 'sequence_psr' [d:/MPSOC_YOLO/06_vivado/proj/yolo_zcu104.gen/sources_1/bd/system/ipshared/3a26/hdl/proc_sys_reset_v5_0_vh_rfs.vhd:304]
INFO: [Synth 8-638] synthesizing module 'upcnt_n' [d:/MPSOC_YOLO/06_vivado/proj/yolo_zcu104.gen/sources_1/bd/system/ipshared/3a26/hdl/proc_sys_reset_v5_0_vh_rfs.vhd:126]
INFO: [Synth 8-256] done synthesizing module 'upcnt_n' (0#1) [d:/MPSOC_YOLO/06_vivado/proj/yolo_zcu104.gen/sources_1/bd/system/ipshared/3a26/hdl/proc_sys_reset_v5_0_vh_rfs.vhd:126]
INFO: [Synth 8-256] done synthesizing module 'sequence_psr' (0#1) [d:/MPSOC_YOLO/06_vivado/proj/yolo_zcu104.gen/sources_1/bd/system/ipshared/3a26/hdl/proc_sys_reset_v5_0_vh_rfs.vhd:304]
INFO: [Synth 8-256] done synthesizing module 'proc_sys_reset' (0#1) [d:/MPSOC_YOLO/06_vivado/proj/yolo_zcu104.gen/sources_1/bd/system/ipshared/3a26/hdl/proc_sys_reset_v5_0_vh_rfs.vhd:1330]
INFO: [Synth 8-256] done synthesizing module 'system_rst_pl0_0' (0#1) [d:/MPSOC_YOLO/06_vivado/proj/yolo_zcu104.gen/sources_1/bd/system/ip/system_rst_pl0_0/synth/system_rst_pl0_0.vhd:74]
WARNING: [Synth 8-7071] port 'mb_reset' of module 'system_rst_pl0_0' is unconnected for instance 'rst_pl0' [d:/MPSOC_YOLO/06_vivado/proj/yolo_zcu104.gen/sources_1/bd/system/synth/system.v:153]
WARNING: [Synth 8-7071] port 'bus_struct_reset' of module 'system_rst_pl0_0' is unconnected for instance 'rst_pl0' [d:/MPSOC_YOLO/06_vivado/proj/yolo_zcu104.gen/sources_1/bd/system/synth/system.v:153]
WARNING: [Synth 8-7071] port 'peripheral_reset' of module 'system_rst_pl0_0' is unconnected for instance 'rst_pl0' [d:/MPSOC_YOLO/06_vivado/proj/yolo_zcu104.gen/sources_1/bd/system/synth/system.v:153]
WARNING: [Synth 8-7023] instance 'rst_pl0' of module 'system_rst_pl0_0' has 10 connections declared, but only 7 given [d:/MPSOC_YOLO/06_vivado/proj/yolo_zcu104.gen/sources_1/bd/system/synth/system.v:153]
INFO: [Synth 8-6157] synthesizing module 'system_sc_ctrl_0' [d:/MPSOC_YOLO/06_vivado/proj/yolo_zcu104.gen/sources_1/bd/system/ip/system_sc_ctrl_0/synth/system_sc_ctrl_0.v:53]
INFO: [Synth 8-6157] synthesizing module 'bd_73a6' [d:/MPSOC_YOLO/06_vivado/proj/yolo_zcu104.gen/sources_1/bd/system/ip/system_sc_ctrl_0/bd_0/synth/bd_73a6.v:10]
INFO: [Synth 8-6157] synthesizing module 'clk_map_imp_1MM1RYS' [d:/MPSOC_YOLO/06_vivado/proj/yolo_zcu104.gen/sources_1/bd/system/ip/system_sc_ctrl_0/bd_0/synth/bd_73a6.v:724]
INFO: [Synth 8-6157] synthesizing module 'bd_73a6_one_0' [d:/MPSOC_YOLO/06_vivado/proj/yolo_zcu104.gen/sources_1/bd/system/ip/system_sc_ctrl_0/bd_0/ip/ip_0/synth/bd_73a6_one_0.v:53]
INFO: [Synth 8-6157] synthesizing module 'xlconstant_v1_1_9_xlconstant' [d:/MPSOC_YOLO/06_vivado/proj/yolo_zcu104.gen/sources_1/bd/system/ipshared/e2d2/hdl/xlconstant_v1_1_vl_rfs.v:68]
INFO: [Synth 8-6155] done synthesizing module 'xlconstant_v1_1_9_xlconstant' (0#1) [d:/MPSOC_YOLO/06_vivado/proj/yolo_zcu104.gen/sources_1/bd/system/ipshared/e2d2/hdl/xlconstant_v1_1_vl_rfs.v:68]
INFO: [Synth 8-6155] done synthesizing module 'bd_73a6_one_0' (0#1) [d:/MPSOC_YOLO/06_vivado/proj/yolo_zcu104.gen/sources_1/bd/system/ip/system_sc_ctrl_0/bd_0/ip/ip_0/synth/bd_73a6_one_0.v:53]
INFO: [Synth 8-638] synthesizing module 'bd_73a6_psr_aclk_0' [d:/MPSOC_YOLO/06_vivado/proj/yolo_zcu104.gen/sources_1/bd/system/ip/system_sc_ctrl_0/bd_0/ip/ip_1/synth/bd_73a6_psr_aclk_0.vhd:74]
	Parameter C_FAMILY bound to: zynquplus - type: string 
	Parameter C_EXT_RST_WIDTH bound to: 4 - type: integer 
	Parameter C_AUX_RST_WIDTH bound to: 1 - type: integer 
	Parameter C_EXT_RESET_HIGH bound to: 1'b0 
	Parameter C_AUX_RESET_HIGH bound to: 1'b0 
	Parameter C_NUM_BUS_RST bound to: 1 - type: integer 
	Parameter C_NUM_PERP_RST bound to: 1 - type: integer 
	Parameter C_NUM_INTERCONNECT_ARESETN bound to: 1 - type: integer 
	Parameter C_NUM_PERP_ARESETN bound to: 1 - type: integer 
INFO: [Synth 8-3491] module 'proc_sys_reset' declared at 'd:/MPSOC_YOLO/06_vivado/proj/yolo_zcu104.gen/sources_1/bd/system/ipshared/3a26/hdl/proc_sys_reset_v5_0_vh_rfs.vhd:1271' bound to instance 'U0' of component 'proc_sys_reset' [d:/MPSOC_YOLO/06_vivado/proj/yolo_zcu104.gen/sources_1/bd/system/ip/system_sc_ctrl_0/bd_0/ip/ip_1/synth/bd_73a6_psr_aclk_0.vhd:129]
INFO: [Synth 8-638] synthesizing module 'proc_sys_reset__parameterized1' [d:/MPSOC_YOLO/06_vivado/proj/yolo_zcu104.gen/sources_1/bd/system/ipshared/3a26/hdl/proc_sys_reset_v5_0_vh_rfs.vhd:1330]
	Parameter INIT bound to: 1'b1 
INFO: [Synth 8-113] binding component instance 'FDRE_inst' to cell 'FDRE' [d:/MPSOC_YOLO/06_vivado/proj/yolo_zcu104.gen/sources_1/bd/system/ipshared/3a26/hdl/proc_sys_reset_v5_0_vh_rfs.vhd:1399]
	Parameter INIT bound to: 1'b1 
INFO: [Synth 8-113] binding component instance 'FDRE_BSR' to cell 'FDRE' [d:/MPSOC_YOLO/06_vivado/proj/yolo_zcu104.gen/sources_1/bd/system/ipshared/3a26/hdl/proc_sys_reset_v5_0_vh_rfs.vhd:1415]
	Parameter INIT bound to: 1'b0 
INFO: [Synth 8-113] binding component instance 'FDRE_BSR_N' to cell 'FDRE' [d:/MPSOC_YOLO/06_vivado/proj/yolo_zcu104.gen/sources_1/bd/system/ipshared/3a26/hdl/proc_sys_reset_v5_0_vh_rfs.vhd:1441]
	Parameter INIT bound to: 1'b1 
INFO: [Synth 8-113] binding component instance 'FDRE_PER' to cell 'FDRE' [d:/MPSOC_YOLO/06_vivado/proj/yolo_zcu104.gen/sources_1/bd/system/ipshared/3a26/hdl/proc_sys_reset_v5_0_vh_rfs.vhd:1464]
	Parameter INIT bound to: 1'b0 
INFO: [Synth 8-113] binding component instance 'FDRE_PER_N' to cell 'FDRE' [d:/MPSOC_YOLO/06_vivado/proj/yolo_zcu104.gen/sources_1/bd/system/ipshared/3a26/hdl/proc_sys_reset_v5_0_vh_rfs.vhd:1488]
INFO: [Synth 8-638] synthesizing module 'lpf__parameterized0' [d:/MPSOC_YOLO/06_vivado/proj/yolo_zcu104.gen/sources_1/bd/system/ipshared/3a26/hdl/proc_sys_reset_v5_0_vh_rfs.vhd:821]
INFO: [Synth 8-3491] module 'SRL16' declared at 'C:/Xilinx/Vivado/2024.1/scripts/rt/data/unisim_comp.v:137246' bound to instance 'POR_SRL_I' of component 'SRL16' [d:/MPSOC_YOLO/06_vivado/proj/yolo_zcu104.gen/sources_1/bd/system/ipshared/3a26/hdl/proc_sys_reset_v5_0_vh_rfs.vhd:873]
INFO: [Synth 8-256] done synthesizing module 'lpf__parameterized0' (0#1) [d:/MPSOC_YOLO/06_vivado/proj/yolo_zcu104.gen/sources_1/bd/system/ipshared/3a26/hdl/proc_sys_reset_v5_0_vh_rfs.vhd:821]
INFO: [Synth 8-256] done synthesizing module 'proc_sys_reset__parameterized1' (0#1) [d:/MPSOC_YOLO/06_vivado/proj/yolo_zcu104.gen/sources_1/bd/system/ipshared/3a26/hdl/proc_sys_reset_v5_0_vh_rfs.vhd:1330]
INFO: [Synth 8-256] done synthesizing module 'bd_73a6_psr_aclk_0' (0#1) [d:/MPSOC_YOLO/06_vivado/proj/yolo_zcu104.gen/sources_1/bd/system/ip/system_sc_ctrl_0/bd_0/ip/ip_1/synth/bd_73a6_psr_aclk_0.vhd:74]
WARNING: [Synth 8-7071] port 'mb_reset' of module 'bd_73a6_psr_aclk_0' is unconnected for instance 'psr_aclk' [d:/MPSOC_YOLO/06_vivado/proj/yolo_zcu104.gen/sources_1/bd/system/ip/system_sc_ctrl_0/bd_0/synth/bd_73a6.v:759]
WARNING: [Synth 8-7071] port 'bus_struct_reset' of module 'bd_73a6_psr_aclk_0' is unconnected for instance 'psr_aclk' [d:/MPSOC_YOLO/06_vivado/proj/yolo_zcu104.gen/sources_1/bd/system/ip/system_sc_ctrl_0/bd_0/synth/bd_73a6.v:759]
WARNING: [Synth 8-7071] port 'peripheral_reset' of module 'bd_73a6_psr_aclk_0' is unconnected for instance 'psr_aclk' [d:/MPSOC_YOLO/06_vivado/proj/yolo_zcu104.gen/sources_1/bd/system/ip/system_sc_ctrl_0/bd_0/synth/bd_73a6.v:759]
WARNING: [Synth 8-7071] port 'peripheral_aresetn' of module 'bd_73a6_psr_aclk_0' is unconnected for instance 'psr_aclk' [d:/MPSOC_YOLO/06_vivado/proj/yolo_zcu104.gen/sources_1/bd/system/ip/system_sc_ctrl_0/bd_0/synth/bd_73a6.v:759]
WARNING: [Synth 8-7023] instance 'psr_aclk' of module 'bd_73a6_psr_aclk_0' has 10 connections declared, but only 6 given [d:/MPSOC_YOLO/06_vivado/proj/yolo_zcu104.gen/sources_1/bd/system/ip/system_sc_ctrl_0/bd_0/synth/bd_73a6.v:759]
INFO: [Synth 8-6155] done synthesizing module 'clk_map_imp_1MM1RYS' (0#1) [d:/MPSOC_YOLO/06_vivado/proj/yolo_zcu104.gen/sources_1/bd/system/ip/system_sc_ctrl_0/bd_0/synth/bd_73a6.v:724]
INFO: [Synth 8-6157] synthesizing module 'm00_exit_pipeline_imp_C36SR3' [d:/MPSOC_YOLO/06_vivado/proj/yolo_zcu104.gen/sources_1/bd/system/ip/system_sc_ctrl_0/bd_0/synth/bd_73a6.v:768]
INFO: [Synth 8-6157] synthesizing module 'bd_73a6_m00e_0' [d:/MPSOC_YOLO/06_vivado/proj/yolo_zcu104.gen/sources_1/bd/system/ip/system_sc_ctrl_0/bd_0/ip/ip_12/synth/bd_73a6_m00e_0.sv:53]
INFO: [Synth 8-6157] synthesizing module 'xpm_cdc_async_rst' [C:/Xilinx/Vivado/2024.1/data/ip/xpm/xpm_cdc/hdl/xpm_cdc.sv:1175]
INFO: [Synth 8-6155] done synthesizing module 'xpm_cdc_async_rst' (0#1) [C:/Xilinx/Vivado/2024.1/data/ip/xpm/xpm_cdc/hdl/xpm_cdc.sv:1175]
INFO: [Synth 8-6155] done synthesizing module 'bd_73a6_m00e_0' (0#1) [d:/MPSOC_YOLO/06_vivado/proj/yolo_zcu104.gen/sources_1/bd/system/ip/system_sc_ctrl_0/bd_0/ip/ip_12/synth/bd_73a6_m00e_0.sv:53]
INFO: [Synth 8-6155] done synthesizing module 'm00_exit_pipeline_imp_C36SR3' (0#1) [d:/MPSOC_YOLO/06_vivado/proj/yolo_zcu104.gen/sources_1/bd/system/ip/system_sc_ctrl_0/bd_0/synth/bd_73a6.v:768]
INFO: [Synth 8-6157] synthesizing module 'bd_73a6_m00s2a_0' [d:/MPSOC_YOLO/06_vivado/proj/yolo_zcu104.gen/sources_1/bd/system/ip/system_sc_ctrl_0/bd_0/ip/ip_11/synth/bd_73a6_m00s2a_0.sv:53]
INFO: [Synth 8-6155] done synthesizing module 'bd_73a6_m00s2a_0' (0#1) [d:/MPSOC_YOLO/06_vivado/proj/yolo_zcu104.gen/sources_1/bd/system/ip/system_sc_ctrl_0/bd_0/ip/ip_11/synth/bd_73a6_m00s2a_0.sv:53]
INFO: [Synth 8-6157] synthesizing module 'bd_73a6_s00a2s_0' [d:/MPSOC_YOLO/06_vivado/proj/yolo_zcu104.gen/sources_1/bd/system/ip/system_sc_ctrl_0/bd_0/ip/ip_5/synth/bd_73a6_s00a2s_0.sv:53]
INFO: [Synth 8-6155] done synthesizing module 'bd_73a6_s00a2s_0' (0#1) [d:/MPSOC_YOLO/06_vivado/proj/yolo_zcu104.gen/sources_1/bd/system/ip/system_sc_ctrl_0/bd_0/ip/ip_5/synth/bd_73a6_s00a2s_0.sv:53]
INFO: [Synth 8-6157] synthesizing module 's00_entry_pipeline_imp_1ATB024' [d:/MPSOC_YOLO/06_vivado/proj/yolo_zcu104.gen/sources_1/bd/system/ip/system_sc_ctrl_0/bd_0/synth/bd_73a6.v:1069]
INFO: [Synth 8-6157] synthesizing module 'bd_73a6_s00mmu_0' [d:/MPSOC_YOLO/06_vivado/proj/yolo_zcu104.gen/sources_1/bd/system/ip/system_sc_ctrl_0/bd_0/ip/ip_2/synth/bd_73a6_s00mmu_0.sv:53]
INFO: [Synth 8-6155] done synthesizing module 'bd_73a6_s00mmu_0' (0#1) [d:/MPSOC_YOLO/06_vivado/proj/yolo_zcu104.gen/sources_1/bd/system/ip/system_sc_ctrl_0/bd_0/ip/ip_2/synth/bd_73a6_s00mmu_0.sv:53]
INFO: [Synth 8-6157] synthesizing module 'bd_73a6_s00sic_0' [d:/MPSOC_YOLO/06_vivado/proj/yolo_zcu104.gen/sources_1/bd/system/ip/system_sc_ctrl_0/bd_0/ip/ip_4/synth/bd_73a6_s00sic_0.sv:53]
INFO: [Synth 8-6155] done synthesizing module 'bd_73a6_s00sic_0' (0#1) [d:/MPSOC_YOLO/06_vivado/proj/yolo_zcu104.gen/sources_1/bd/system/ip/system_sc_ctrl_0/bd_0/ip/ip_4/synth/bd_73a6_s00sic_0.sv:53]
INFO: [Synth 8-6157] synthesizing module 'bd_73a6_s00tr_0' [d:/MPSOC_YOLO/06_vivado/proj/yolo_zcu104.gen/sources_1/bd/system/ip/system_sc_ctrl_0/bd_0/ip/ip_3/synth/bd_73a6_s00tr_0.sv:53]
INFO: [Synth 8-6155] done synthesizing module 'bd_73a6_s00tr_0' (0#1) [d:/MPSOC_YOLO/06_vivado/proj/yolo_zcu104.gen/sources_1/bd/system/ip/system_sc_ctrl_0/bd_0/ip/ip_3/synth/bd_73a6_s00tr_0.sv:53]
INFO: [Synth 8-6155] done synthesizing module 's00_entry_pipeline_imp_1ATB024' (0#1) [d:/MPSOC_YOLO/06_vivado/proj/yolo_zcu104.gen/sources_1/bd/system/ip/system_sc_ctrl_0/bd_0/synth/bd_73a6.v:1069]
INFO: [Synth 8-6157] synthesizing module 's00_nodes_imp_1GFXR86' [d:/MPSOC_YOLO/06_vivado/proj/yolo_zcu104.gen/sources_1/bd/system/ip/system_sc_ctrl_0/bd_0/synth/bd_73a6.v:1728]
INFO: [Synth 8-6157] synthesizing module 'bd_73a6_sarn_0' [d:/MPSOC_YOLO/06_vivado/proj/yolo_zcu104.gen/sources_1/bd/system/ip/system_sc_ctrl_0/bd_0/ip/ip_6/synth/bd_73a6_sarn_0.sv:53]
INFO: [Synth 8-6155] done synthesizing module 'bd_73a6_sarn_0' (0#1) [d:/MPSOC_YOLO/06_vivado/proj/yolo_zcu104.gen/sources_1/bd/system/ip/system_sc_ctrl_0/bd_0/ip/ip_6/synth/bd_73a6_sarn_0.sv:53]
INFO: [Synth 8-6157] synthesizing module 'bd_73a6_sawn_0' [d:/MPSOC_YOLO/06_vivado/proj/yolo_zcu104.gen/sources_1/bd/system/ip/system_sc_ctrl_0/bd_0/ip/ip_8/synth/bd_73a6_sawn_0.sv:53]
INFO: [Synth 8-6155] done synthesizing module 'bd_73a6_sawn_0' (0#1) [d:/MPSOC_YOLO/06_vivado/proj/yolo_zcu104.gen/sources_1/bd/system/ip/system_sc_ctrl_0/bd_0/ip/ip_8/synth/bd_73a6_sawn_0.sv:53]
INFO: [Synth 8-6157] synthesizing module 'bd_73a6_sbn_0' [d:/MPSOC_YOLO/06_vivado/proj/yolo_zcu104.gen/sources_1/bd/system/ip/system_sc_ctrl_0/bd_0/ip/ip_10/synth/bd_73a6_sbn_0.sv:53]
INFO: [Synth 8-6155] done synthesizing module 'bd_73a6_sbn_0' (0#1) [d:/MPSOC_YOLO/06_vivado/proj/yolo_zcu104.gen/sources_1/bd/system/ip/system_sc_ctrl_0/bd_0/ip/ip_10/synth/bd_73a6_sbn_0.sv:53]
INFO: [Synth 8-6157] synthesizing module 'bd_73a6_srn_0' [d:/MPSOC_YOLO/06_vivado/proj/yolo_zcu104.gen/sources_1/bd/system/ip/system_sc_ctrl_0/bd_0/ip/ip_7/synth/bd_73a6_srn_0.sv:53]
INFO: [Synth 8-6155] done synthesizing module 'bd_73a6_srn_0' (0#1) [d:/MPSOC_YOLO/06_vivado/proj/yolo_zcu104.gen/sources_1/bd/system/ip/system_sc_ctrl_0/bd_0/ip/ip_7/synth/bd_73a6_srn_0.sv:53]
INFO: [Synth 8-6157] synthesizing module 'bd_73a6_swn_0' [d:/MPSOC_YOLO/06_vivado/proj/yolo_zcu104.gen/sources_1/bd/system/ip/system_sc_ctrl_0/bd_0/ip/ip_9/synth/bd_73a6_swn_0.sv:53]
INFO: [Synth 8-6155] done synthesizing module 'bd_73a6_swn_0' (0#1) [d:/MPSOC_YOLO/06_vivado/proj/yolo_zcu104.gen/sources_1/bd/system/ip/system_sc_ctrl_0/bd_0/ip/ip_9/synth/bd_73a6_swn_0.sv:53]
INFO: [Synth 8-6155] done synthesizing module 's00_nodes_imp_1GFXR86' (0#1) [d:/MPSOC_YOLO/06_vivado/proj/yolo_zcu104.gen/sources_1/bd/system/ip/system_sc_ctrl_0/bd_0/synth/bd_73a6.v:1728]
INFO: [Synth 8-6155] done synthesizing module 'bd_73a6' (0#1) [d:/MPSOC_YOLO/06_vivado/proj/yolo_zcu104.gen/sources_1/bd/system/ip/system_sc_ctrl_0/bd_0/synth/bd_73a6.v:10]
INFO: [Synth 8-6155] done synthesizing module 'system_sc_ctrl_0' (0#1) [d:/MPSOC_YOLO/06_vivado/proj/yolo_zcu104.gen/sources_1/bd/system/ip/system_sc_ctrl_0/synth/system_sc_ctrl_0.v:53]
WARNING: [Synth 8-7071] port 'M00_AXI_awprot' of module 'system_sc_ctrl_0' is unconnected for instance 'sc_ctrl' [d:/MPSOC_YOLO/06_vivado/proj/yolo_zcu104.gen/sources_1/bd/system/synth/system.v:161]
WARNING: [Synth 8-7071] port 'M00_AXI_arprot' of module 'system_sc_ctrl_0' is unconnected for instance 'sc_ctrl' [d:/MPSOC_YOLO/06_vivado/proj/yolo_zcu104.gen/sources_1/bd/system/synth/system.v:161]
WARNING: [Synth 8-7023] instance 'sc_ctrl' of module 'system_sc_ctrl_0' has 60 connections declared, but only 58 given [d:/MPSOC_YOLO/06_vivado/proj/yolo_zcu104.gen/sources_1/bd/system/synth/system.v:161]
INFO: [Synth 8-6157] synthesizing module 'system_sc_mem_0' [d:/MPSOC_YOLO/06_vivado/proj/yolo_zcu104.gen/sources_1/bd/system/ip/system_sc_mem_0/synth/system_sc_mem_0.v:53]
INFO: [Synth 8-6157] synthesizing module 'bd_0182' [d:/MPSOC_YOLO/06_vivado/proj/yolo_zcu104.gen/sources_1/bd/system/ip/system_sc_mem_0/bd_0/synth/bd_0182.v:10]
INFO: [Synth 8-6157] synthesizing module 'clk_map_imp_9ADCLJ' [d:/MPSOC_YOLO/06_vivado/proj/yolo_zcu104.gen/sources_1/bd/system/ip/system_sc_mem_0/bd_0/synth/bd_0182.v:804]
INFO: [Synth 8-6157] synthesizing module 'bd_0182_one_0' [d:/MPSOC_YOLO/06_vivado/proj/yolo_zcu104.gen/sources_1/bd/system/ip/system_sc_mem_0/bd_0/ip/ip_0/synth/bd_0182_one_0.v:53]
INFO: [Synth 8-6155] done synthesizing module 'bd_0182_one_0' (0#1) [d:/MPSOC_YOLO/06_vivado/proj/yolo_zcu104.gen/sources_1/bd/system/ip/system_sc_mem_0/bd_0/ip/ip_0/synth/bd_0182_one_0.v:53]
INFO: [Synth 8-638] synthesizing module 'bd_0182_psr_aclk_0' [d:/MPSOC_YOLO/06_vivado/proj/yolo_zcu104.gen/sources_1/bd/system/ip/system_sc_mem_0/bd_0/ip/ip_1/synth/bd_0182_psr_aclk_0.vhd:74]
	Parameter C_FAMILY bound to: zynquplus - type: string 
	Parameter C_EXT_RST_WIDTH bound to: 4 - type: integer 
	Parameter C_AUX_RST_WIDTH bound to: 1 - type: integer 
	Parameter C_EXT_RESET_HIGH bound to: 1'b0 
	Parameter C_AUX_RESET_HIGH bound to: 1'b0 
	Parameter C_NUM_BUS_RST bound to: 1 - type: integer 
	Parameter C_NUM_PERP_RST bound to: 1 - type: integer 
	Parameter C_NUM_INTERCONNECT_ARESETN bound to: 1 - type: integer 
	Parameter C_NUM_PERP_ARESETN bound to: 1 - type: integer 
INFO: [Synth 8-3491] module 'proc_sys_reset' declared at 'd:/MPSOC_YOLO/06_vivado/proj/yolo_zcu104.gen/sources_1/bd/system/ipshared/3a26/hdl/proc_sys_reset_v5_0_vh_rfs.vhd:1271' bound to instance 'U0' of component 'proc_sys_reset' [d:/MPSOC_YOLO/06_vivado/proj/yolo_zcu104.gen/sources_1/bd/system/ip/system_sc_mem_0/bd_0/ip/ip_1/synth/bd_0182_psr_aclk_0.vhd:129]
INFO: [Synth 8-256] done synthesizing module 'bd_0182_psr_aclk_0' (0#1) [d:/MPSOC_YOLO/06_vivado/proj/yolo_zcu104.gen/sources_1/bd/system/ip/system_sc_mem_0/bd_0/ip/ip_1/synth/bd_0182_psr_aclk_0.vhd:74]
WARNING: [Synth 8-7071] port 'mb_reset' of module 'bd_0182_psr_aclk_0' is unconnected for instance 'psr_aclk' [d:/MPSOC_YOLO/06_vivado/proj/yolo_zcu104.gen/sources_1/bd/system/ip/system_sc_mem_0/bd_0/synth/bd_0182.v:839]
WARNING: [Synth 8-7071] port 'bus_struct_reset' of module 'bd_0182_psr_aclk_0' is unconnected for instance 'psr_aclk' [d:/MPSOC_YOLO/06_vivado/proj/yolo_zcu104.gen/sources_1/bd/system/ip/system_sc_mem_0/bd_0/synth/bd_0182.v:839]
WARNING: [Synth 8-7071] port 'peripheral_reset' of module 'bd_0182_psr_aclk_0' is unconnected for instance 'psr_aclk' [d:/MPSOC_YOLO/06_vivado/proj/yolo_zcu104.gen/sources_1/bd/system/ip/system_sc_mem_0/bd_0/synth/bd_0182.v:839]
WARNING: [Synth 8-7071] port 'peripheral_aresetn' of module 'bd_0182_psr_aclk_0' is unconnected for instance 'psr_aclk' [d:/MPSOC_YOLO/06_vivado/proj/yolo_zcu104.gen/sources_1/bd/system/ip/system_sc_mem_0/bd_0/synth/bd_0182.v:839]
WARNING: [Synth 8-7023] instance 'psr_aclk' of module 'bd_0182_psr_aclk_0' has 10 connections declared, but only 6 given [d:/MPSOC_YOLO/06_vivado/proj/yolo_zcu104.gen/sources_1/bd/system/ip/system_sc_mem_0/bd_0/synth/bd_0182.v:839]
INFO: [Synth 8-6155] done synthesizing module 'clk_map_imp_9ADCLJ' (0#1) [d:/MPSOC_YOLO/06_vivado/proj/yolo_zcu104.gen/sources_1/bd/system/ip/system_sc_mem_0/bd_0/synth/bd_0182.v:804]
INFO: [Synth 8-6157] synthesizing module 'm00_exit_pipeline_imp_1OFXE58' [d:/MPSOC_YOLO/06_vivado/proj/yolo_zcu104.gen/sources_1/bd/system/ip/system_sc_mem_0/bd_0/synth/bd_0182.v:848]
INFO: [Synth 8-6157] synthesizing module 'bd_0182_m00e_0' [d:/MPSOC_YOLO/06_vivado/proj/yolo_zcu104.gen/sources_1/bd/system/ip/system_sc_mem_0/bd_0/ip/ip_12/synth/bd_0182_m00e_0.sv:53]
INFO: [Synth 8-6155] done synthesizing module 'bd_0182_m00e_0' (0#1) [d:/MPSOC_YOLO/06_vivado/proj/yolo_zcu104.gen/sources_1/bd/system/ip/system_sc_mem_0/bd_0/ip/ip_12/synth/bd_0182_m00e_0.sv:53]
INFO: [Synth 8-6155] done synthesizing module 'm00_exit_pipeline_imp_1OFXE58' (0#1) [d:/MPSOC_YOLO/06_vivado/proj/yolo_zcu104.gen/sources_1/bd/system/ip/system_sc_mem_0/bd_0/synth/bd_0182.v:848]
INFO: [Synth 8-6157] synthesizing module 'bd_0182_m00s2a_0' [d:/MPSOC_YOLO/06_vivado/proj/yolo_zcu104.gen/sources_1/bd/system/ip/system_sc_mem_0/bd_0/ip/ip_11/synth/bd_0182_m00s2a_0.sv:53]
INFO: [Synth 8-6155] done synthesizing module 'bd_0182_m00s2a_0' (0#1) [d:/MPSOC_YOLO/06_vivado/proj/yolo_zcu104.gen/sources_1/bd/system/ip/system_sc_mem_0/bd_0/ip/ip_11/synth/bd_0182_m00s2a_0.sv:53]
INFO: [Synth 8-6157] synthesizing module 'bd_0182_s00a2s_0' [d:/MPSOC_YOLO/06_vivado/proj/yolo_zcu104.gen/sources_1/bd/system/ip/system_sc_mem_0/bd_0/ip/ip_5/synth/bd_0182_s00a2s_0.sv:53]
INFO: [Synth 8-6155] done synthesizing module 'bd_0182_s00a2s_0' (0#1) [d:/MPSOC_YOLO/06_vivado/proj/yolo_zcu104.gen/sources_1/bd/system/ip/system_sc_mem_0/bd_0/ip/ip_5/synth/bd_0182_s00a2s_0.sv:53]
INFO: [Synth 8-6157] synthesizing module 's00_entry_pipeline_imp_P8Y0V3' [d:/MPSOC_YOLO/06_vivado/proj/yolo_zcu104.gen/sources_1/bd/system/ip/system_sc_mem_0/bd_0/synth/bd_0182.v:1229]
INFO: [Synth 8-6157] synthesizing module 'bd_0182_s00mmu_0' [d:/MPSOC_YOLO/06_vivado/proj/yolo_zcu104.gen/sources_1/bd/system/ip/system_sc_mem_0/bd_0/ip/ip_2/synth/bd_0182_s00mmu_0.sv:53]
INFO: [Synth 8-6155] done synthesizing module 'bd_0182_s00mmu_0' (0#1) [d:/MPSOC_YOLO/06_vivado/proj/yolo_zcu104.gen/sources_1/bd/system/ip/system_sc_mem_0/bd_0/ip/ip_2/synth/bd_0182_s00mmu_0.sv:53]
INFO: [Synth 8-6157] synthesizing module 'bd_0182_s00sic_0' [d:/MPSOC_YOLO/06_vivado/proj/yolo_zcu104.gen/sources_1/bd/system/ip/system_sc_mem_0/bd_0/ip/ip_4/synth/bd_0182_s00sic_0.sv:53]
INFO: [Synth 8-6155] done synthesizing module 'bd_0182_s00sic_0' (0#1) [d:/MPSOC_YOLO/06_vivado/proj/yolo_zcu104.gen/sources_1/bd/system/ip/system_sc_mem_0/bd_0/ip/ip_4/synth/bd_0182_s00sic_0.sv:53]
INFO: [Synth 8-6157] synthesizing module 'bd_0182_s00tr_0' [d:/MPSOC_YOLO/06_vivado/proj/yolo_zcu104.gen/sources_1/bd/system/ip/system_sc_mem_0/bd_0/ip/ip_3/synth/bd_0182_s00tr_0.sv:53]
INFO: [Synth 8-6155] done synthesizing module 'bd_0182_s00tr_0' (0#1) [d:/MPSOC_YOLO/06_vivado/proj/yolo_zcu104.gen/sources_1/bd/system/ip/system_sc_mem_0/bd_0/ip/ip_3/synth/bd_0182_s00tr_0.sv:53]
INFO: [Synth 8-6155] done synthesizing module 's00_entry_pipeline_imp_P8Y0V3' (0#1) [d:/MPSOC_YOLO/06_vivado/proj/yolo_zcu104.gen/sources_1/bd/system/ip/system_sc_mem_0/bd_0/synth/bd_0182.v:1229]
INFO: [Synth 8-6157] synthesizing module 's00_nodes_imp_LZUAX1' [d:/MPSOC_YOLO/06_vivado/proj/yolo_zcu104.gen/sources_1/bd/system/ip/system_sc_mem_0/bd_0/synth/bd_0182.v:1888]
INFO: [Synth 8-6157] synthesizing module 'bd_0182_sarn_0' [d:/MPSOC_YOLO/06_vivado/proj/yolo_zcu104.gen/sources_1/bd/system/ip/system_sc_mem_0/bd_0/ip/ip_6/synth/bd_0182_sarn_0.sv:53]
INFO: [Synth 8-6157] synthesizing module 'xpm_memory_sdpram' [C:/Xilinx/Vivado/2024.1/data/ip/xpm/xpm_memory/hdl/xpm_memory.sv:8556]
INFO: [Synth 8-6157] synthesizing module 'xpm_memory_base' [C:/Xilinx/Vivado/2024.1/data/ip/xpm/xpm_memory/hdl/xpm_memory.sv:54]
INFO: [Synth 8-6155] done synthesizing module 'xpm_memory_base' (0#1) [C:/Xilinx/Vivado/2024.1/data/ip/xpm/xpm_memory/hdl/xpm_memory.sv:54]
INFO: [Synth 8-6155] done synthesizing module 'xpm_memory_sdpram' (0#1) [C:/Xilinx/Vivado/2024.1/data/ip/xpm/xpm_memory/hdl/xpm_memory.sv:8556]
INFO: [Synth 8-6155] done synthesizing module 'bd_0182_sarn_0' (0#1) [d:/MPSOC_YOLO/06_vivado/proj/yolo_zcu104.gen/sources_1/bd/system/ip/system_sc_mem_0/bd_0/ip/ip_6/synth/bd_0182_sarn_0.sv:53]
INFO: [Synth 8-6157] synthesizing module 'bd_0182_sawn_0' [d:/MPSOC_YOLO/06_vivado/proj/yolo_zcu104.gen/sources_1/bd/system/ip/system_sc_mem_0/bd_0/ip/ip_8/synth/bd_0182_sawn_0.sv:53]
INFO: [Synth 8-6155] done synthesizing module 'bd_0182_sawn_0' (0#1) [d:/MPSOC_YOLO/06_vivado/proj/yolo_zcu104.gen/sources_1/bd/system/ip/system_sc_mem_0/bd_0/ip/ip_8/synth/bd_0182_sawn_0.sv:53]
INFO: [Synth 8-6157] synthesizing module 'bd_0182_sbn_0' [d:/MPSOC_YOLO/06_vivado/proj/yolo_zcu104.gen/sources_1/bd/system/ip/system_sc_mem_0/bd_0/ip/ip_10/synth/bd_0182_sbn_0.sv:53]
INFO: [Synth 8-6157] synthesizing module 'xpm_memory_sdpram__parameterized0' [C:/Xilinx/Vivado/2024.1/data/ip/xpm/xpm_memory/hdl/xpm_memory.sv:8556]
INFO: [Synth 8-6157] synthesizing module 'xpm_memory_base__parameterized0' [C:/Xilinx/Vivado/2024.1/data/ip/xpm/xpm_memory/hdl/xpm_memory.sv:54]
INFO: [Synth 8-6155] done synthesizing module 'xpm_memory_base__parameterized0' (0#1) [C:/Xilinx/Vivado/2024.1/data/ip/xpm/xpm_memory/hdl/xpm_memory.sv:54]
INFO: [Synth 8-6155] done synthesizing module 'xpm_memory_sdpram__parameterized0' (0#1) [C:/Xilinx/Vivado/2024.1/data/ip/xpm/xpm_memory/hdl/xpm_memory.sv:8556]
INFO: [Synth 8-6155] done synthesizing module 'bd_0182_sbn_0' (0#1) [d:/MPSOC_YOLO/06_vivado/proj/yolo_zcu104.gen/sources_1/bd/system/ip/system_sc_mem_0/bd_0/ip/ip_10/synth/bd_0182_sbn_0.sv:53]
INFO: [Synth 8-6157] synthesizing module 'bd_0182_srn_0' [d:/MPSOC_YOLO/06_vivado/proj/yolo_zcu104.gen/sources_1/bd/system/ip/system_sc_mem_0/bd_0/ip/ip_7/synth/bd_0182_srn_0.sv:53]
INFO: [Synth 8-6157] synthesizing module 'xpm_memory_sdpram__parameterized1' [C:/Xilinx/Vivado/2024.1/data/ip/xpm/xpm_memory/hdl/xpm_memory.sv:8556]
INFO: [Synth 8-6157] synthesizing module 'xpm_memory_base__parameterized1' [C:/Xilinx/Vivado/2024.1/data/ip/xpm/xpm_memory/hdl/xpm_memory.sv:54]
INFO: [Synth 8-6155] done synthesizing module 'xpm_memory_base__parameterized1' (0#1) [C:/Xilinx/Vivado/2024.1/data/ip/xpm/xpm_memory/hdl/xpm_memory.sv:54]
INFO: [Synth 8-6155] done synthesizing module 'xpm_memory_sdpram__parameterized1' (0#1) [C:/Xilinx/Vivado/2024.1/data/ip/xpm/xpm_memory/hdl/xpm_memory.sv:8556]
INFO: [Synth 8-6155] done synthesizing module 'bd_0182_srn_0' (0#1) [d:/MPSOC_YOLO/06_vivado/proj/yolo_zcu104.gen/sources_1/bd/system/ip/system_sc_mem_0/bd_0/ip/ip_7/synth/bd_0182_srn_0.sv:53]
INFO: [Synth 8-6157] synthesizing module 'bd_0182_swn_0' [d:/MPSOC_YOLO/06_vivado/proj/yolo_zcu104.gen/sources_1/bd/system/ip/system_sc_mem_0/bd_0/ip/ip_9/synth/bd_0182_swn_0.sv:53]
INFO: [Synth 8-6157] synthesizing module 'xpm_memory_sdpram__parameterized2' [C:/Xilinx/Vivado/2024.1/data/ip/xpm/xpm_memory/hdl/xpm_memory.sv:8556]
INFO: [Synth 8-6157] synthesizing module 'xpm_memory_base__parameterized2' [C:/Xilinx/Vivado/2024.1/data/ip/xpm/xpm_memory/hdl/xpm_memory.sv:54]
INFO: [Synth 8-6155] done synthesizing module 'xpm_memory_base__parameterized2' (0#1) [C:/Xilinx/Vivado/2024.1/data/ip/xpm/xpm_memory/hdl/xpm_memory.sv:54]
INFO: [Synth 8-6155] done synthesizing module 'xpm_memory_sdpram__parameterized2' (0#1) [C:/Xilinx/Vivado/2024.1/data/ip/xpm/xpm_memory/hdl/xpm_memory.sv:8556]
INFO: [Synth 8-6155] done synthesizing module 'bd_0182_swn_0' (0#1) [d:/MPSOC_YOLO/06_vivado/proj/yolo_zcu104.gen/sources_1/bd/system/ip/system_sc_mem_0/bd_0/ip/ip_9/synth/bd_0182_swn_0.sv:53]
INFO: [Synth 8-6155] done synthesizing module 's00_nodes_imp_LZUAX1' (0#1) [d:/MPSOC_YOLO/06_vivado/proj/yolo_zcu104.gen/sources_1/bd/system/ip/system_sc_mem_0/bd_0/synth/bd_0182.v:1888]
INFO: [Synth 8-6155] done synthesizing module 'bd_0182' (0#1) [d:/MPSOC_YOLO/06_vivado/proj/yolo_zcu104.gen/sources_1/bd/system/ip/system_sc_mem_0/bd_0/synth/bd_0182.v:10]
INFO: [Synth 8-6155] done synthesizing module 'system_sc_mem_0' (0#1) [d:/MPSOC_YOLO/06_vivado/proj/yolo_zcu104.gen/sources_1/bd/system/ip/system_sc_mem_0/synth/system_sc_mem_0.v:53]
INFO: [Synth 8-6157] synthesizing module 'system_yolo_accel_0' [d:/MPSOC_YOLO/06_vivado/proj/yolo_zcu104.gen/sources_1/bd/system/ip/system_yolo_accel_0/synth/system_yolo_accel_0.v:53]
INFO: [Synth 8-6157] synthesizing module 'yolo_accel_wrap' [D:/MPSOC_YOLO/04_rtl/yolo_accel_wrap.v:4]
INFO: [Synth 8-6157] synthesizing module 'yolo_accel' [D:/MPSOC_YOLO/04_rtl/yolo_accel.sv:7]
INFO: [Synth 8-6157] synthesizing module 'axil_regs' [D:/MPSOC_YOLO/04_rtl/axil_regs.sv:12]
INFO: [Synth 8-6155] done synthesizing module 'axil_regs' (0#1) [D:/MPSOC_YOLO/04_rtl/axil_regs.sv:12]
INFO: [Synth 8-6157] synthesizing module 'weight_loader' [D:/MPSOC_YOLO/04_rtl/weight_loader.sv:3]
INFO: [Synth 8-6157] synthesizing module 'burst_gen' [D:/MPSOC_YOLO/04_rtl/burst_gen.sv:3]
INFO: [Synth 8-6155] done synthesizing module 'burst_gen' (0#1) [D:/MPSOC_YOLO/04_rtl/burst_gen.sv:3]
INFO: [Synth 8-6155] done synthesizing module 'weight_loader' (0#1) [D:/MPSOC_YOLO/04_rtl/weight_loader.sv:3]
INFO: [Synth 8-6157] synthesizing module 'line_loader' [D:/MPSOC_YOLO/04_rtl/line_loader.sv:5]
INFO: [Synth 8-6157] synthesizing module 'sdp_ram' [D:/MPSOC_YOLO/04_rtl/sdp_ram.sv:3]
	Parameter W bound to: 32'sb00000000000000000000000010000000 
	Parameter LG bound to: 32'sb00000000000000000000000000001010 
	Parameter LAT bound to: 32'sb00000000000000000000000000000001 
ERROR: [Synth 8-281] expression must be of a packed type [D:/MPSOC_YOLO/04_rtl/sdp_ram.sv:16]
WARNING: [Synth 8-7186] Applying attribute ram_style = "2'b00" is ignored, object 'mem' is not inferred as ram due to incorrect usage [D:/MPSOC_YOLO/04_rtl/sdp_ram.sv:16]
WARNING: [Synth 8-11376] The 'ram_style' set on 'mem' is ignored because '2'b00' is an not a valid value. The default value 'auto' will be used. [D:/MPSOC_YOLO/04_rtl/sdp_ram.sv:16]
ERROR: [Synth 8-6156] failed synthesizing module 'sdp_ram' [D:/MPSOC_YOLO/04_rtl/sdp_ram.sv:3]
ERROR: [Synth 8-6156] failed synthesizing module 'line_loader' [D:/MPSOC_YOLO/04_rtl/line_loader.sv:5]
ERROR: [Synth 8-6156] failed synthesizing module 'yolo_accel' [D:/MPSOC_YOLO/04_rtl/yolo_accel.sv:7]
ERROR: [Synth 8-6156] failed synthesizing module 'yolo_accel_wrap' [D:/MPSOC_YOLO/04_rtl/yolo_accel_wrap.v:4]
ERROR: [Synth 8-6156] failed synthesizing module 'system_yolo_accel_0' [d:/MPSOC_YOLO/06_vivado/proj/yolo_zcu104.gen/sources_1/bd/system/ip/system_yolo_accel_0/synth/system_yolo_accel_0.v:53]
ERROR: [Synth 8-6156] failed synthesizing module 'system' [d:/MPSOC_YOLO/06_vivado/proj/yolo_zcu104.gen/sources_1/bd/system/synth/system.v:13]
ERROR: [Synth 8-6156] failed synthesizing module 'system_wrapper' [D:/MPSOC_YOLO/06_vivado/proj/yolo_zcu104.gen/sources_1/bd/system/hdl/system_wrapper.v:13]
---------------------------------------------------------------------------------
Finished RTL Elaboration : Time (s): cpu = 00:00:07 ; elapsed = 00:00:09 . Memory (MB): peak = 2654.137 ; gain = 573.336
---------------------------------------------------------------------------------
RTL Elaboration failed
INFO: [Common 17-83] Releasing license: Synthesis
158 Infos, 19 Warnings, 0 Critical Warnings and 9 Errors encountered.
synth_design failed
ERROR: [Common 17-69] Command failed: Synthesis failed - please see the console or run log file for details
INFO: [Common 17-206] Exiting Vivado at Mon Sep 28 01:28:10 2026...
[Mon Sep 28 01:28:15 2026] synth_1 finished
ERROR: [Vivado 12-13638] Failed runs(s) : 'synth_1'
wait_on_runs: Time (s): cpu = 00:00:00 ; elapsed = 00:00:35 . Memory (MB): peak = 1498.105 ; gain = 0.000
ERROR: [Common 17-39] 'wait_on_runs' failed due to earlier errors.

    while executing
"wait_on_run synth_1"
    (file "build.tcl" line 118)
INFO: [Common 17-206] Exiting Vivado at Mon Sep 28 01:28:15 2026...
