#-----------------------------------------------------------
# Vivado v2024.1 (64-bit)
# SW Build 5076996 on Wed May 22 18:37:14 MDT 2024
# IP Build 5075265 on Wed May 22 21:45:21 MDT 2024
# SharedData Build 5076995 on Wed May 22 18:29:18 MDT 2024
# Start of session at: Mon Sep 28 01:33:53 2026
# Process ID: 19844
# Current directory: D:/MPSOC_YOLO/06_vivado
# Command line: vivado.exe -mode batch -notrace -source build.tcl -log D:\MPSOC_YOLO\logs\vivado_prep.log -journal D:\MPSOC_YOLO\logs\vivado_prep.jou -tclargs prep
# Log file: D:/MPSOC_YOLO/logs/vivado_prep.log
# Journal file: D:\MPSOC_YOLO\logs\vivado_prep.jou
# Running On        :Gaurav
# Platform          :Windows Server 2016 or Windows 10
# Operating System  :26200
# Processor Detail  :13th Gen Intel(R) Core(TM) i5-13420H
# CPU Frequency     :2611 MHz
# CPU Physical cores:8
# CPU Logical cores :12
# Host memory       :16802 MB
# Swap memory       :8952 MB
# Total Virtual     :25755 MB
# Available Virtual :14200 MB
#-----------------------------------------------------------
source build.tcl -notrace
create_project: Time (s): cpu = 00:00:13 ; elapsed = 00:00:14 . Memory (MB): peak = 914.730 ; gain = 595.664
INFO: board part xilinx.com:zcu104:part0:1.1
Wrote  : <D:\MPSOC_YOLO\06_vivado\proj\yolo_zcu104.srcs\sources_1\bd\system\system.bd> 
INFO: [PSU-1]  DP_AUDIO clock source: RPLL is also being used by other peripheral clocks. Their outputs may get impacted if any driver changes DP_AUDIO PLL source to support runtime audio change 
INFO: [PSU-1]  DP_AUDIO clock source: RPLL is also being used by other peripheral clocks. Their outputs may get impacted if any driver changes DP_AUDIO PLL source to support runtime audio change 
PLCLK: requested 200 MHz, PS actual 187.500000 MHz
INFO: [PSU-1]  DP_AUDIO clock source: RPLL is also being used by other peripheral clocks. Their outputs may get impacted if any driver changes DP_AUDIO PLL source to support runtime audio change 
PLCLK: 200 MHz not exact -> requested 187.5 MHz, PS actual 187.500000 MHz
INFO: [IP_Flow 19-5107] Inferred bus interface 'aclk' of definition 'xilinx.com:signal:clock:1.0' (from X_INTERFACE_INFO parameter from HDL file).
INFO: [IP_Flow 19-5107] Inferred bus interface 'aclk' of definition 'xilinx.com:signal:clock:1.0' (from 'X_INTERFACE_INFO' attribute).
INFO: [IP_Flow 19-5107] Inferred bus interface 'aresetn' of definition 'xilinx.com:signal:reset:1.0' (from X_INTERFACE_INFO parameter from HDL file).
INFO: [IP_Flow 19-5107] Inferred bus interface 'aresetn' of definition 'xilinx.com:signal:reset:1.0' (from 'X_INTERFACE_INFO' attribute).
INFO: [IP_Flow 19-5107] Inferred bus interface 'irq' of definition 'xilinx.com:signal:interrupt:1.0' (from X_INTERFACE_INFO parameter from HDL file).
INFO: [IP_Flow 19-5107] Inferred bus interface 'irq' of definition 'xilinx.com:signal:interrupt:1.0' (from 'X_INTERFACE_INFO' attribute).
INFO: [IP_Flow 19-5107] Inferred bus interface 'm_axi' of definition 'xilinx.com:interface:aximm:1.0' (from Xilinx Repository).
INFO: [IP_Flow 19-5107] Inferred bus interface 's_axi' of definition 'xilinx.com:interface:aximm:1.0' (from Xilinx Repository).
INFO: [IP_Flow 19-4728] Bus Interface 'aclk': Added interface parameter 'ASSOCIATED_BUSIF' with value 'm_axi'.
INFO: [IP_Flow 19-4728] Bus Interface 'aclk': Added interface parameter 'ASSOCIATED_RESET' with value 'aresetn'.
INFO: [IP_Flow 19-4728] Bus Interface 'aresetn': Added interface parameter 'POLARITY' with value 'ACTIVE_LOW'.
INFO: [IP_Flow 19-4728] Bus Interface 'irq': Added interface parameter 'SENSITIVITY' with value 'LEVEL_HIGH'.
WARNING: [IP_Flow 19-11770] Clock interface 'aclk' has no FREQ_HZ parameter.
PLCLK: pl_clk0 FREQ_HZ = 187500000
INFO: [BD 41-3093] Triggering Legacy Auto Assign Algorithm
Slave segment '/zynq_ps/SAXIGP2/HP0_DDR_LOW' is being assigned into address space '/yolo_accel/m_axi' at <0x0000_0000 [ 2G ]>.
Slave segment '/zynq_ps/SAXIGP2/HP0_QSPI' is being assigned into address space '/yolo_accel/m_axi' at <0xC000_0000 [ 512M ]>.
Slave segment '/yolo_accel/s_axi/reg0' is being assigned into address space '/zynq_ps/Data' at <0xA000_0000 [ 4K ]>.
Slave segment '/zynq_ps/SAXIGP2/HP0_LPS_OCM' is being assigned into address space '/yolo_accel/m_axi' at <0xFF00_0000 [ 16M ]>.
Excluding slave segment /zynq_ps/SAXIGP2/HP0_QSPI from address space /yolo_accel/m_axi.
Excluding slave segment /zynq_ps/SAXIGP2/HP0_LPS_OCM from address space /yolo_accel/m_axi.
WARNING: [BD 41-1629] Slave segment </zynq_ps/SAXIGP2/HP0_QSPI> is excluded from all addressing paths.
WARNING: [BD 41-1629] Slave segment </zynq_ps/SAXIGP2/HP0_LPS_OCM> is excluded from all addressing paths.
Excluding slave segment /zynq_ps/SAXIGP2/HP0_LPS_OCM from address space /yolo_accel/m_axi.
Excluding slave segment /zynq_ps/SAXIGP2/HP0_QSPI from address space /yolo_accel/m_axi.
Excluding slave segment /zynq_ps/SAXIGP2/HP0_LPS_OCM from address space /yolo_accel/m_axi.
Excluding slave segment /zynq_ps/SAXIGP2/HP0_QSPI from address space /yolo_accel/m_axi.
INFO: [PSU-1]  DP_AUDIO clock source: RPLL is also being used by other peripheral clocks. Their outputs may get impacted if any driver changes DP_AUDIO PLL source to support runtime audio change 
INFO: [BD 5-943] Reserving offset range <0xA000_0000 [ 4K ]> from slave interface '/sc_ctrl/S00_AXI' to master interface '/sc_ctrl/M00_AXI'. This will be used by smartconnect on path for routing.
INFO: [xilinx.com:ip:smartconnect:1.0-1] system_sc_ctrl_0: SmartConnect system_sc_ctrl_0 is in Low-Area Mode.
WARNING: [xilinx.com:ip:smartconnect:1.0-1] system_sc_ctrl_0: IP system_sc_ctrl_0 is configured in Low-area mode as all propagated traffic is low-bandwidth (AXI4LITE). SI S00_AXI has property HAS_BURST == 1. WRAP bursts are not supported in Low-area mode and will result in DECERR if received.
WARNING: [xilinx.com:ip:smartconnect:1.0-1] system_sc_ctrl_0: If WRAP transactions are required then turn off Low-area mode using ADVANCED_PROPERTIES. Execute following: set_property CONFIG.ADVANCED_PROPERTIES {__experimental_features__ {disable_low_area_mode 1}} [get_bd_cells /system_sc_ctrl_0]
INFO: [BD 5-943] Reserving offset range <0x0000_0000 [ 2G ]> from slave interface '/sc_mem/S00_AXI' to master interface '/sc_mem/M00_AXI'. This will be used by smartconnect on path for routing.
INFO: [xilinx.com:ip:smartconnect:1.0-1] system_sc_mem_0: SmartConnect system_sc_mem_0 is in High-performance Mode.
Excluding slave segment /zynq_ps/SAXIGP2/HP0_LPS_OCM from address space /yolo_accel/m_axi.
Excluding slave segment /zynq_ps/SAXIGP2/HP0_QSPI from address space /yolo_accel/m_axi.
Excluding slave segment /zynq_ps/SAXIGP2/HP0_LPS_OCM from address space /yolo_accel/m_axi.
Excluding slave segment /zynq_ps/SAXIGP2/HP0_QSPI from address space /yolo_accel/m_axi.
Wrote  : <D:\MPSOC_YOLO\06_vivado\proj\yolo_zcu104.srcs\sources_1\bd\system\system.bd> 
BD VALIDATED: pl_clk0 187.500000 MHz
ADDRESS MAP:
  SEG_zynq_ps_HP0_DDR_LOW offset=0x00000000 range=0x80000000
  reg0 offset= range=0x00001000
  SEG_yolo_accel_reg0 offset=0x00A0000000 range=0x0000001000
  HP0_DDR_LOW offset= range=0x80000000
  HP0_QSPI offset= range=0x20000000
  HP0_LPS_OCM offset= range=0x01000000
INFO: [BD 41-1662] The design 'system.bd' is already validated. Therefore parameter propagation will not be re-run.
Verilog Output written to : D:/MPSOC_YOLO/06_vivado/proj/yolo_zcu104.gen/sources_1/bd/system/synth/system.v
Verilog Output written to : D:/MPSOC_YOLO/06_vivado/proj/yolo_zcu104.gen/sources_1/bd/system/sim/system.v
Verilog Output written to : D:/MPSOC_YOLO/06_vivado/proj/yolo_zcu104.gen/sources_1/bd/system/hdl/system_wrapper.v
INFO: [xilinx.com:ip:zynq_ultra_ps_e:3.5-0] system_zynq_ps_0: 
Changes in your design (including the PCW configuration settings) are not automatically exported from Vivado to Amd's SDK, Petalinux or Yocto.
This is by design to avoid disrupting existing embedded development efforts. To have any changes of your design taking effect in the embedded software flow please export your
design by going through Vivado's main menu, click on File, then Export finally select Export Hardware, please ensure you click on the Include BitStream option.
The auto-generated HDF file is all you need to import in Amd's SDK, Petalinux or Yocto for your changes to be reflected in the Embedded Software Flow.
For more information, please consult PG201, section: Exporting PCW Settings to Embedded Software Flows
INFO: [PSU-0] Address Range of DDR (0x7ff00000 to 0x7fffffff) is reserved by PMU for internal purpose.
INFO: [IP_Flow 19-5611] Unable to find an associated reset port for the interface 'M_AXI_HPM0_FPD'. A default connection has been created.
INFO: [IP_Flow 19-5611] Unable to find an associated reset port for the interface 'S_AXI_HP0_FPD'. A default connection has been created.
INFO: [BD 41-1029] Generation completed for the IP Integrator block zynq_ps .
INFO: [BD 41-1029] Generation completed for the IP Integrator block yolo_accel .
INFO: [BD 41-1029] Generation completed for the IP Integrator block rst_pl0 .
Exporting to file d:/MPSOC_YOLO/06_vivado/proj/yolo_zcu104.gen/sources_1/bd/system/ip/system_sc_ctrl_0/bd_0/hw_handoff/system_sc_ctrl_0.hwh
Generated Hardware Definition File d:/MPSOC_YOLO/06_vivado/proj/yolo_zcu104.gen/sources_1/bd/system/ip/system_sc_ctrl_0/bd_0/synth/system_sc_ctrl_0.hwdef
INFO: [BD 41-1029] Generation completed for the IP Integrator block sc_ctrl .
Exporting to file d:/MPSOC_YOLO/06_vivado/proj/yolo_zcu104.gen/sources_1/bd/system/ip/system_sc_mem_0/bd_0/hw_handoff/system_sc_mem_0.hwh
Generated Hardware Definition File d:/MPSOC_YOLO/06_vivado/proj/yolo_zcu104.gen/sources_1/bd/system/ip/system_sc_mem_0/bd_0/synth/system_sc_mem_0.hwdef
INFO: [BD 41-1029] Generation completed for the IP Integrator block sc_mem .
Exporting to file D:/MPSOC_YOLO/06_vivado/proj/yolo_zcu104.gen/sources_1/bd/system/hw_handoff/system.hwh
Generated Hardware Definition File D:/MPSOC_YOLO/06_vivado/proj/yolo_zcu104.gen/sources_1/bd/system/synth/system.hwdef
generate_target: Time (s): cpu = 00:00:26 ; elapsed = 00:00:28 . Memory (MB): peak = 1480.641 ; gain = 335.039
WARNING: [Runs 36-537] File D:/MPSOC_YOLO/06_vivado/lowmem_pre.tcl is not part of fileset utils_1, but has specified as a Tcl hook script for run(s) synth_1. This file will not be handled as part of the project for archive and other project based functionality.
PREP DONE
INFO: [Common 17-206] Exiting Vivado at Mon Sep 28 01:34:51 2026...
