#-----------------------------------------------------------
# Vivado v2024.1 (64-bit)
# SW Build 5076996 on Wed May 22 18:37:14 MDT 2024
# IP Build 5075265 on Wed May 22 21:45:21 MDT 2024
# SharedData Build 5076995 on Wed May 22 18:29:18 MDT 2024
# Start of session at: Mon Sep 28 01:33:30 2026
# Process ID: 10672
# Current directory: D:/MPSOC_YOLO/06_vivado
# Command line: vivado.exe -mode batch -notrace -source build.tcl -log D:\MPSOC_YOLO\logs\vivado_prep.log -journal D:\MPSOC_YOLO\logs\vivado_prep.jou -tclargs prep
# Log file: D:/MPSOC_YOLO/logs/vivado_prep.log
# Journal file: D:\MPSOC_YOLO\logs\vivado_prep.jou
# Running On        :Gaurav
# Platform          :Windows Server 2016 or Windows 10
# Operating System  :26200
# Processor Detail  :13th Gen Intel(R) Core(TM) i5-13420H
# CPU Frequency     :2611 MHz
# CPU Physical cores:8
# CPU Logical cores :12
# Host memory       :16802 MB
# Swap memory       :8952 MB
# Total Virtual     :25755 MB
# Available Virtual :14067 MB
#-----------------------------------------------------------
source build.tcl -notrace
create_project: Time (s): cpu = 00:00:14 ; elapsed = 00:00:15 . Memory (MB): peak = 911.801 ; gain = 594.035
INFO: board part xilinx.com:zcu104:part0:1.1
couldn't read file "C:/Xilinx/Vivado/2024.1/scripts/xguifrmwork/init.tcl": No error
ERROR: [Ip 78-89] Error in evaluating command source [rdi::utils::find_approot_file scripts/xguifrmwork/init.tcl]
 - couldn't read file "C:/Xilinx/Vivado/2024.1/scripts/xguifrmwork/init.tcl": No error
    while executing
"source [rdi::utils::find_approot_file scripts/xguifrmwork/init.tcl]"
invalid command name "::xgui::utils::init_utils"
ERROR: [Ip 78-89] Error in evaluating command ::xgui::utils::init_utils ::xilinx.com:bd_rule:ai_engine:1.0 ai_engine - invalid command name "::xgui::utils::init_utils"
    while executing
"::xgui::utils::init_utils ::xilinx.com:bd_rule:ai_engine:1.0 ai_engine"
invalid command name "updater"
ERROR: [Ip 78-90] Error in initialization of Rule object 'xilinx.com:bd_rule:ai_engine:1.0'
invalid command name "::xgui::utils::init_utils"
ERROR: [Ip 78-89] Error in evaluating command ::xgui::utils::init_utils ::xilinx.com:bd_rule:aurora:1.0 aurora - invalid command name "::xgui::utils::init_utils"
    while executing
"::xgui::utils::init_utils ::xilinx.com:bd_rule:aurora:1.0 aurora"
invalid command name "updater"
ERROR: [Ip 78-90] Error in initialization of Rule object 'xilinx.com:bd_rule:aurora:1.0'
invalid command name "::xgui::utils::init_utils"
ERROR: [Ip 78-89] Error in evaluating command ::xgui::utils::init_utils ::xilinx.com:bd_rule:axi4:1.0 axi4 - invalid command name "::xgui::utils::init_utils"
    while executing
"::xgui::utils::init_utils ::xilinx.com:bd_rule:axi4:1.0 axi4"
invalid command name "updater"
ERROR: [Ip 78-90] Error in initialization of Rule object 'xilinx.com:bd_rule:axi4:1.0'
invalid command name "::xgui::utils::init_utils"
ERROR: [Ip 78-89] Error in evaluating command ::xgui::utils::init_utils ::xilinx.com:bd_rule:axi_chip2chip:1.0 axi_chip2chip - invalid command name "::xgui::utils::init_utils"
    while executing
"::xgui::utils::init_utils ::xilinx.com:bd_rule:axi_chip2chip:1.0 axi_chip2chip"
invalid command name "updater"
ERROR: [Ip 78-90] Error in initialization of Rule object 'xilinx.com:bd_rule:axi_chip2chip:1.0'
invalid command name "::xgui::utils::init_utils"
ERROR: [Ip 78-89] Error in evaluating command ::xgui::utils::init_utils ::xilinx.com:bd_rule:axi_ethernet:1.0 axi_ethernet - invalid command name "::xgui::utils::init_utils"
    while executing
"::xgui::utils::init_utils ::xilinx.com:bd_rule:axi_ethernet:1.0 axi_ethernet"
invalid command name "::xgui::utils::init_utils"
ERROR: [Ip 78-89] Error in evaluating command ::xgui::utils::init_utils ::xilinx.com:bd_rule:axi_noc2:1.0 axi_noc2 - invalid command name "::xgui::utils::init_utils"
    while executing
"::xgui::utils::init_utils ::xilinx.com:bd_rule:axi_noc2:1.0 axi_noc2"
invalid command name "gui_updater"
ERROR: [Ip 78-90] Error in initialization of Rule object 'xilinx.com:bd_rule:axi_noc2:1.0'
invalid command name "::xgui::utils::init_utils"
ERROR: [Ip 78-89] Error in evaluating command ::xgui::utils::init_utils ::xilinx.com:bd_rule:axi_noc:1.0 axi_noc - invalid command name "::xgui::utils::init_utils"
    while executing
"::xgui::utils::init_utils ::xilinx.com:bd_rule:axi_noc:1.0 axi_noc"
invalid command name "gui_updater"
ERROR: [Ip 78-90] Error in initialization of Rule object 'xilinx.com:bd_rule:axi_noc:1.0'
invalid command name "::xgui::utils::init_utils"
ERROR: [Ip 78-89] Error in evaluating command ::xgui::utils::init_utils ::xilinx.com:bd_rule:board:1.0 board - invalid command name "::xgui::utils::init_utils"
    while executing
"::xgui::utils::init_utils ::xilinx.com:bd_rule:board:1.0 board"
invalid command name "gui_updater"
ERROR: [Ip 78-90] Error in initialization of Rule object 'xilinx.com:bd_rule:board:1.0'
invalid command name "::xgui::utils::init_utils"
ERROR: [Ip 78-89] Error in evaluating command ::xgui::utils::init_utils ::xilinx.com:bd_rule:cips:1.0 cips - invalid command name "::xgui::utils::init_utils"
    while executing
"::xgui::utils::init_utils ::xilinx.com:bd_rule:cips:1.0 cips"
invalid command name "gui_updater"
ERROR: [Ip 78-90] Error in initialization of Rule object 'xilinx.com:bd_rule:cips:1.0'
invalid command name "::xgui::utils::init_utils"
ERROR: [Ip 78-89] Error in evaluating command ::xgui::utils::init_utils ::xilinx.com:bd_rule:clkrst:1.0 clkrst - invalid command name "::xgui::utils::init_utils"
    while executing
"::xgui::utils::init_utils ::xilinx.com:bd_rule:clkrst:1.0 clkrst"
invalid command name "updater"
ERROR: [Ip 78-90] Error in initialization of Rule object 'xilinx.com:bd_rule:clkrst:1.0'
invalid command name "::xgui::utils::init_utils"
ERROR: [Ip 78-89] Error in evaluating command ::xgui::utils::init_utils ::xilinx.com:bd_rule:cpri:1.0 cpri - invalid command name "::xgui::utils::init_utils"
    while executing
"::xgui::utils::init_utils ::xilinx.com:bd_rule:cpri:1.0 cpri"
invalid command name "updater"
ERROR: [Ip 78-90] Error in initialization of Rule object 'xilinx.com:bd_rule:cpri:1.0'
invalid command name "::xgui::utils::init_utils"
ERROR: [Ip 78-89] Error in evaluating command ::xgui::utils::init_utils ::xilinx.com:bd_rule:dcmac:1.0 dcmac - invalid command name "::xgui::utils::init_utils"
    while executing
"::xgui::utils::init_utils ::xilinx.com:bd_rule:dcmac:1.0 dcmac"
invalid command name "::xgui::utils::init_utils"
ERROR: [Ip 78-89] Error in evaluating command ::xgui::utils::init_utils ::xilinx.com:bd_rule:ethernet_1_10_25g:1.0 ethernet_1_10_25g - invalid command name "::xgui::utils::init_utils"
    while executing
"::xgui::utils::init_utils ::xilinx.com:bd_rule:ethernet_1_10_25g:1.0 ethernet_1_10_25g"
invalid command name "updater"
ERROR: [Ip 78-90] Error in initialization of Rule object 'xilinx.com:bd_rule:ethernet_1_10_25g:1.0'
invalid command name "::xgui::utils::init_utils"
ERROR: [Ip 78-89] Error in evaluating command ::xgui::utils::init_utils ::xilinx.com:bd_rule:gig_ethernet_pcs_pma:1.0 gig_ethernet_pcs_pma - invalid command name "::xgui::utils::init_utils"
    while executing
"::xgui::utils::init_utils ::xilinx.com:bd_rule:gig_ethernet_pcs_pma:1.0 gig_ethernet_pcs_pma"
invalid command name "::xgui::utils::init_utils"
ERROR: [Ip 78-89] Error in evaluating command ::xgui::utils::init_utils ::xilinx.com:bd_rule:gt_ips:1.0 gt_ips - invalid command name "::xgui::utils::init_utils"
    while executing
"::xgui::utils::init_utils ::xilinx.com:bd_rule:gt_ips:1.0 gt_ips"
invalid command name "updater"
ERROR: [Ip 78-90] Error in initialization of Rule object 'xilinx.com:bd_rule:gt_ips:1.0'
invalid command name "::xgui::utils::init_utils"
ERROR: [Ip 78-89] Error in evaluating command ::xgui::utils::init_utils ::xilinx.com:bd_rule:gt_tx_rx:1.0 gt_tx_rx - invalid command name "::xgui::utils::init_utils"
    while executing
"::xgui::utils::init_utils ::xilinx.com:bd_rule:gt_tx_rx:1.0 gt_tx_rx"
invalid command name "::xgui::utils::init_utils"
ERROR: [Ip 78-89] Error in evaluating command ::xgui::utils::init_utils ::xilinx.com:bd_rule:hdmi_gt_controller:1.0 hdmi_gt_controller - invalid command name "::xgui::utils::init_utils"
    while executing
"::xgui::utils::init_utils ::xilinx.com:bd_rule:hdmi_gt_controller:1.0 hdmi_gt_controller"
invalid command name "::xgui::utils::init_utils"
ERROR: [Ip 78-89] Error in evaluating command ::xgui::utils::init_utils ::xilinx.com:bd_rule:ilknf:1.0 ilknf - invalid command name "::xgui::utils::init_utils"
    while executing
"::xgui::utils::init_utils ::xilinx.com:bd_rule:ilknf:1.0 ilknf"
invalid command name "updater"
ERROR: [Ip 78-90] Error in initialization of Rule object 'xilinx.com:bd_rule:ilknf:1.0'
invalid command name "::xgui::utils::init_utils"
ERROR: [Ip 78-89] Error in evaluating command ::xgui::utils::init_utils ::xilinx.com:bd_rule:jesd204c:1.0 jesd204c - invalid command name "::xgui::utils::init_utils"
    while executing
"::xgui::utils::init_utils ::xilinx.com:bd_rule:jesd204c:1.0 jesd204c"
invalid command name "updater"
ERROR: [Ip 78-90] Error in initialization of Rule object 'xilinx.com:bd_rule:jesd204c:1.0'
invalid command name "::xgui::utils::init_utils"
ERROR: [Ip 78-89] Error in evaluating command ::xgui::utils::init_utils ::xilinx.com:bd_rule:l_ethernet:1.0 l_ethernet - invalid command name "::xgui::utils::init_utils"
    while executing
"::xgui::utils::init_utils ::xilinx.com:bd_rule:l_ethernet:1.0 l_ethernet"
invalid command name "::xgui::utils::init_utils"
ERROR: [Ip 78-89] Error in evaluating command ::xgui::utils::init_utils ::xilinx.com:bd_rule:microblaze:1.0 microblaze - invalid command name "::xgui::utils::init_utils"
    while executing
"::xgui::utils::init_utils ::xilinx.com:bd_rule:microblaze:1.0 microblaze"
invalid command name "updater"
ERROR: [Ip 78-90] Error in initialization of Rule object 'xilinx.com:bd_rule:microblaze:1.0'
invalid command name "::xgui::utils::init_utils"
ERROR: [Ip 78-89] Error in evaluating command ::xgui::utils::init_utils ::xilinx.com:bd_rule:microblaze_riscv:1.0 microblaze_riscv - invalid command name "::xgui::utils::init_utils"
    while executing
"::xgui::utils::init_utils ::xilinx.com:bd_rule:microblaze_riscv:1.0 microblaze_riscv"
invalid command name "gui_updater"
ERROR: [Ip 78-90] Error in initialization of Rule object 'xilinx.com:bd_rule:microblaze_riscv:1.0'
invalid command name "::xgui::utils::init_utils"
ERROR: [Ip 78-89] Error in evaluating command ::xgui::utils::init_utils ::xilinx.com:bd_rule:mrmac:1.0 mrmac - invalid command name "::xgui::utils::init_utils"
    while executing
"::xgui::utils::init_utils ::xilinx.com:bd_rule:mrmac:1.0 mrmac"
invalid command name "updater"
ERROR: [Ip 78-90] Error in initialization of Rule object 'xilinx.com:bd_rule:mrmac:1.0'
invalid command name "::xgui::utils::init_utils"
ERROR: [Ip 78-89] Error in evaluating command ::xgui::utils::init_utils ::xilinx.com:bd_rule:oran_radio_if:1.0 oran_radio_if - invalid command name "::xgui::utils::init_utils"
    while executing
"::xgui::utils::init_utils ::xilinx.com:bd_rule:oran_radio_if:1.0 oran_radio_if"
invalid command name "::xgui::utils::init_utils"
ERROR: [Ip 78-89] Error in evaluating command ::xgui::utils::init_utils ::xilinx.com:bd_rule:pcie4_uscale_plus:1.0 pcie4_uscale_plus - invalid command name "::xgui::utils::init_utils"
    while executing
"::xgui::utils::init_utils ::xilinx.com:bd_rule:pcie4_uscale_plus:1.0 pcie4_uscale_plus"
invalid command name "::xgui::utils::init_utils"
ERROR: [Ip 78-89] Error in evaluating command ::xgui::utils::init_utils ::xilinx.com:bd_rule:pcie4c_uscale_plus:1.0 pcie4c_uscale_plus - invalid command name "::xgui::utils::init_utils"
    while executing
"::xgui::utils::init_utils ::xilinx.com:bd_rule:pcie4c_uscale_plus:1.0 pcie4c_uscale_plus"
invalid command name "::xgui::utils::init_utils"
ERROR: [Ip 78-89] Error in evaluating command ::xgui::utils::init_utils ::xilinx.com:bd_rule:pcie_dma_versal:1.0 pcie_dma_versal - invalid command name "::xgui::utils::init_utils"
    while executing
"::xgui::utils::init_utils ::xilinx.com:bd_rule:pcie_dma_versal:1.0 pcie_dma_versal"
invalid command name "updater"
ERROR: [Ip 78-90] Error in initialization of Rule object 'xilinx.com:bd_rule:pcie_dma_versal:1.0'
invalid command name "::xgui::utils::init_utils"
ERROR: [Ip 78-89] Error in evaluating command ::xgui::utils::init_utils ::xilinx.com:bd_rule:pcie_phy_versal:1.0 pcie_phy_versal - invalid command name "::xgui::utils::init_utils"
    while executing
"::xgui::utils::init_utils ::xilinx.com:bd_rule:pcie_phy_versal:1.0 pcie_phy_versal"
invalid command name "updater"
ERROR: [Ip 78-90] Error in initialization of Rule object 'xilinx.com:bd_rule:pcie_phy_versal:1.0'
invalid command name "::xgui::utils::init_utils"
ERROR: [Ip 78-89] Error in evaluating command ::xgui::utils::init_utils ::xilinx.com:bd_rule:pcie_versal:1.0 pcie_versal - invalid command name "::xgui::utils::init_utils"
    while executing
"::xgui::utils::init_utils ::xilinx.com:bd_rule:pcie_versal:1.0 pcie_versal"
invalid command name "updater"
ERROR: [Ip 78-90] Error in initialization of Rule object 'xilinx.com:bd_rule:pcie_versal:1.0'
invalid command name "::xgui::utils::init_utils"
ERROR: [Ip 78-89] Error in evaluating command ::xgui::utils::init_utils ::xilinx.com:bd_rule:ps_wizard:1.0 ps_wizard - invalid command name "::xgui::utils::init_utils"
    while executing
"::xgui::utils::init_utils ::xilinx.com:bd_rule:ps_wizard:1.0 ps_wizard"
invalid command name "gui_updater"
ERROR: [Ip 78-90] Error in initialization of Rule object 'xilinx.com:bd_rule:ps_wizard:1.0'
invalid command name "::xgui::utils::init_utils"
ERROR: [Ip 78-89] Error in evaluating command ::xgui::utils::init_utils ::xilinx.com:bd_rule:qdma:1.0 qdma - invalid command name "::xgui::utils::init_utils"
    while executing
"::xgui::utils::init_utils ::xilinx.com:bd_rule:qdma:1.0 qdma"
invalid command name "::xgui::utils::init_utils"
ERROR: [Ip 78-89] Error in evaluating command ::xgui::utils::init_utils ::xilinx.com:bd_rule:quadsgmii:1.0 quadsgmii - invalid command name "::xgui::utils::init_utils"
    while executing
"::xgui::utils::init_utils ::xilinx.com:bd_rule:quadsgmii:1.0 quadsgmii"
invalid command name "::xgui::utils::init_utils"
ERROR: [Ip 78-89] Error in evaluating command ::xgui::utils::init_utils ::xilinx.com:bd_rule:tmr:1.0 tmr - invalid command name "::xgui::utils::init_utils"
    while executing
"::xgui::utils::init_utils ::xilinx.com:bd_rule:tmr:1.0 tmr"
invalid command name "gui_updater"
ERROR: [Ip 78-90] Error in initialization of Rule object 'xilinx.com:bd_rule:tmr:1.0'
invalid command name "::xgui::utils::init_utils"
ERROR: [Ip 78-89] Error in evaluating command ::xgui::utils::init_utils ::xilinx.com:bd_rule:usxgmii:1.0 usxgmii - invalid command name "::xgui::utils::init_utils"
    while executing
"::xgui::utils::init_utils ::xilinx.com:bd_rule:usxgmii:1.0 usxgmii"
invalid command name "updater"
ERROR: [Ip 78-90] Error in initialization of Rule object 'xilinx.com:bd_rule:usxgmii:1.0'
invalid command name "::xgui::utils::init_utils"
ERROR: [Ip 78-89] Error in evaluating command ::xgui::utils::init_utils ::xilinx.com:bd_rule:v_vid_gt_bridge:2.0 v_vid_gt_bridge - invalid command name "::xgui::utils::init_utils"
    while executing
"::xgui::utils::init_utils ::xilinx.com:bd_rule:v_vid_gt_bridge:2.0 v_vid_gt_bridge"
invalid command name "updater"
ERROR: [Ip 78-90] Error in initialization of Rule object 'xilinx.com:bd_rule:v_vid_gt_bridge:2.0'
invalid command name "::xgui::utils::init_utils"
ERROR: [Ip 78-89] Error in evaluating command ::xgui::utils::init_utils ::xilinx.com:bd_rule:versal_cips:1.0 versal_cips - invalid command name "::xgui::utils::init_utils"
    while executing
"::xgui::utils::init_utils ::xilinx.com:bd_rule:versal_cips:1.0 versal_cips"
invalid command name "updater"
ERROR: [Ip 78-90] Error in initialization of Rule object 'xilinx.com:bd_rule:versal_cips:1.0'
invalid command name "::xgui::utils::init_utils"
ERROR: [Ip 78-89] Error in evaluating command ::xgui::utils::init_utils ::xilinx.com:bd_rule:versal_dp_rx_ss:1.0 versal_dp_rx_ss - invalid command name "::xgui::utils::init_utils"
    while executing
"::xgui::utils::init_utils ::xilinx.com:bd_rule:versal_dp_rx_ss:1.0 versal_dp_rx_ss"
invalid command name "::xgui::utils::init_utils"
ERROR: [Ip 78-89] Error in evaluating command ::xgui::utils::init_utils ::xilinx.com:bd_rule:versal_dp_tx_ss:1.0 versal_dp_tx_ss - invalid command name "::xgui::utils::init_utils"
    while executing
"::xgui::utils::init_utils ::xilinx.com:bd_rule:versal_dp_tx_ss:1.0 versal_dp_tx_ss"
invalid command name "::xgui::utils::init_utils"
ERROR: [Ip 78-89] Error in evaluating command ::xgui::utils::init_utils ::xilinx.com:bd_rule:versal_hdmi_rx_ss:1.0 versal_hdmi_rx_ss - invalid command name "::xgui::utils::init_utils"
    while executing
"::xgui::utils::init_utils ::xilinx.com:bd_rule:versal_hdmi_rx_ss:1.0 versal_hdmi_rx_ss"
invalid command name "::xgui::utils::init_utils"
ERROR: [Ip 78-89] Error in evaluating command ::xgui::utils::init_utils ::xilinx.com:bd_rule:versal_hdmi_tx_ss:1.0 versal_hdmi_tx_ss - invalid command name "::xgui::utils::init_utils"
    while executing
"::xgui::utils::init_utils ::xilinx.com:bd_rule:versal_hdmi_tx_ss:1.0 versal_hdmi_tx_ss"
invalid command name "::xgui::utils::init_utils"
ERROR: [Ip 78-89] Error in evaluating command ::xgui::utils::init_utils ::xilinx.com:bd_rule:xdma:1.0 xdma - invalid command name "::xgui::utils::init_utils"
    while executing
"::xgui::utils::init_utils ::xilinx.com:bd_rule:xdma:1.0 xdma"
invalid command name "updater"
ERROR: [Ip 78-90] Error in initialization of Rule object 'xilinx.com:bd_rule:xdma:1.0'
invalid command name "::xgui::utils::init_utils"
ERROR: [Ip 78-89] Error in evaluating command ::xgui::utils::init_utils ::xilinx.com:bd_rule:xxv_ethernet:1.0 xxv_ethernet - invalid command name "::xgui::utils::init_utils"
    while executing
"::xgui::utils::init_utils ::xilinx.com:bd_rule:xxv_ethernet:1.0 xxv_ethernet"
Wrote  : <D:\MPSOC_YOLO\06_vivado\proj\yolo_zcu104.srcs\sources_1\bd\system\system.bd> 
ERROR: [Common 17-39] 'create_bd_design' failed due to earlier errors.

    while executing
"create_bd_design system"
    invoked from within
"if {$runs} {
  # stage 2 (fresh, small Vivado process): open the prepared project and run synth/impl/bitstream
  open_project $pdir/$proj.xpr
  reset_..."
    (file "build.tcl" line 25)
INFO: [Common 17-206] Exiting Vivado at Mon Sep 28 01:33:51 2026...
