INFO: [VRFC 10-2263] Analyzing SystemVerilog file "D:/MPSOC_YOLO/04_rtl/yolo_pkg.sv" into library work
INFO: [VRFC 10-2263] Analyzing SystemVerilog file "D:/MPSOC_YOLO/04_rtl/sdp_ram.sv" into library work
INFO: [VRFC 10-311] analyzing module sdp_ram
INFO: [VRFC 10-2263] Analyzing SystemVerilog file "D:/MPSOC_YOLO/04_rtl/sync_fifo.sv" into library work
INFO: [VRFC 10-311] analyzing module sync_fifo
INFO: [VRFC 10-2263] Analyzing SystemVerilog file "D:/MPSOC_YOLO/04_rtl/burst_gen.sv" into library work
INFO: [VRFC 10-311] analyzing module burst_gen
INFO: [VRFC 10-2263] Analyzing SystemVerilog file "D:/MPSOC_YOLO/04_rtl/axil_regs.sv" into library work
INFO: [VRFC 10-311] analyzing module axil_regs
INFO: [VRFC 10-2263] Analyzing SystemVerilog file "D:/MPSOC_YOLO/04_rtl/weight_loader.sv" into library work
INFO: [VRFC 10-311] analyzing module weight_loader
INFO: [VRFC 10-2263] Analyzing SystemVerilog file "D:/MPSOC_YOLO/04_rtl/line_loader.sv" into library work
INFO: [VRFC 10-311] analyzing module line_loader
INFO: [VRFC 10-2263] Analyzing SystemVerilog file "D:/MPSOC_YOLO/04_rtl/pe_array.sv" into library work
INFO: [VRFC 10-311] analyzing module pe_array
INFO: [VRFC 10-2263] Analyzing SystemVerilog file "D:/MPSOC_YOLO/04_rtl/epilogue.sv" into library work
INFO: [VRFC 10-311] analyzing module epilogue
INFO: [VRFC 10-2263] Analyzing SystemVerilog file "D:/MPSOC_YOLO/04_rtl/conv_engine.sv" into library work
INFO: [VRFC 10-311] analyzing module conv_engine
INFO: [VRFC 10-2263] Analyzing SystemVerilog file "D:/MPSOC_YOLO/04_rtl/writer.sv" into library work
INFO: [VRFC 10-311] analyzing module writer
INFO: [VRFC 10-2263] Analyzing SystemVerilog file "D:/MPSOC_YOLO/04_rtl/yolo_accel.sv" into library work
INFO: [VRFC 10-311] analyzing module yolo_accel
INFO: [VRFC 10-2263] Analyzing SystemVerilog file "D:/MPSOC_YOLO/04_rtl/yolo_accel_wrap.v" into library work
INFO: [VRFC 10-311] analyzing module yolo_accel_wrap
INFO: [VRFC 10-2263] Analyzing SystemVerilog file "D:/MPSOC_YOLO/05_tb/axi_mem_model.sv" into library work
INFO: [VRFC 10-311] analyzing module axi_mem_model
INFO: [VRFC 10-2263] Analyzing SystemVerilog file "D:/MPSOC_YOLO/05_tb/tb_top.sv" into library work
INFO: [VRFC 10-311] analyzing module tb_top
