Copyright 1986-2022 Xilinx, Inc. All Rights Reserved. Copyright 2022-2024 Advanced Micro Devices, Inc. All Rights Reserved.
--------------------------------------------------------------------------------------------------------------------------------------------------
| Tool Version      : Vivado v.2024.1 (win64) Build 5076996 Wed May 22 18:37:14 MDT 2024
| Date              : Mon Sep 28 01:42:59 2026
| Host              : Gaurav running 64-bit major release  (build 9200)
| Command           : report_timing_summary -file D:/MPSOC_YOLO/06_vivado/reports/timing_synth.rpt
| Design            : system_wrapper
| Device            : xczu7ev-ffvc1156
| Speed File        : -2  PRODUCTION 1.30 05-15-2022
| Design State      : Synthesized
| Temperature Grade : E
--------------------------------------------------------------------------------------------------------------------------------------------------

Timing Summary Report

------------------------------------------------------------------------------------------------
| Timer Settings
| --------------
------------------------------------------------------------------------------------------------

  Enable Multi Corner Analysis               :  Yes
  Enable Pessimism Removal                   :  Yes
  Pessimism Removal Resolution               :  Nearest Common Node
  Enable Input Delay Default Clock           :  No
  Enable Preset / Clear Arcs                 :  No
  Disable Flight Delays                      :  No
  Ignore I/O Paths                           :  No
  Timing Early Launch at Borrowing Latches   :  No
  Borrow Time for Max Delay Exceptions       :  Yes
  Merge Timing Exceptions                    :  Yes
  Inter-SLR Compensation                     :  Conservative

  Corner  Analyze    Analyze    
  Name    Max Paths  Min Paths  
  ------  ---------  ---------  
  Slow    Yes        Yes        
  Fast    Yes        Yes        


------------------------------------------------------------------------------------------------
| Report Methodology
| ------------------
------------------------------------------------------------------------------------------------

No report available as report_methodology has not been run prior. Run report_methodology on the current design for the summary of methodology violations.



check_timing report

Table of Contents
-----------------
1. checking no_clock (8)
2. checking constant_clock (0)
3. checking pulse_width_clock (0)
4. checking unconstrained_internal_endpoints (0)
5. checking no_input_delay (0)
6. checking no_output_delay (0)
7. checking multiple_clock (0)
8. checking generated_clocks (0)
9. checking loops (0)
10. checking partial_input_delay (0)
11. checking partial_output_delay (0)
12. checking latch_loops (0)

1. checking no_clock (8)
------------------------
 There are 8 register/latch pins with no clock (HIGH)


2. checking constant_clock (0)
------------------------------
 There are 0 register/latch pins with constant_clock.


3. checking pulse_width_clock (0)
---------------------------------
 There are 0 register/latch pins which need pulse_width check


4. checking unconstrained_internal_endpoints (0)
------------------------------------------------
 There are 0 pins that are not constrained for maximum delay.

 There are 0 pins that are not constrained for maximum delay due to constant clock.


5. checking no_input_delay (0)
------------------------------
 There are 0 input ports with no input delay specified.

 There are 0 input ports with no input delay but user has a false path constraint.


6. checking no_output_delay (0)
-------------------------------
 There are 0 ports with no output delay specified.

 There are 0 ports with no output delay but user has a false path constraint

 There are 0 ports with no output delay but with a timing clock defined on it or propagating through it


7. checking multiple_clock (0)
------------------------------
 There are 0 register/latch pins with multiple clocks.


8. checking generated_clocks (0)
--------------------------------
 There are 0 generated clocks that are not connected to a clock source.


9. checking loops (0)
---------------------
 There are 0 combinational loops in the design.


10. checking partial_input_delay (0)
------------------------------------
 There are 0 input ports with partial input delay specified.


11. checking partial_output_delay (0)
-------------------------------------
 There are 0 ports with partial output delay specified.


12. checking latch_loops (0)
----------------------------
 There are 0 combinational latch loops in the design through latch input



------------------------------------------------------------------------------------------------
| Design Timing Summary
| ---------------------
------------------------------------------------------------------------------------------------

    WNS(ns)      TNS(ns)  TNS Failing Endpoints  TNS Total Endpoints      WHS(ns)      THS(ns)  THS Failing Endpoints  THS Total Endpoints     WPWS(ns)     TPWS(ns)  TPWS Failing Endpoints  TPWS Total Endpoints  
    -------      -------  ---------------------  -------------------      -------      -------  ---------------------  -------------------     --------     --------  ----------------------  --------------------  
      1.613        0.000                      0                57043       -0.082     -887.419                  21571                57043        1.166        0.000                       0                 25173  


Timing constraints are not met.


------------------------------------------------------------------------------------------------
| Clock Summary
| -------------
------------------------------------------------------------------------------------------------

Clock     Waveform(ns)         Period(ns)      Frequency(MHz)
-----     ------------         ----------      --------------
clk_pl_0  {0.000 2.667}        5.333           187.512         


------------------------------------------------------------------------------------------------
| Intra Clock Table
| -----------------
------------------------------------------------------------------------------------------------

Clock             WNS(ns)      TNS(ns)  TNS Failing Endpoints  TNS Total Endpoints      WHS(ns)      THS(ns)  THS Failing Endpoints  THS Total Endpoints     WPWS(ns)     TPWS(ns)  TPWS Failing Endpoints  TPWS Total Endpoints  
-----             -------      -------  ---------------------  -------------------      -------      -------  ---------------------  -------------------     --------     --------  ----------------------  --------------------  
clk_pl_0            1.613        0.000                      0                57043       -0.082     -887.419                  21571                57043        1.166        0.000                       0                 25173  


------------------------------------------------------------------------------------------------
| Inter Clock Table
| -----------------
------------------------------------------------------------------------------------------------

From Clock    To Clock          WNS(ns)      TNS(ns)  TNS Failing Endpoints  TNS Total Endpoints      WHS(ns)      THS(ns)  THS Failing Endpoints  THS Total Endpoints  
----------    --------          -------      -------  ---------------------  -------------------      -------      -------  ---------------------  -------------------  


------------------------------------------------------------------------------------------------
| Other Path Groups Table
| -----------------------
------------------------------------------------------------------------------------------------

Path Group    From Clock    To Clock          WNS(ns)      TNS(ns)  TNS Failing Endpoints  TNS Total Endpoints      WHS(ns)      THS(ns)  THS Failing Endpoints  THS Total Endpoints  
----------    ----------    --------          -------      -------  ---------------------  -------------------      -------      -------  ---------------------  -------------------  


------------------------------------------------------------------------------------------------
| Timing Details
| --------------
------------------------------------------------------------------------------------------------


---------------------------------------------------------------------------------------------------
From Clock:  clk_pl_0
  To Clock:  clk_pl_0

Setup :            0  Failing Endpoints,  Worst Slack        1.613ns,  Total Violation        0.000ns
Hold  :        21571  Failing Endpoints,  Worst Slack       -0.082ns,  Total Violation     -887.419ns
PW    :            0  Failing Endpoints,  Worst Slack        1.166ns,  Total Violation        0.000ns
---------------------------------------------------------------------------------------------------


Max Delay Paths
--------------------------------------------------------------------------------------
Slack (MET) :             1.613ns  (required time - arrival time)
  Source:                 system_i/yolo_accel/inst/u_core/dsc_reg[k][1]/C
                            (rising edge-triggered cell FDRE clocked by clk_pl_0  {rise@0.000ns fall@2.667ns period=5.333ns})
  Destination:            system_i/yolo_accel/inst/u_core/u_eng/c_reg[0]/R
                            (rising edge-triggered cell FDRE clocked by clk_pl_0  {rise@0.000ns fall@2.667ns period=5.333ns})
  Path Group:             clk_pl_0
  Path Type:              Setup (Max at Slow Process Corner)
  Requirement:            5.333ns  (clk_pl_0 rise@5.333ns - clk_pl_0 rise@0.000ns)
  Data Path Delay:        3.389ns  (logic 1.084ns (31.986%)  route 2.305ns (68.014%))
  Logic Levels:           14  (CARRY8=6 LUT2=1 LUT3=2 LUT4=2 LUT6=3)
  Clock Path Skew:        -0.145ns (DCD - SCD + CPR)
    Destination Clock Delay (DCD):    2.607ns = ( 7.940 - 5.333 ) 
    Source Clock Delay      (SCD):    2.792ns
    Clock Pessimism Removal (CPR):    0.040ns
  Clock Uncertainty:      0.112ns  ((TSJ^2 + DJ^2)^1/2) / 2 + PE
    Total System Jitter     (TSJ):    0.071ns
    Discrete Jitter          (DJ):    0.213ns
    Phase Error              (PE):    0.000ns

    Location             Delay type                Incr(ns)  Path(ns)    Netlist Resource(s)
  -------------------------------------------------------------------    -------------------
                         (clock clk_pl_0 rise edge)
                                                      0.000     0.000 r  
                         PS8                          0.000     0.000 r  system_i/zynq_ps/inst/PS8_i/PLCLK[0]
                         net (fo=1, unplaced)         0.180     0.180    system_i/zynq_ps/inst/pl_clk_unbuffered[0]
                         BUFG_PS (Prop_BUFG_PS_I_O)
                                                      0.028     0.208 r  system_i/zynq_ps/inst/buffer_pl_clk_0.PL_CLK_0_BUFG/O
                         net (fo=25355, unplaced)     2.584     2.792    system_i/yolo_accel/inst/u_core/aclk
                         FDRE                                         r  system_i/yolo_accel/inst/u_core/dsc_reg[k][1]/C
  -------------------------------------------------------------------    -------------------
                         FDRE (Prop_FDRE_C_Q)         0.077     2.869 r  system_i/yolo_accel/inst/u_core/dsc_reg[k][1]/Q
                         net (fo=6, unplaced)         0.159     3.028    system_i/yolo_accel/inst/u_core/u_eng/ky_reg[0]_0[1]
                         LUT2 (Prop_LUT2_I1_O)        0.037     3.065 r  system_i/yolo_accel/inst/u_core/u_eng/st_row[31]_i_49/O
                         net (fo=1, unplaced)         0.023     3.088    system_i/yolo_accel/inst/u_core/u_eng/st_row[31]_i_49_n_0
                         CARRY8 (Prop_CARRY8_S[1]_CO[7])
                                                      0.197     3.285 r  system_i/yolo_accel/inst/u_core/u_eng/st_row_reg[31]_i_32/CO[7]
                         net (fo=1, unplaced)         0.005     3.290    system_i/yolo_accel/inst/u_core/u_eng/st_row_reg[31]_i_32_n_0
                         CARRY8 (Prop_CARRY8_CI_O[2])
                                                      0.067     3.357 r  system_i/yolo_accel/inst/u_core/u_eng/st_row_reg[31]_i_27/O[2]
                         net (fo=4, unplaced)         0.148     3.505    system_i/yolo_accel/inst/u_core/u_eng/need_rows2[10]
                         LUT4 (Prop_LUT4_I0_O)        0.105     3.610 r  system_i/yolo_accel/inst/u_core/u_eng/st_row[31]_i_53/O
                         net (fo=1, unplaced)         0.238     3.848    system_i/yolo_accel/inst/u_core/u_eng/st_row[31]_i_53_n_0
                         CARRY8 (Prop_CARRY8_DI[5]_CO[7])
                                                      0.097     3.945 r  system_i/yolo_accel/inst/u_core/u_eng/st_row_reg[31]_i_44/CO[7]
                         net (fo=1, unplaced)         0.005     3.950    system_i/yolo_accel/inst/u_core/u_eng/st_row_reg[31]_i_44_n_0
                         CARRY8 (Prop_CARRY8_CI_CO[0])
                                                      0.052     4.002 r  system_i/yolo_accel/inst/u_core/u_eng/st_row_reg[31]_i_25/CO[0]
                         net (fo=34, unplaced)        0.247     4.249    system_i/yolo_accel/inst/u_core/u_eng/need_rows1
                         LUT3 (Prop_LUT3_I1_O)        0.070     4.319 f  system_i/yolo_accel/inst/u_core/u_eng/st_row[31]_i_35/O
                         net (fo=1, unplaced)         0.186     4.505    system_i/yolo_accel/inst/u_core/u_eng/need_rows__0[0]
                         LUT6 (Prop_LUT6_I1_O)        0.038     4.543 r  system_i/yolo_accel/inst/u_core/u_eng/st_row[31]_i_15/O
                         net (fo=1, unplaced)         0.233     4.776    system_i/yolo_accel/inst/u_core/u_eng/st_row[31]_i_15_n_0
                         CARRY8 (Prop_CARRY8_DI[0]_CO[7])
                                                      0.140     4.916 r  system_i/yolo_accel/inst/u_core/u_eng/st_row_reg[31]_i_5/CO[7]
                         net (fo=1, unplaced)         0.005     4.921    system_i/yolo_accel/inst/u_core/u_eng/st_row_reg[31]_i_5_n_0
                         CARRY8 (Prop_CARRY8_CI_CO[0])
                                                      0.052     4.973 r  system_i/yolo_accel/inst/u_core/u_eng/st_row_reg[31]_i_3/CO[0]
                         net (fo=3, unplaced)         0.192     5.165    system_i/yolo_accel/inst/u_core/u_eng/rows_ok
                         LUT6 (Prop_LUT6_I0_O)        0.038     5.203 r  system_i/yolo_accel/inst/u_core/u_eng/wa[15]_i_5/O
                         net (fo=1, unplaced)         0.186     5.389    system_i/yolo_accel/inst/u_core/u_eng/wa[15]_i_5_n_0
                         LUT4 (Prop_LUT4_I2_O)        0.038     5.427 r  system_i/yolo_accel/inst/u_core/u_eng/wa[15]_i_2/O
                         net (fo=38, unplaced)        0.250     5.677    system_i/yolo_accel/inst/u_core/u_eng/sel
                         LUT6 (Prop_LUT6_I0_O)        0.038     5.715 r  system_i/yolo_accel/inst/u_core/u_eng/kx[3]_i_2/O
                         net (fo=8, unplaced)         0.214     5.929    system_i/yolo_accel/inst/u_core/u_eng/kx[3]_i_2_n_0
                         LUT3 (Prop_LUT3_I0_O)        0.038     5.967 r  system_i/yolo_accel/inst/u_core/u_eng/c[7]_i_1/O
                         net (fo=8, unplaced)         0.214     6.181    system_i/yolo_accel/inst/u_core/u_eng/c[7]_i_1_n_0
                         FDRE                                         r  system_i/yolo_accel/inst/u_core/u_eng/c_reg[0]/R
  -------------------------------------------------------------------    -------------------

                         (clock clk_pl_0 rise edge)
                                                      5.333     5.333 r  
                         PS8                          0.000     5.333 r  system_i/zynq_ps/inst/PS8_i/PLCLK[0]
                         net (fo=1, unplaced)         0.143     5.476    system_i/zynq_ps/inst/pl_clk_unbuffered[0]
                         BUFG_PS (Prop_BUFG_PS_I_O)
                                                      0.025     5.501 r  system_i/zynq_ps/inst/buffer_pl_clk_0.PL_CLK_0_BUFG/O
                         net (fo=25355, unplaced)     2.439     7.940    system_i/yolo_accel/inst/u_core/u_eng/aclk
                         FDRE                                         r  system_i/yolo_accel/inst/u_core/u_eng/c_reg[0]/C
                         clock pessimism              0.040     7.980    
                         clock uncertainty           -0.112     7.868    
                         FDRE (Setup_FDRE_C_R)       -0.074     7.794    system_i/yolo_accel/inst/u_core/u_eng/c_reg[0]
  -------------------------------------------------------------------
                         required time                          7.794    
                         arrival time                          -6.181    
  -------------------------------------------------------------------
                         slack                                  1.613    





Min Delay Paths
--------------------------------------------------------------------------------------
Slack (VIOLATED) :        -0.082ns  (arrival time - required time)
  Source:                 system_i/yolo_accel/inst/u_core/u_eng/col_min_reg[17]/C
                            (rising edge-triggered cell FDRE clocked by clk_pl_0  {rise@0.000ns fall@2.667ns period=5.333ns})
  Destination:            system_i/yolo_accel/inst/u_core/u_eng/s0_ix_reg[17]/D
                            (rising edge-triggered cell FDRE clocked by clk_pl_0  {rise@0.000ns fall@2.667ns period=5.333ns})
  Path Group:             clk_pl_0
  Path Type:              Hold (Min at Fast Process Corner)
  Requirement:            0.000ns  (clk_pl_0 rise@0.000ns - clk_pl_0 rise@0.000ns)
  Data Path Delay:        0.109ns  (logic 0.056ns (51.376%)  route 0.053ns (48.624%))
  Logic Levels:           1  (CARRY8=1)
  Clock Path Skew:        0.145ns (DCD - SCD - CPR)
    Destination Clock Delay (DCD):    1.431ns
    Source Clock Delay      (SCD):    1.253ns
    Clock Pessimism Removal (CPR):    0.033ns

    Location             Delay type                Incr(ns)  Path(ns)    Netlist Resource(s)
  -------------------------------------------------------------------    -------------------
                         (clock clk_pl_0 rise edge)
                                                      0.000     0.000 r  
                         PS8                          0.000     0.000 r  system_i/zynq_ps/inst/PS8_i/PLCLK[0]
                         net (fo=1, unplaced)         0.122     0.122    system_i/zynq_ps/inst/pl_clk_unbuffered[0]
                         BUFG_PS (Prop_BUFG_PS_I_O)
                                                      0.017     0.139 r  system_i/zynq_ps/inst/buffer_pl_clk_0.PL_CLK_0_BUFG/O
                         net (fo=25355, unplaced)     1.114     1.253    system_i/yolo_accel/inst/u_core/u_eng/aclk
                         FDRE                                         r  system_i/yolo_accel/inst/u_core/u_eng/col_min_reg[17]/C
  -------------------------------------------------------------------    -------------------
                         FDRE (Prop_FDRE_C_Q)         0.038     1.291 r  system_i/yolo_accel/inst/u_core/u_eng/col_min_reg[17]/Q
                         net (fo=2, unplaced)         0.046     1.337    system_i/yolo_accel/inst/u_core/u_eng/col_min[17]
                         CARRY8 (Prop_CARRY8_S[1]_O[1])
                                                      0.018     1.355 r  system_i/yolo_accel/inst/u_core/u_eng/s0_ix_reg[17]_i_1/O[1]
                         net (fo=1, unplaced)         0.007     1.362    system_i/yolo_accel/inst/u_core/u_eng/s0_ix0[17]
                         FDRE                                         r  system_i/yolo_accel/inst/u_core/u_eng/s0_ix_reg[17]/D
  -------------------------------------------------------------------    -------------------

                         (clock clk_pl_0 rise edge)
                                                      0.000     0.000 r  
                         PS8                          0.000     0.000 r  system_i/zynq_ps/inst/PS8_i/PLCLK[0]
                         net (fo=1, unplaced)         0.154     0.154    system_i/zynq_ps/inst/pl_clk_unbuffered[0]
                         BUFG_PS (Prop_BUFG_PS_I_O)
                                                      0.018     0.172 r  system_i/zynq_ps/inst/buffer_pl_clk_0.PL_CLK_0_BUFG/O
                         net (fo=25355, unplaced)     1.259     1.431    system_i/yolo_accel/inst/u_core/u_eng/aclk
                         FDRE                                         r  system_i/yolo_accel/inst/u_core/u_eng/s0_ix_reg[17]/C
                         clock pessimism             -0.033     1.398    
                         FDRE (Hold_FDRE_C_D)         0.046     1.444    system_i/yolo_accel/inst/u_core/u_eng/s0_ix_reg[17]
  -------------------------------------------------------------------
                         required time                         -1.444    
                         arrival time                           1.362    
  -------------------------------------------------------------------
                         slack                                 -0.082    





Pulse Width Checks
--------------------------------------------------------------------------------------
Clock Name:         clk_pl_0
Waveform(ns):       { 0.000 2.667 }
Period(ns):         5.333
Sources:            { system_i/zynq_ps/inst/PS8_i/PLCLK[0] }

Check Type        Corner  Lib Pin          Reference Pin  Required(ns)  Actual(ns)  Slack(ns)  Location  Pin
Min Period        n/a     PS8/MAXIGP0ACLK  n/a            3.000         5.333       2.333                system_i/zynq_ps/inst/PS8_i/MAXIGP0ACLK
Low Pulse Width   Slow    PS8/MAXIGP0ACLK  n/a            1.500         2.667       1.167                system_i/zynq_ps/inst/PS8_i/MAXIGP0ACLK
High Pulse Width  Slow    PS8/MAXIGP0ACLK  n/a            1.500         2.667       1.167                system_i/zynq_ps/inst/PS8_i/MAXIGP0ACLK



