#-----------------------------------------------------------
# Vivado v2024.1 (64-bit)
# SW Build 5076996 on Wed May 22 18:37:14 MDT 2024
# IP Build 5075265 on Wed May 22 21:45:21 MDT 2024
# SharedData Build 5076995 on Wed May 22 18:29:18 MDT 2024
# Start of session at: Sun Sep 27 23:40:56 2026
# Process ID: 33428
# Current directory: D:/MPSOC_YOLO/06_vivado
# Command line: vivado.exe -mode batch -notrace -source build.tcl -log D:\MPSOC_YOLO\logs\vivado_build.log -journal D:\MPSOC_YOLO\logs\vivado_build.jou
# Log file: D:/MPSOC_YOLO/logs/vivado_build.log
# Journal file: D:\MPSOC_YOLO\logs\vivado_build.jou
# Running On        :Gaurav
# Platform          :Windows Server 2016 or Windows 10
# Operating System  :26200
# Processor Detail  :13th Gen Intel(R) Core(TM) i5-13420H
# CPU Frequency     :2611 MHz
# CPU Physical cores:8
# CPU Logical cores :12
# Host memory       :16802 MB
# Swap memory       :16275 MB
# Total Virtual     :33078 MB
# Available Virtual :2122 MB
#-----------------------------------------------------------
source build.tcl -notrace
create_project: Time (s): cpu = 00:00:17 ; elapsed = 00:00:19 . Memory (MB): peak = 911.324 ; gain = 596.109
INFO: board part xilinx.com:zcu104:part0:1.1
Wrote  : <D:\MPSOC_YOLO\06_vivado\proj\yolo_zcu104.srcs\sources_1\bd\system\system.bd> 
create_bd_cell: Time (s): cpu = 00:00:04 ; elapsed = 00:00:07 . Memory (MB): peak = 1109.379 ; gain = 163.539
INFO: [PSU-1]  DP_AUDIO clock source: RPLL is also being used by other peripheral clocks. Their outputs may get impacted if any driver changes DP_AUDIO PLL source to support runtime audio change 
INFO: [PSU-1]  DP_AUDIO clock source: RPLL is also being used by other peripheral clocks. Their outputs may get impacted if any driver changes DP_AUDIO PLL source to support runtime audio change 
INFO: [IP_Flow 19-5107] Inferred bus interface 'aclk' of definition 'xilinx.com:signal:clock:1.0' (from X_INTERFACE_INFO parameter from HDL file).
INFO: [IP_Flow 19-5107] Inferred bus interface 'aclk' of definition 'xilinx.com:signal:clock:1.0' (from 'X_INTERFACE_INFO' attribute).
INFO: [IP_Flow 19-5107] Inferred bus interface 'aresetn' of definition 'xilinx.com:signal:reset:1.0' (from X_INTERFACE_INFO parameter from HDL file).
INFO: [IP_Flow 19-5107] Inferred bus interface 'aresetn' of definition 'xilinx.com:signal:reset:1.0' (from 'X_INTERFACE_INFO' attribute).
INFO: [IP_Flow 19-5107] Inferred bus interface 'irq' of definition 'xilinx.com:signal:interrupt:1.0' (from X_INTERFACE_INFO parameter from HDL file).
INFO: [IP_Flow 19-5107] Inferred bus interface 'irq' of definition 'xilinx.com:signal:interrupt:1.0' (from 'X_INTERFACE_INFO' attribute).
INFO: [IP_Flow 19-5107] Inferred bus interface 'm_axi' of definition 'xilinx.com:interface:aximm:1.0' (from Xilinx Repository).
INFO: [IP_Flow 19-5107] Inferred bus interface 's_axi' of definition 'xilinx.com:interface:aximm:1.0' (from Xilinx Repository).
INFO: [IP_Flow 19-4728] Bus Interface 'aclk': Added interface parameter 'ASSOCIATED_BUSIF' with value 'm_axi'.
INFO: [IP_Flow 19-4728] Bus Interface 'aclk': Added interface parameter 'ASSOCIATED_RESET' with value 'aresetn'.
INFO: [IP_Flow 19-4728] Bus Interface 'aclk': Added interface parameter 'FREQ_HZ' with value '200000000'.
INFO: [IP_Flow 19-4728] Bus Interface 'aresetn': Added interface parameter 'POLARITY' with value 'ACTIVE_LOW'.
INFO: [IP_Flow 19-4728] Bus Interface 'irq': Added interface parameter 'SENSITIVITY' with value 'LEVEL_HIGH'.
INFO: [IP_Flow 19-7067] Note that bus interface 'aclk' has a fixed FREQ_HZ of '200000000'. This value will be respected whenever this IP is instantiated in IP Integrator.
INFO: [BD 41-3093] Triggering Legacy Auto Assign Algorithm
Slave segment '/zynq_ps/SAXIGP2/HP0_DDR_LOW' is being assigned into address space '/yolo_accel/m_axi' at <0x0000_0000 [ 2G ]>.
Slave segment '/zynq_ps/SAXIGP2/HP0_QSPI' is being assigned into address space '/yolo_accel/m_axi' at <0xC000_0000 [ 512M ]>.
Slave segment '/yolo_accel/s_axi/reg0' is being assigned into address space '/zynq_ps/Data' at <0xA000_0000 [ 4K ]>.
Slave segment '/zynq_ps/SAXIGP2/HP0_LPS_OCM' is being assigned into address space '/yolo_accel/m_axi' at <0xFF00_0000 [ 16M ]>.
Excluding slave segment /zynq_ps/SAXIGP2/HP0_QSPI from address space /yolo_accel/m_axi.
Excluding slave segment /zynq_ps/SAXIGP2/HP0_LPS_OCM from address space /yolo_accel/m_axi.
WARNING: [BD 41-1629] Slave segment </zynq_ps/SAXIGP2/HP0_QSPI> is excluded from all addressing paths.
WARNING: [BD 41-1629] Slave segment </zynq_ps/SAXIGP2/HP0_LPS_OCM> is excluded from all addressing paths.
Excluding slave segment /zynq_ps/SAXIGP2/HP0_LPS_OCM from address space /yolo_accel/m_axi.
Excluding slave segment /zynq_ps/SAXIGP2/HP0_QSPI from address space /yolo_accel/m_axi.
Excluding slave segment /zynq_ps/SAXIGP2/HP0_LPS_OCM from address space /yolo_accel/m_axi.
Excluding slave segment /zynq_ps/SAXIGP2/HP0_QSPI from address space /yolo_accel/m_axi.
INFO: [PSU-1]  DP_AUDIO clock source: RPLL is also being used by other peripheral clocks. Their outputs may get impacted if any driver changes DP_AUDIO PLL source to support runtime audio change 
CRITICAL WARNING: [xilinx.com:ip:smartconnect:1.0-1] system_sc_ctrl_0: The device(s) attached to /M00_AXI do not share a common clock frequency with this smartconnect instance. Modify the clock frequency values of the attached device(s) or re-customize this AXI SmartConnect instance to add a new clock pin and connect it to the same clock source of the IP attached to /M00_AXI to prevent further clock DRC violations.
INFO: [BD 5-943] Reserving offset range <0xA000_0000 [ 4K ]> from slave interface '/sc_ctrl/S00_AXI' to master interface '/sc_ctrl/M00_AXI'. This will be used by smartconnect on path for routing.
INFO: [xilinx.com:ip:smartconnect:1.0-1] system_sc_ctrl_0: SmartConnect system_sc_ctrl_0 is in Low-Area Mode.
WARNING: [xilinx.com:ip:smartconnect:1.0-1] system_sc_ctrl_0: IP system_sc_ctrl_0 is configured in Low-area mode as all propagated traffic is low-bandwidth (AXI4LITE). SI S00_AXI has property HAS_BURST == 1. WRAP bursts are not supported in Low-area mode and will result in DECERR if received.
WARNING: [xilinx.com:ip:smartconnect:1.0-1] system_sc_ctrl_0: If WRAP transactions are required then turn off Low-area mode using ADVANCED_PROPERTIES. Execute following: set_property CONFIG.ADVANCED_PROPERTIES {__experimental_features__ {disable_low_area_mode 1}} [get_bd_cells /system_sc_ctrl_0]
CRITICAL WARNING: [xilinx.com:ip:smartconnect:1.0-1] system_sc_mem_0: The device(s) attached to /S00_AXI do not share a common clock frequency with this smartconnect instance. Modify the clock frequency values of the attached device(s) or re-customize this AXI SmartConnect instance to add a new clock pin and connect it to the same clock source of the IP attached to /S00_AXI to prevent further clock DRC violations.
INFO: [BD 5-943] Reserving offset range <0x0000_0000 [ 2G ]> from slave interface '/sc_mem/S00_AXI' to master interface '/sc_mem/M00_AXI'. This will be used by smartconnect on path for routing.
INFO: [xilinx.com:ip:smartconnect:1.0-1] system_sc_mem_0: SmartConnect system_sc_mem_0 is in High-performance Mode.
Excluding slave segment /zynq_ps/SAXIGP2/HP0_LPS_OCM from address space /yolo_accel/m_axi.
Excluding slave segment /zynq_ps/SAXIGP2/HP0_QSPI from address space /yolo_accel/m_axi.
Excluding slave segment /zynq_ps/SAXIGP2/HP0_LPS_OCM from address space /yolo_accel/m_axi.
Excluding slave segment /zynq_ps/SAXIGP2/HP0_QSPI from address space /yolo_accel/m_axi.
ERROR: [BD 41-237] Bus Interface property FREQ_HZ does not match between /sc_mem/S00_AXI(187500000) and /yolo_accel/m_axi(200000000)
ERROR: [BD 41-237] Bus Interface property FREQ_HZ does not match between /yolo_accel/s_axi(200000000) and /sc_ctrl/M00_AXI(187500000)
ERROR: [BD 41-238] Port/Pin property FREQ_HZ does not match between /yolo_accel/aclk(200000000) and /zynq_ps/pl_clk0(187500000)
WARNING: [BD 41-237] Bus Interface property AWUSER_WIDTH does not match between /zynq_ps/S_AXI_HP0_FPD(1) and /sc_mem/M00_AXI(0)
WARNING: [BD 41-237] Bus Interface property ARUSER_WIDTH does not match between /zynq_ps/S_AXI_HP0_FPD(1) and /sc_mem/M00_AXI(0)
validate_bd_design: Time (s): cpu = 00:00:05 ; elapsed = 00:00:07 . Memory (MB): peak = 1143.883 ; gain = 34.504
ERROR: [Common 17-39] 'validate_bd_design' failed due to earlier errors.

    while executing
"validate_bd_design"
    (file "build.tcl" line 70)
INFO: [Common 17-206] Exiting Vivado at Sun Sep 27 23:41:42 2026...
