#-----------------------------------------------------------
# Vivado v2024.1 (64-bit)
# SW Build 5076996 on Wed May 22 18:37:14 MDT 2024
# IP Build 5075265 on Wed May 22 21:45:21 MDT 2024
# SharedData Build 5076995 on Wed May 22 18:29:18 MDT 2024
# Start of session at: Mon Sep 28 00:41:22 2026
# Process ID: 6056
# Current directory: D:/MPSOC_YOLO/06_vivado
# Command line: vivado.exe -mode batch -notrace -source build.tcl -log D:\MPSOC_YOLO\logs\vivado_build.log -journal D:\MPSOC_YOLO\logs\vivado_build.jou
# Log file: D:/MPSOC_YOLO/logs/vivado_build.log
# Journal file: D:\MPSOC_YOLO\logs\vivado_build.jou
# Running On        :Gaurav
# Platform          :Windows Server 2016 or Windows 10
# Operating System  :26200
# Processor Detail  :13th Gen Intel(R) Core(TM) i5-13420H
# CPU Frequency     :2611 MHz
# CPU Physical cores:8
# CPU Logical cores :12
# Host memory       :16802 MB
# Swap memory       :16275 MB
# Total Virtual     :33078 MB
# Available Virtual :2755 MB
#-----------------------------------------------------------
source build.tcl -notrace
create_project: Time (s): cpu = 00:00:15 ; elapsed = 00:00:20 . Memory (MB): peak = 911.254 ; gain = 598.320
INFO: board part xilinx.com:zcu104:part0:1.1
couldn't read file "C:/Xilinx/Vivado/2024.1/data/rsb/busdef/AXIMM/busdef.tcl": no such file or directory
ERROR: [BD 41-69] Error sourcing TCL script: couldn't read file "C:/Xilinx/Vivado/2024.1/data/rsb/busdef/AXIMM/busdef.tcl": no such file or directory
    while executing
"source -notrace {C:/Xilinx/Vivado/2024.1/data/rsb/busdef/AXIMM/busdef.tcl} "
    (in namespace eval "::xilinx.com_interface_aximm_1.0" script line 1)
    invoked from within
"namespace eval ::xilinx.com_interface_aximm_1.0 { source -notrace {C:/Xilinx/Vivado/2024.1/data/rsb/busdef/AXIMM/busdef.tcl} }"
Wrote  : <D:\MPSOC_YOLO\06_vivado\proj\yolo_zcu104.srcs\sources_1\bd\system\system.bd> 
ERROR: [Common 17-39] 'create_bd_design' failed due to earlier errors.

    while executing
"create_bd_design system"
    (file "build.tcl" line 27)
INFO: [Common 17-206] Exiting Vivado at Mon Sep 28 00:41:59 2026...
